Microchip MPLAB XC8 Compiler V2.00 ()

Linker command line:

-W-3 --edf=C:\Program Files (x86)\Microchip\xc8\v2.00\pic\dat\en_msgs.txt \
  -cs -h+dist/default/debug\PICtris.X.debug.sym \
  --cmf=dist/default/debug\PICtris.X.debug.cmf -z -Q18F4520 \
  -oC:\Users\ryan\AppData\Local\Temp\sc5o.2 --defsym=__MPLAB_BUILD=1 \
  -Mdist/default/debug/PICtris.X.debug.map -E1 -ver=XC8 --acfsm=1493 \
  -ASTACK=0285h-05f3h -pstack=STACK -ACODE=00h-07DBFh -ACONST=00h-07DBFh \
  -ASMALLCONST=0600h-06FFhx119,07D00h-07DBFh -AMEDIUMCONST=0600h-07DBFh \
  -ACOMRAM=01h-07Fh -AABS1=00h-05F3h -ABIGRAM=01h-05F3h \
  -ARAM=080h-0FFh,0100h-01FFhx4,0500h-05F3h -ABANK0=080h-0FFh \
  -ABANK1=0100h-01FFh -ABANK2=0200h-02FFh -ABANK3=0300h-03FFh \
  -ABANK4=0400h-04FFh -ABANK5=0500h-05F3h \
  -ASFR=0F80h-0F9Bh,0F9Dh-0FD3h,0FD5h-0FDAh,0FE0h-0FE2h,0FE8h-0FEAh,0FF0h-0FFCh \
  -preset_vec=00h,intcode=08h,intcodelo,powerup,init -pramtop=0600h \
  -psmallconst=SMALLCONST -pmediumconst=MEDIUMCONST -pconst=CONST \
  -AFARRAM=00h-00h -ACONFIG=0300000h-030000Dh -pconfig=CONFIG \
  -AIDLOC=0200000h-0200007h -pidloc=IDLOC -AEEDATA=0F00000h-0F000FFh \
  -peeprom_data=EEDATA \
  -prdata=COMRAM,nvrram=COMRAM,nvbit=COMRAM,rbss=COMRAM,rbit=COMRAM \
  -pfarbss=FARRAM,fardata=FARRAM,nvFARRAM=FARRAM \
  -pintsave_regs=BIGRAM,bigbss=BIGRAM,bigdata=BIGRAM -pbss=RAM \
  -pidata=CODE,irdata=CODE,ibigdata=CODE,ifardata=CODE -prparam=COMRAM \
  C:\Users\ryan\AppData\Local\Temp\sc5o.o \
  dist/default/debug\PICtris.X.debug.o 

Object code version is 3.11

Machine type is 18F4520

Call graph: (short form)




                Name                               Link     Load   Length Selector   Space Scale
C:\Users\ryan\AppData\Local\Temp\sc5o.o
                init                                  E        E        4        4       0
                reset_vec                             0        0        4        0       0
                idloc                            200000   200000        8   200000       0
                config                           300000   300000        E   300000       0
dist/default/debug\PICtris.X.debug.o
                intcode                               8        8        6        4       0
                temp                                 6D       6D        1        1       1
                smallconst                          600      600       D2      300       0
                text36                             19AC     19AC       42      B21       0
                text35                             1736     1736       6E      B21       0
                intcode_body                        ACC      ACC      18C      369       0
                text33                             1A7C     1A7C       1E      B21       0
                text32                             196A     196A       42      B21       0
                text31                             1924     1924       46      B21       0
                text30                             1B06     1B06       10      B21       0
                text29                             180E     180E       68      B21       0
                text28                             1A22     1A22       34      B21       0
                text27                             1B16     1B16        C      B21       0
                text26                             1AF6     1AF6       10      B21       0
                text25                             1B36     1B36        6      B21       0
                text24                              DDC      DDC      13E      369       0
                text23                              8E4      8E4      1E8      369       0
                text22                             1ACE     1ACE       18      B21       0
                text21                             1A9A     1A9A       1C      B21       0
                text20                             19EE     19EE       34      B21       0
                text19                             1876     1876       58      B21       0
                text18                             1228     1228       DE      369       0
                text17                              C58      C58      184      369       0
                text16                             16C6     16C6       70      B21       0
                text15                             1A56     1A56       26      B21       0
                text14                             18CE     18CE       56      B21       0
                text13                             148E     148E       A8      369       0
                text12                             1148     1148       E0      369       0
                text11                              F1A      F1A      13C      369       0
                text10                             1B30     1B30        6      B21       0
                text9                              17A4     17A4       6A      B21       0
                text8                              1B2A     1B2A        6      B21       0
                text7                               6D2      6D2      212      369       0
                text6                              1056     1056       F2      369       0
                text5                              1536     1536       86      369       0
                text4                              1306     1306       DC      369       0
                text3                              1B3C     1B3C        2      B21       0
                text2                              13E2     13E2       AC      369       0
                text1                              1B22     1B22        8      B21       0
                text0                              1AB6     1AB6       18      B21       0
                cstackCOMRAM                         45       45       27        1       1
                cstackBANK0                          A0       A0        8       80       1
                dataBANK2                           200      200       85      200       1
                bssBANK1                            100      100       C8      100       1
                dataBANK0                            90       90       10       80       1
                bssBANK0                             80       80       10       80       1
                dataCOMRAM                           6C       6C        1        1       1
                bssCOMRAM                             1        1       44        1       1
                cinit                              1642     1642       84      B21       0
                idataBANK2                         15BC     15BC       85      369       0
                idataBANK0                         1AE6     1AE6       10      B21       0
                idataCOMRAM                        1B3E     1B3E        1      B21       0

TOTAL           Name                               Link     Load   Length     Space
        CLASS   STACK          

        CLASS   CODE           
                intcode                               8        8        6         0
                init                                  E        E        4         0
                reset_vec                             0        0        4         0
                text36                             19AC     19AC       42         0
                text35                             1736     1736       6E         0
                intcode_body                        ACC      ACC      18C         0
                text33                             1A7C     1A7C       1E         0
                text32                             196A     196A       42         0
                text31                             1924     1924       46         0
                text30                             1B06     1B06       10         0
                text29                             180E     180E       68         0
                text28                             1A22     1A22       34         0
                text27                             1B16     1B16        C         0
                text26                             1AF6     1AF6       10         0
                text25                             1B36     1B36        6         0
                text24                              DDC      DDC      13E         0
                text23                              8E4      8E4      1E8         0
                text22                             1ACE     1ACE       18         0
                text21                             1A9A     1A9A       1C         0
                text20                             19EE     19EE       34         0
                text19                             1876     1876       58         0
                text18                             1228     1228       DE         0
                text17                              C58      C58      184         0
                text16                             16C6     16C6       70         0
                text15                             1A56     1A56       26         0
                text14                             18CE     18CE       56         0
                text13                             148E     148E       A8         0
                text12                             1148     1148       E0         0
                text11                              F1A      F1A      13C         0
                text10                             1B30     1B30        6         0
                text9                              17A4     17A4       6A         0
                text8                              1B2A     1B2A        6         0
                text7                               6D2      6D2      212         0
                text6                              1056     1056       F2         0
                text5                              1536     1536       86         0
                text4                              1306     1306       DC         0
                text3                              1B3C     1B3C        2         0
                text2                              13E2     13E2       AC         0
                text1                              1B22     1B22        8         0
                text0                              1AB6     1AB6       18         0
                cinit                              1642     1642       84         0
                idataBANK2                         15BC     15BC       85         0
                idataBANK0                         1AE6     1AE6       10         0
                idataCOMRAM                        1B3E     1B3E        1         0

        CLASS   CONST          

        CLASS   SMALLCONST     
                smallconst                          600      600       D2         0

        CLASS   MEDIUMCONST    

        CLASS   COMRAM         
                temp                                 6D       6D        1         1
                cstackCOMRAM                         45       45       27         1
                dataCOMRAM                           6C       6C        1         1
                bssCOMRAM                             1        1       44         1

        CLASS   ABS1           

        CLASS   BIGRAM         

        CLASS   RAM            

        CLASS   BANK0          
                cstackBANK0                          A0       A0        8         1
                dataBANK0                            90       90       10         1
                bssBANK0                             80       80       10         1

        CLASS   BANK1          
                bssBANK1                            100      100       C8         1

        CLASS   BANK2          
                dataBANK2                           200      200       85         1

        CLASS   BANK3          

        CLASS   BANK4          

        CLASS   BANK5          

        CLASS   SFR            

        CLASS   FARRAM         

        CLASS   CONFIG         
                config                           300000   300000        E         0

        CLASS   IDLOC          
                idloc                            200000   200000        8         0

        CLASS   EEDATA         



SEGMENTS        Name                           Load    Length   Top    Selector   Space  Class

                reset_vec                      000000  000004  000004         0       0  CODE    
                bssCOMRAM                      000001  00006D  00006E         1       1  COMRAM  
                intcode                        000008  00000A  000012         4       0  CODE    
                bssBANK0                       000080  000028  0000A8        80       1  BANK0   
                bssBANK1                       000100  0000C8  0001C8       100       1  BANK1   
                dataBANK2                      000200  000085  000285       200       1  BANK2   
                smallconst                     000600  0000D2  0006D2       300       0  SMALLCON
                text7                          0006D2  000F6F  001641       369       0  CODE    
                cinit                          001642  0004FD  001B3F       B21       0  CODE    
                idloc                          200000  000008  200008    200000       0  IDLOC   
                config                         300000  00000E  30000E    300000       0  CONFIG  


UNUSED ADDRESS RANGES

        Name                Unused          Largest block    Delta
        BANK0            0000A8-0000FF               58
        BANK1            0001C8-0001FF               38
        BANK2            000285-0002FF               7B
        BANK3            000300-0003FF              100
        BANK4            000400-0004FF              100
        BANK5            000500-0005F3               F4
        BIGRAM           00006E-00007F               12
                         0000A8-0000FF               58
                         0001C8-0001FF               38
                         000285-0005F3              36F
        CODE             000004-000007                4
                         000012-0005FF              5EE
                         001641-001641                1
                         001B3F-007DBF             6281
        COMRAM           00006E-00007F               12
        CONST            000004-000007                4
                         000012-0005FF              5EE
                         001641-001641                1
                         001B3F-007DBF             6281
        EEDATA           F00000-F000FF              100
        MEDIUMCONST      001641-001641                1
                         001B3F-007DBF             6281
        RAM              0000A8-0000FF               58
                         0001C8-0001FF               38
                         000285-0005F3              100
        SFR              000F80-000F9B               1C
                         000F9D-000FD3               37
                         000FD5-000FDA                6
                         000FE0-000FE2                3
                         000FE8-000FEA                3
                         000FF0-000FFC                D
        SMALLCONST       001641-001641                1
                         001B3F-007DBF              100
        STACK            000285-0005F3              36F

                                  Symbol Table

?___awmod                     cstackCOMRAM 000057
?___lwmod                     cstackCOMRAM 000045
?___wmul                      cstackCOMRAM 00005D
CreateBerry@i                 cstackCOMRAM 00005F
CreateBerry@randomGood        cstackCOMRAM 00005E
MoveSnakes@i                  cstackBANK0  0000A0
SnakeGraph@i                  cstackCOMRAM 000063
SnakeGraph@j                  cstackCOMRAM 000062
_ADCON1bits                   (abs)        000FC1
_BackgroundData               bssCOMRAM    000018
_CheckForNewLines             bssCOMRAM    000011
_CreateBerry                  text29       00180E
_DDRA                         (abs)        000F92
_DDRB                         (abs)        000F93
_DDRC                         (abs)        000F94
_DDRD                         (abs)        000F95
_Down_Debounced               bssCOMRAM    000041
_Down_Delay                   bssCOMRAM    000038
_DropObject                   bssCOMRAM    000010
_EndOfGame                    bssCOMRAM    000012
_GIE                          (abs)        007F97
_INTCON2bits                  (abs)        000FF1
_INTCONbits                   (abs)        000FF2
_IPEN                         (abs)        007E87
_InterruptComplete            bssCOMRAM    000005
_IsRotated                    bssCOMRAM    000013
_LastHighScore                bssCOMRAM    000014
_Left_Debounced               bssCOMRAM    000044
_Left_Delay                   bssCOMRAM    00003E
_LimitedRotation              bssCOMRAM    000016
_MoveSnakes                   text23       0008E4
_Number                       smallconst   000621
_NumberOfLines                bssCOMRAM    000015
_OSCCONbits                   (abs)        000FD3
_ObjectData                   bssCOMRAM    000028
_OriginX                      bssCOMRAM    00000F
_OriginY                      bssCOMRAM    00000E
_PORTA                        (abs)        000F80
_PORTB                        (abs)        000F81
_PORTBbits                    (abs)        000F81
_PORTC                        (abs)        000F82
_PORTD                        (abs)        000F83
_PSA                          (abs)        007EAB
_Right_Debounced              bssCOMRAM    000043
_Right_Delay                  bssCOMRAM    00003C
_Rotate_Debounced             bssCOMRAM    000042
_Rotate_Delay                 bssCOMRAM    00003A
_SnakeGraph                   text24       000DDC
_SnakeGraph$461               cstackCOMRAM 000060
_SnakeGraph$462               cstackCOMRAM 000061
_SnakeYtext                   smallconst   000601
_T0CONbits                    (abs)        000FD5
_T0CS                         (abs)        007EAD
_TETRIS                       smallconst   0006C1
_TMR0                         (abs)        000FD6
_TMR0IE                       (abs)        007F95
_TMR0ON                       (abs)        007EAF
_UpdateScreen                 bssCOMRAM    000006
__CFG_BOREN$SBORDIS           (abs)        000000
__CFG_BORV$3                  (abs)        000000
__CFG_CCP2MX$PORTC            (abs)        000000
__CFG_CP0$OFF                 (abs)        000000
__CFG_CP1$OFF                 (abs)        000000
__CFG_CP2$OFF                 (abs)        000000
__CFG_CP3$OFF                 (abs)        000000
__CFG_CPB$OFF                 (abs)        000000
__CFG_CPD$OFF                 (abs)        000000
__CFG_EBTR0$OFF               (abs)        000000
__CFG_EBTR1$OFF               (abs)        000000
__CFG_EBTR2$OFF               (abs)        000000
__CFG_EBTR3$OFF               (abs)        000000
__CFG_EBTRB$OFF               (abs)        000000
__CFG_FCMEN$OFF               (abs)        000000
__CFG_IESO$OFF                (abs)        000000
__CFG_LPT1OSC$OFF             (abs)        000000
__CFG_LVP$OFF                 (abs)        000000
__CFG_MCLRE$ON                (abs)        000000
__CFG_OSC$INTIO67             (abs)        000000
__CFG_PBADEN$OFF              (abs)        000000
__CFG_PWRT$OFF                (abs)        000000
__CFG_STVREN$ON               (abs)        000000
__CFG_WDT$OFF                 (abs)        000000
__CFG_WDTPS$32768             (abs)        000000
__CFG_WRT0$OFF                (abs)        000000
__CFG_WRT1$OFF                (abs)        000000
__CFG_WRT2$OFF                (abs)        000000
__CFG_WRT3$OFF                (abs)        000000
__CFG_WRTB$OFF                (abs)        000000
__CFG_WRTC$OFF                (abs)        000000
__CFG_WRTD$OFF                (abs)        000000
__CFG_XINST$OFF               (abs)        000000
__HRAM                        (abs)        000000
__Habs1                       abs1         000000
__Hbank0                      bank0        000000
__Hbank1                      bank1        000000
__Hbank2                      bank2        000000
__Hbank3                      bank3        000000
__Hbank4                      bank4        000000
__Hbank5                      bank5        000000
__Hbigbss                     bigbss       000000
__Hbigdata                    bigdata      000000
__Hbigram                     bigram       000000
__Hbss                        bss          000000
__HbssBANK0                   bssBANK0     000000
__HbssBANK1                   bssBANK1     000000
__HbssCOMRAM                  bssCOMRAM    000000
__Hcinit                      cinit        000000
__Hclrtext                    clrtext      000000
__Hcomram                     comram       000000
__Hconfig                     config       30000E
__Hconst                      const        000000
__HcstackBANK0                cstackBANK0  000000
__HcstackCOMRAM               cstackCOMRAM 000000
__Hdata                       data         000000
__HdataBANK0                  dataBANK0    000000
__HdataBANK2                  dataBANK2    000000
__HdataCOMRAM                 dataCOMRAM   000000
__Heeprom_data                eeprom_data  000000
__Hfarbss                     farbss       000000
__Hfardata                    fardata      000000
__Hibigdata                   ibigdata     000000
__Hidata                      idata        000000
__HidataBANK0                 idataBANK0   000000
__HidataBANK2                 idataBANK2   000000
__HidataCOMRAM                idataCOMRAM  000000
__Hidloc                      idloc        200008
__Hifardata                   ifardata     000000
__Hinit                       init         000012
__Hintcode                    intcode      00000E
__Hintcode_body               intcode_body 000000
__Hintcodelo                  intcodelo    00000E
__Hintentry                   intentry     000000
__Hintret                     intret       000000
__Hintsave_regs               intsave_regs 000000
__Hirdata                     irdata       000000
__Hmediumconst                mediumconst  000000
__HnvFARRAM                   nvFARRAM     000000
__Hnvbit                      nvbit        000000
__Hnvrram                     nvrram       000000
__Hparam                      rparam       000000
__Hpowerup                    powerup      00000E
__Hram                        ram          000000
__Hramtop                     ramtop       000600
__Hrbit                       rbit         000000
__Hrbss                       rbss         000000
__Hrdata                      rdata        000000
__Hreset_vec                  reset_vec    000004
__Hrparam                     rparam       000000
__Hsfr                        sfr          000000
__Hsmallconst                 smallconst   0006D2
__Hspace_0                    (abs)        30000E
__Hspace_1                    (abs)        000285
__Hspace_2                    (abs)        000000
__Hstack                      stack        000000
__Hstruct                     struct       000000
__Htemp                       temp         00006E
__Htext                       text         000000
__Htext0                      text0        000000
__Htext1                      text1        000000
__Htext10                     text10       000000
__Htext11                     text11       000000
__Htext12                     text12       000000
__Htext13                     text13       000000
__Htext14                     text14       000000
__Htext15                     text15       000000
__Htext16                     text16       000000
__Htext17                     text17       000000
__Htext18                     text18       000000
__Htext19                     text19       000000
__Htext2                      text2        000000
__Htext20                     text20       000000
__Htext21                     text21       000000
__Htext22                     text22       000000
__Htext23                     text23       000000
__Htext24                     text24       000000
__Htext25                     text25       000000
__Htext26                     text26       000000
__Htext27                     text27       000000
__Htext28                     text28       000000
__Htext29                     text29       000000
__Htext3                      text3        000000
__Htext30                     text30       000000
__Htext31                     text31       000000
__Htext32                     text32       000000
__Htext33                     text33       000000
__Htext35                     text35       000000
__Htext36                     text36       000000
__Htext4                      text4        000000
__Htext5                      text5        000000
__Htext6                      text6        000000
__Htext7                      text7        000000
__Htext8                      text8        000000
__Htext9                      text9        000000
__LRAM                        (abs)        000001
__Labs1                       abs1         000000
__Lbank0                      bank0        000000
__Lbank1                      bank1        000000
__Lbank2                      bank2        000000
__Lbank3                      bank3        000000
__Lbank4                      bank4        000000
__Lbank5                      bank5        000000
__Lbigbss                     bigbss       000000
__Lbigdata                    bigdata      000000
__Lbigram                     bigram       000000
__Lbss                        bss          000000
__LbssBANK0                   bssBANK0     000000
__LbssBANK1                   bssBANK1     000000
__LbssCOMRAM                  bssCOMRAM    000000
__Lcinit                      cinit        000000
__Lclrtext                    clrtext      000000
__Lcomram                     comram       000000
__Lconfig                     config       300000
__Lconst                      const        000000
__LcstackBANK0                cstackBANK0  000000
__LcstackCOMRAM               cstackCOMRAM 000000
__Ldata                       data         000000
__LdataBANK0                  dataBANK0    000000
__LdataBANK2                  dataBANK2    000000
__LdataCOMRAM                 dataCOMRAM   000000
__Leeprom_data                eeprom_data  000000
__Lfarbss                     farbss       000000
__Lfardata                    fardata      000000
__Libigdata                   ibigdata     000000
__Lidata                      idata        000000
__LidataBANK0                 idataBANK0   000000
__LidataBANK2                 idataBANK2   000000
__LidataCOMRAM                idataCOMRAM  000000
__Lidloc                      idloc        200000
__Lifardata                   ifardata     000000
__Linit                       init         00000E
__Lintcode                    intcode      000008
__Lintcode_body               intcode_body 000000
__Lintcodelo                  intcodelo    00000E
__Lintentry                   intentry     000000
__Lintret                     intret       000000
__Lintsave_regs               intsave_regs 000000
__Lirdata                     irdata       000000
__Lmediumconst                mediumconst  000000
__LnvFARRAM                   nvFARRAM     000000
__Lnvbit                      nvbit        000000
__Lnvrram                     nvrram       000000
__Lparam                      rparam       000000
__Lpowerup                    powerup      00000E
__Lram                        ram          000000
__Lramtop                     ramtop       000600
__Lrbit                       rbit         000000
__Lrbss                       rbss         000000
__Lrdata                      rdata        000000
__Lreset_vec                  reset_vec    000000
__Lrparam                     rparam       000000
__Lsfr                        sfr          000000
__Lsmallconst                 smallconst   000600
__Lspace_0                    (abs)        000000
__Lspace_1                    (abs)        000000
__Lspace_2                    (abs)        000000
__Lstack                      stack        000000
__Lstruct                     struct       000000
__Ltemp                       temp         00006D
__Ltext                       text         000000
__Ltext0                      text0        000000
__Ltext1                      text1        000000
__Ltext10                     text10       000000
__Ltext11                     text11       000000
__Ltext12                     text12       000000
__Ltext13                     text13       000000
__Ltext14                     text14       000000
__Ltext15                     text15       000000
__Ltext16                     text16       000000
__Ltext17                     text17       000000
__Ltext18                     text18       000000
__Ltext19                     text19       000000
__Ltext2                      text2        000000
__Ltext20                     text20       000000
__Ltext21                     text21       000000
__Ltext22                     text22       000000
__Ltext23                     text23       000000
__Ltext24                     text24       000000
__Ltext25                     text25       000000
__Ltext26                     text26       000000
__Ltext27                     text27       000000
__Ltext28                     text28       000000
__Ltext29                     text29       000000
__Ltext3                      text3        000000
__Ltext30                     text30       000000
__Ltext31                     text31       000000
__Ltext32                     text32       000000
__Ltext33                     text33       000000
__Ltext35                     text35       000000
__Ltext36                     text36       000000
__Ltext4                      text4        000000
__Ltext5                      text5        000000
__Ltext6                      text6        000000
__Ltext7                      text7        000000
__Ltext8                      text8        000000
__Ltext9                      text9        000000
__S0                          (abs)        30000E
__S1                          (abs)        000285
__S2                          (abs)        000000
___awmod                      text16       0016C6
___awmod@counter              cstackCOMRAM 00005B
___awmod@dividend             cstackCOMRAM 000057
___awmod@divisor              cstackCOMRAM 000059
___awmod@sign                 cstackCOMRAM 00005C
___inthi_sp                   stack        000000
___intlo_sp                   stack        000000
___lwmod                      text36       0019AC
___lwmod@counter              cstackCOMRAM 000049
___lwmod@dividend             cstackCOMRAM 000045
___lwmod@divisor              cstackCOMRAM 000047
___param_bank                 (abs)        000000
___rparam_used                (abs)        000001
___sp                         stack        000000
___wmul                       text15       001A56
___wmul@multiplicand          cstackCOMRAM 00005F
___wmul@multiplier            cstackCOMRAM 00005D
___wmul@product               cstackCOMRAM 000061
__accesstop                   (abs)        000080
__activetblptr                (abs)        000002
__end_of_CreateBerry          text29       001876
__end_of_MoveSnakes           text23       000ACC
__end_of_Number               smallconst   0006C1
__end_of_SnakeGraph           text24       000F1A
__end_of_SnakeYtext           smallconst   000621
__end_of_TETRIS               smallconst   0006D1
__end_of___awmod              text16       001736
__end_of___lwmod              text36       0019EE
__end_of___wmul               text15       001A7C
__end_of__initialization      cinit        0016B8
__end_of_checkButtons         text7        0008E4
__end_of_checkForBottom       text20       001A22
__end_of_checkForLeftWall     text22       001AE6
__end_of_checkForLines        text5        0015BC
__end_of_checkForRightWall    text21       001AB6
__end_of_clearArray           text28       001A56
__end_of_collisionDetect      text19       0018CE
__end_of_debounceButton       text35       0017A4
__end_of_genBerry             text30       001B16
__end_of_initialise_TMR0      text33       001A9A
__end_of_initialise_globals   text4        0013E2
__end_of_initialise_hardware  text32       0019AC
__end_of_isr                  intcode_body 000C58
__end_of_main                 text0        001ACE
__end_of_mainGameLoop         text2        00148E
__end_of_memcpy               text14       001924
__end_of_mergeObjects         text18       001306
__end_of_moveObject           text17       000DDC
__end_of_moveObjectDown       text12       001228
__end_of_newRotation          text11       001056
__end_of_pauseButtons         text10       001B36
__end_of_pauseMultiplexing    text26       001B06
__end_of_pixelCount           text9        00180E
__end_of_removeLine           text6        001148
__end_of_resumeButtons        text8        001B30
__end_of_resumeMultiplexing   text25       001B3C
__end_of_rnd_get_num          text31       00196A
__end_of_rnd_initialize       text1        001B2A
__end_of_selectNextObject     text13       001536
__end_of_waitForInterrupt     text27       001B22
__end_of_writeHighScore       text3        001B3E
__initialization              cinit        001642
__lfsr                        dataCOMRAM   00006C
__mediumconst                 mediumconst  000000
__pbssBANK0                   bssBANK0     000080
__pbssBANK1                   bssBANK1     000100
__pbssCOMRAM                  bssCOMRAM    000001
__pcinit                      cinit        001642
__pcstackBANK0                cstackBANK0  0000A0
__pcstackCOMRAM               cstackCOMRAM 000045
__pdataBANK0                  dataBANK0    000090
__pdataBANK2                  dataBANK2    000200
__pdataCOMRAM                 dataCOMRAM   00006C
__pidataBANK0                 idataBANK0   001AE6
__pidataBANK2                 idataBANK2   0015BC
__pidataCOMRAM                idataCOMRAM  001B3E
__pintcode                    intcode      000008
__pintcode_body               intcode_body 000ACC
__psmallconst                 smallconst   000600
__ptext0                      text0        001AB6
__ptext1                      text1        001B22
__ptext10                     text10       001B30
__ptext11                     text11       000F1A
__ptext12                     text12       001148
__ptext13                     text13       00148E
__ptext14                     text14       0018CE
__ptext15                     text15       001A56
__ptext16                     text16       0016C6
__ptext17                     text17       000C58
__ptext18                     text18       001228
__ptext19                     text19       001876
__ptext2                      text2        0013E2
__ptext20                     text20       0019EE
__ptext21                     text21       001A9A
__ptext22                     text22       001ACE
__ptext23                     text23       0008E4
__ptext24                     text24       000DDC
__ptext25                     text25       001B36
__ptext26                     text26       001AF6
__ptext27                     text27       001B16
__ptext28                     text28       001A22
__ptext29                     text29       00180E
__ptext3                      text3        001B3C
__ptext30                     text30       001B06
__ptext31                     text31       001924
__ptext32                     text32       00196A
__ptext33                     text33       001A7C
__ptext35                     text35       001736
__ptext36                     text36       0019AC
__ptext4                      text4        001306
__ptext5                      text5        001536
__ptext6                      text6        001056
__ptext7                      text7        0006D2
__ptext8                      text8        001B2A
__ptext9                      text9        0017A4
__ramtop                      ramtop       000600
__size_of_CreateBerry         (abs)        000000
__size_of_MoveSnakes          (abs)        000000
__size_of_SnakeGraph          (abs)        000000
__size_of___awmod             (abs)        000000
__size_of___lwmod             (abs)        000000
__size_of___wmul              (abs)        000000
__size_of_checkButtons        (abs)        000000
__size_of_checkForBottom      (abs)        000000
__size_of_checkForLeftWall    (abs)        000000
__size_of_checkForLines       (abs)        000000
__size_of_checkForRightWall   (abs)        000000
__size_of_clearArray          (abs)        000000
__size_of_collisionDetect     (abs)        000000
__size_of_debounceButton      (abs)        000000
__size_of_genBerry            (abs)        000000
__size_of_initialise_TMR0     (abs)        000000
__size_of_initialise_globals  (abs)        000000
__size_of_initialise_hardware (abs)        000000
__size_of_isr                 (abs)        000000
__size_of_main                (abs)        000000
__size_of_mainGameLoop        (abs)        000000
__size_of_memcpy              (abs)        000000
__size_of_mergeObjects        (abs)        000000
__size_of_moveObject          (abs)        000000
__size_of_moveObjectDown      (abs)        000000
__size_of_newRotation         (abs)        000000
__size_of_pauseButtons        (abs)        000000
__size_of_pauseMultiplexing   (abs)        000000
__size_of_pixelCount          (abs)        000000
__size_of_removeLine          (abs)        000000
__size_of_resumeButtons       (abs)        000000
__size_of_resumeMultiplexing  (abs)        000000
__size_of_rnd_get_num         (abs)        000000
__size_of_rnd_initialize      (abs)        000000
__size_of_selectNextObject    (abs)        000000
__size_of_waitForInterrupt    (abs)        000000
__size_of_writeHighScore      (abs)        000000
__smallconst                  smallconst   000600
_berryX                       bssCOMRAM    00000A
_berryY                       bssCOMRAM    000009
_checkButtons                 text7        0006D2
_checkForBottom               text20       0019EE
_checkForLeftWall             text22       001ACE
_checkForLines                text5        001536
_checkForRightWall            text21       001A9A
_clearArray                   text28       001A22
_collisionDetect              text19       001876
_debounceButton               text35       001736
_direction                    bssCOMRAM    00000D
_genBerry                     text30       001B06
_initialise_TMR0              text33       001A7C
_initialise_globals           text4        001306
_initialise_hardware          text32       00196A
_isr                          intcode      000008
_mS                           bssCOMRAM    000003
_main                         text0        001AB6
_mainGameLoop                 text2        0013E2
_memcpy                       text14       0018CE
_mergeObjects                 text18       001228
_moveObject                   text17       000C58
_moveObjectDown               text12       001148
_moveSnake                    bssCOMRAM    00000C
_mtxButtons                   bssCOMRAM    000017
_newRotation                  text11       000F1A
_pauseButtons                 text10       001B30
_pauseMultiplexing            text26       001AF6
_pixelCount                   text9        0017A4
_port_display                 (abs)        000F82
_positions                    bssBANK1     000100
_previous_direction           bssCOMRAM    000008
_removeLine                   text6        001056
_resumeButtons                text8        001B2A
_resumeMultiplexing           text25       001B36
_rnd_get_num                  text31       001924
_rnd_initialize               text1        001B22
_selectNextObject             text13       00148E
_shapes                       dataBANK2    000200
_snakeLength                  bssCOMRAM    00000B
_tetris                       bssCOMRAM    000007
_time                         bssCOMRAM    000001
_tmpObjectData                bssBANK0     000080
_waitForInterrupt             text27       001B16
_writeHighScore               text3        001B3C
btemp                         temp         00006D
checkForBottom@i              cstackCOMRAM 00005B
checkForBottom@pObject        cstackCOMRAM 000057
checkForLeftWall@pObject      cstackCOMRAM 000057
checkForLines@pObject         cstackCOMRAM 000068
checkForLines@pixels          cstackBANK0  0000A5
checkForLines@x               cstackBANK0  0000A6
checkForLines@y               cstackBANK0  0000A7
checkForRightWall@pObject     cstackCOMRAM 000057
clearArray@i                  cstackCOMRAM 00005D
clearArray@pArray             cstackCOMRAM 000057
clearArray@size               cstackCOMRAM 000059
collisionDetect@i             cstackCOMRAM 00005F
collisionDetect@pSource       cstackCOMRAM 000057
collisionDetect@pTarget       cstackCOMRAM 000059
debounceButton@button         cstackCOMRAM 00004B
debounceButton@debounced      cstackCOMRAM 000047
debounceButton@delay          cstackCOMRAM 000045
end_of_initialization         cinit        0016B8
genBerry@temp                 cstackCOMRAM 00005C
initialise_globals@i          cstackCOMRAM 000060
int$flags                     temp         00006D
int_func                      intcode_body 000ACC
intlevel0                     text         000000
intlevel1                     text         000000
intlevel2                     text         000000
intlevel3                     text         000000
isr@CurrentX                  bssCOMRAM    000040
isr@xmask                     cstackCOMRAM 000056
isr@ymask                     cstackCOMRAM 000054
memcpy@d                      cstackCOMRAM 00005D
memcpy@dest                   cstackCOMRAM 000057
memcpy@n                      cstackCOMRAM 00005B
memcpy@s                      cstackCOMRAM 00005F
memcpy@src                    cstackCOMRAM 000059
mergeObjects@i                cstackCOMRAM 00005E
mergeObjects@mode             cstackCOMRAM 00005B
mergeObjects@pSource          cstackCOMRAM 000057
mergeObjects@pTarget          cstackCOMRAM 000059
moveObject@c                  cstackCOMRAM 00005F
moveObject@cycles             cstackCOMRAM 00005A
moveObject@direction          cstackCOMRAM 000059
moveObject@i                  cstackCOMRAM 000060
moveObject@pObject            cstackCOMRAM 000057
moveObjectDown@pObject        cstackCOMRAM 00006A
moveObjectDown@result         cstackBANK0  0000A0
newRotation@pSource           cstackCOMRAM 000063
newRotation@pTarget           cstackCOMRAM 000065
newRotation@rotation          cstackCOMRAM 000067
newRotation@x1                cstackCOMRAM 00006A
newRotation@x2                cstackCOMRAM 000068
newRotation@y1                cstackCOMRAM 00006B
newRotation@y2                cstackCOMRAM 000069
pixelCount@pSource            cstackCOMRAM 000057
pixelCount@r                  cstackCOMRAM 00005E
pixelCount@x                  cstackCOMRAM 00005F
pixelCount@y                  cstackCOMRAM 000060
removeLine@currentLine        cstackCOMRAM 000065
removeLine@pObject            cstackCOMRAM 000057
removeLine@pY                 cstackCOMRAM 000059
removeLine@x                  cstackCOMRAM 000067
removeLine@y                  cstackCOMRAM 000066
rnd_get_num@b                 cstackCOMRAM 00005A
rnd_initialize@seed           cstackCOMRAM 000057
selectNextObject@counter      cstackCOMRAM 000066
selectNextObject@pTarget      cstackCOMRAM 000063
selectNextObject@rndSelection cstackCOMRAM 000065
selectNextObject@s            cstackCOMRAM 000068
selectNextObject@selection    cstackCOMRAM 000067
show_score@F2901              dataBANK0    000090
stackhi                       (abs)        0005F3
stacklo                       (abs)        000285
start                         init         00000E
start_initialization          cinit        001642
ttemp5                        temp         00006E
ttemp6                        temp         000071
ttemp7                        temp         000075
wtemp8                        temp         00006E


FUNCTION INFORMATION:

 *************** function _main *****************
 Defined at:
		line 1274 in file "pictris.c"
 Parameters:    Size  Location     Type
		None
 Auto vars:     Size  Location     Type
		None
 Return value:  Size  Location     Type
                  1    wreg      void 
 Registers used:
		wreg, fsr0l, fsr0h, fsr1l, fsr1h, fsr2l, fsr2h, status,2, status,0, tblptrl, tblptrh, tblptru, prodl, prodh, cstack
 Tracked objects:
		On entry : 
		On exit  : 
		Unchanged: 
 Data sizes:     COMRAM   BANK0   BANK1   BANK2   BANK3   BANK4   BANK5
      Params:         0       0       0       0       0       0       0
      Locals:         0       0       0       0       0       0       0
      Temps:          0       0       0       0       0       0       0
      Totals:         0       0       0       0       0       0       0
Total ram usage:        0 bytes
 Hardware stack levels required when called:    7
 This function calls:
		_initialise_globals
		_initialise_hardware
		_mainGameLoop
		_rnd_initialize
 This function is called by:
		Startup code after reset
 This function uses a non-reentrant model


 *************** function _rnd_initialize *****************
 Defined at:
		line 24 in file "randgen.c"
 Parameters:    Size  Location     Type
  seed            1    wreg     unsigned char 
 Auto vars:     Size  Location     Type
  seed            1   18[COMRAM] unsigned char 
 Return value:  Size  Location     Type
                  1    wreg      void 
 Registers used:
		wreg
 Tracked objects:
		On entry : 
		On exit  : 
		Unchanged: 
 Data sizes:     COMRAM   BANK0   BANK1   BANK2   BANK3   BANK4   BANK5
      Params:         0       0       0       0       0       0       0
      Locals:         1       0       0       0       0       0       0
      Temps:          0       0       0       0       0       0       0
      Totals:         1       0       0       0       0       0       0
Total ram usage:        1 bytes
 Hardware stack levels used:    1
 Hardware stack levels required when called:    2
 This function calls:
		Nothing
 This function is called by:
		_main
 This function uses a non-reentrant model


 *************** function _mainGameLoop *****************
 Defined at:
		line 1216 in file "pictris.c"
 Parameters:    Size  Location     Type
		None
 Auto vars:     Size  Location     Type
		None
 Return value:  Size  Location     Type
                  1    wreg      void 
 Registers used:
		wreg, fsr0l, fsr0h, fsr1l, fsr1h, fsr2l, fsr2h, status,2, status,0, tblptrl, tblptrh, tblptru, prodl, prodh, cstack
 Tracked objects:
		On entry : 
		On exit  : 
		Unchanged: 
 Data sizes:     COMRAM   BANK0   BANK1   BANK2   BANK3   BANK4   BANK5
      Params:         0       0       0       0       0       0       0
      Locals:         0       0       0       0       0       0       0
      Temps:          0       0       0       0       0       0       0
      Totals:         0       0       0       0       0       0       0
Total ram usage:        0 bytes
 Hardware stack levels used:    1
 Hardware stack levels required when called:    6
 This function calls:
		_MoveSnakes
		_checkButtons
		_checkForLines
		_clearArray
		_initialise_globals
		_moveObjectDown
		_pauseMultiplexing
		_resumeMultiplexing
		_selectNextObject
		_writeHighScore
 This function is called by:
		_main
 This function uses a non-reentrant model


 *************** function _writeHighScore *****************
 Defined at:
		line 1206 in file "pictris.c"
 Parameters:    Size  Location     Type
		None
 Auto vars:     Size  Location     Type
		None
 Return value:  Size  Location     Type
                  1    wreg      void 
 Registers used:
		None
 Tracked objects:
		On entry : 
		On exit  : 
		Unchanged: 
 Data sizes:     COMRAM   BANK0   BANK1   BANK2   BANK3   BANK4   BANK5
      Params:         0       0       0       0       0       0       0
      Locals:         0       0       0       0       0       0       0
      Temps:          0       0       0       0       0       0       0
      Totals:         0       0       0       0       0       0       0
Total ram usage:        0 bytes
 Hardware stack levels used:    1
 Hardware stack levels required when called:    2
 This function calls:
		Nothing
 This function is called by:
		_mainGameLoop
 This function uses a non-reentrant model


 *************** function _initialise_globals *****************
 Defined at:
		line 1053 in file "pictris.c"
 Parameters:    Size  Location     Type
		None
 Auto vars:     Size  Location     Type
  i               1   27[COMRAM] unsigned char 
 Return value:  Size  Location     Type
                  1    wreg      void 
 Registers used:
		wreg, fsr2l, fsr2h, status,2, status,0, prodl, prodh, cstack
 Tracked objects:
		On entry : 
		On exit  : 
		Unchanged: 
 Data sizes:     COMRAM   BANK0   BANK1   BANK2   BANK3   BANK4   BANK5
      Params:         0       0       0       0       0       0       0
      Locals:         1       0       0       0       0       0       0
      Temps:          0       0       0       0       0       0       0
      Totals:         1       0       0       0       0       0       0
Total ram usage:        1 bytes
 Hardware stack levels used:    1
 Hardware stack levels required when called:    5
 This function calls:
		_CreateBerry
		_clearArray
 This function is called by:
		_mainGameLoop
		_main
 This function uses a non-reentrant model


 *************** function _checkForLines *****************
 Defined at:
		line 993 in file "pictris.c"
 Parameters:    Size  Location     Type
  pObject         2   35[COMRAM] PTR volatile unsigned sh
		 -> BackgroundData(16), 
 Auto vars:     Size  Location     Type
  y               1    7[BANK0 ] unsigned char 
  x               1    6[BANK0 ] unsigned char 
  pixels          1    5[BANK0 ] unsigned char 
 Return value:  Size  Location     Type
                  1    wreg      void 
 Registers used:
		wreg, fsr2l, fsr2h, status,2, status,0, prodl, prodh, cstack
 Tracked objects:
		On entry : 
		On exit  : 
		Unchanged: 
 Data sizes:     COMRAM   BANK0   BANK1   BANK2   BANK3   BANK4   BANK5
      Params:         2       0       0       0       0       0       0
      Locals:         0       3       0       0       0       0       0
      Temps:          0       5       0       0       0       0       0
      Totals:         2       8       0       0       0       0       0
Total ram usage:       10 bytes
 Hardware stack levels used:    1
 Hardware stack levels required when called:    3
 This function calls:
		_removeLine
 This function is called by:
		_mainGameLoop
 This function uses a non-reentrant model


 *************** function _removeLine *****************
 Defined at:
		line 975 in file "pictris.c"
 Parameters:    Size  Location     Type
  pObject         2   18[COMRAM] PTR volatile unsigned sh
		 -> BackgroundData(16), 
  pY              1   20[COMRAM] unsigned char 
 Auto vars:     Size  Location     Type
  x               1   34[COMRAM] unsigned char 
  y               1   33[COMRAM] unsigned char 
  currentLine     1   32[COMRAM] unsigned char 
 Return value:  Size  Location     Type
                  1    wreg      void 
 Registers used:
		wreg, fsr2l, fsr2h, status,2, status,0, prodl, prodh
 Tracked objects:
		On entry : 
		On exit  : 
		Unchanged: 
 Data sizes:     COMRAM   BANK0   BANK1   BANK2   BANK3   BANK4   BANK5
      Params:         3       0       0       0       0       0       0
      Locals:         3       0       0       0       0       0       0
      Temps:         11       0       0       0       0       0       0
      Totals:        17       0       0       0       0       0       0
Total ram usage:       17 bytes
 Hardware stack levels used:    1
 Hardware stack levels required when called:    2
 This function calls:
		Nothing
 This function is called by:
		_checkForLines
 This function uses a non-reentrant model


 *************** function _checkButtons *****************
 Defined at:
		line 860 in file "pictris.c"
 Parameters:    Size  Location     Type
		None
 Auto vars:     Size  Location     Type
		None
 Return value:  Size  Location     Type
                  1    wreg      void 
 Registers used:
		wreg, fsr0l, fsr0h, fsr1l, fsr1h, fsr2l, fsr2h, status,2, status,0, tblptrl, tblptrh, tblptru, prodl, prodh, cstack
 Tracked objects:
		On entry : 
		On exit  : 
		Unchanged: 
 Data sizes:     COMRAM   BANK0   BANK1   BANK2   BANK3   BANK4   BANK5
      Params:         0       0       0       0       0       0       0
      Locals:         0       0       0       0       0       0       0
      Temps:          0       1       0       0       0       0       0
      Totals:         0       1       0       0       0       0       0
Total ram usage:        1 bytes
 Hardware stack levels used:    1
 Hardware stack levels required when called:    5
 This function calls:
		_checkForLeftWall
		_checkForRightWall
		_collisionDetect
		_memcpy
		_mergeObjects
		_moveObject
		_moveObjectDown
		_newRotation
		_pauseButtons
		_pauseMultiplexing
		_pixelCount
		_resumeButtons
		_resumeMultiplexing
 This function is called by:
		_mainGameLoop
 This function uses a non-reentrant model


 *************** function _resumeButtons *****************
 Defined at:
		line 333 in file "pictris.c"
 Parameters:    Size  Location     Type
		None
 Auto vars:     Size  Location     Type
		None
 Return value:  Size  Location     Type
                  1    wreg      void 
 Registers used:
		wreg, status,2
 Tracked objects:
		On entry : 
		On exit  : 
		Unchanged: 
 Data sizes:     COMRAM   BANK0   BANK1   BANK2   BANK3   BANK4   BANK5
      Params:         0       0       0       0       0       0       0
      Locals:         0       0       0       0       0       0       0
      Temps:          0       0       0       0       0       0       0
      Totals:         0       0       0       0       0       0       0
Total ram usage:        0 bytes
 Hardware stack levels used:    1
 Hardware stack levels required when called:    2
 This function calls:
		Nothing
 This function is called by:
		_checkButtons
		_show_score
 This function uses a non-reentrant model


 *************** function _pixelCount *****************
 Defined at:
		line 796 in file "pictris.c"
 Parameters:    Size  Location     Type
  pSource         2   18[COMRAM] PTR volatile unsigned sh
		 -> tmpObjectData(16), ObjectData(16), 
 Auto vars:     Size  Location     Type
  y               1   27[COMRAM] unsigned char 
  x               1   26[COMRAM] unsigned char 
  r               1   25[COMRAM] unsigned char 
 Return value:  Size  Location     Type
                  1    wreg      unsigned char 
 Registers used:
		wreg, fsr2l, fsr2h, status,2, status,0, prodl, prodh
 Tracked objects:
		On entry : 
		On exit  : 
		Unchanged: 
 Data sizes:     COMRAM   BANK0   BANK1   BANK2   BANK3   BANK4   BANK5
      Params:         2       0       0       0       0       0       0
      Locals:         3       0       0       0       0       0       0
      Temps:          5       0       0       0       0       0       0
      Totals:        10       0       0       0       0       0       0
Total ram usage:       10 bytes
 Hardware stack levels used:    1
 Hardware stack levels required when called:    2
 This function calls:
		Nothing
 This function is called by:
		_checkButtons
 This function uses a non-reentrant model


 *************** function _pauseButtons *****************
 Defined at:
		line 326 in file "pictris.c"
 Parameters:    Size  Location     Type
		None
 Auto vars:     Size  Location     Type
		None
 Return value:  Size  Location     Type
                  1    wreg      void 
 Registers used:
		wreg, status,2
 Tracked objects:
		On entry : 
		On exit  : 
		Unchanged: 
 Data sizes:     COMRAM   BANK0   BANK1   BANK2   BANK3   BANK4   BANK5
      Params:         0       0       0       0       0       0       0
      Locals:         0       0       0       0       0       0       0
      Temps:          0       0       0       0       0       0       0
      Totals:         0       0       0       0       0       0       0
Total ram usage:        0 bytes
 Hardware stack levels used:    1
 Hardware stack levels required when called:    2
 This function calls:
		Nothing
 This function is called by:
		_checkButtons
		_show_score
 This function uses a non-reentrant model


 *************** function _newRotation *****************
 Defined at:
		line 752 in file "pictris.c"
 Parameters:    Size  Location     Type
  pSource         2   30[COMRAM] PTR volatile unsigned sh
		 -> ObjectData(16), 
  pTarget         2   32[COMRAM] PTR unsigned short 
		 -> tmpObjectData(16), 
  rotation        1   34[COMRAM] enum E2755
 Auto vars:     Size  Location     Type
  y1              1   38[COMRAM] unsigned char 
  x1              1   37[COMRAM] unsigned char 
  y2              1   36[COMRAM] char 
  x2              1   35[COMRAM] char 
 Return value:  Size  Location     Type
                  1    wreg      void 
 Registers used:
		wreg, fsr0l, fsr0h, fsr2l, fsr2h, status,2, status,0, tblptrl, tblptrh, tblptru, prodl, prodh, cstack
 Tracked objects:
		On entry : 
		On exit  : 
		Unchanged: 
 Data sizes:     COMRAM   BANK0   BANK1   BANK2   BANK3   BANK4   BANK5
      Params:         5       0       0       0       0       0       0
      Locals:         4       0       0       0       0       0       0
      Temps:          0       5       0       0       0       0       0
      Totals:         9       5       0       0       0       0       0
Total ram usage:       14 bytes
 Hardware stack levels used:    1
 Hardware stack levels required when called:    3
 This function calls:
		___wmul
		_clearArray
		_memcpy
 This function is called by:
		_checkButtons
 This function uses a non-reentrant model


 *************** function _moveObjectDown *****************
 Defined at:
		line 808 in file "pictris.c"
 Parameters:    Size  Location     Type
  pObject         2   37[COMRAM] PTR volatile unsigned sh
		 -> ObjectData(16), 
 Auto vars:     Size  Location     Type
  result          1    0[BANK0 ] _Bool 
 Return value:  Size  Location     Type
                  1    wreg      _Bool 
 Registers used:
		wreg, fsr0l, fsr0h, fsr1l, fsr1h, fsr2l, fsr2h, status,2, status,0, tblptrl, tblptrh, tblptru, prodl, prodh, cstack
 Tracked objects:
		On entry : 
		On exit  : 
		Unchanged: 
 Data sizes:     COMRAM   BANK0   BANK1   BANK2   BANK3   BANK4   BANK5
      Params:         2       0       0       0       0       0       0
      Locals:         0       1       0       0       0       0       0
      Temps:          0       0       0       0       0       0       0
      Totals:         2       1       0       0       0       0       0
Total ram usage:        3 bytes
 Hardware stack levels used:    1
 Hardware stack levels required when called:    4
 This function calls:
		_checkForBottom
		_collisionDetect
		_mergeObjects
		_moveObject
		_pauseMultiplexing
		_resumeMultiplexing
		_selectNextObject
 This function is called by:
		_checkButtons
		_mainGameLoop
 This function uses a non-reentrant model


 *************** function _selectNextObject *****************
 Defined at:
		line 512 in file "pictris.c"
 Parameters:    Size  Location     Type
  pTarget         2   30[COMRAM] PTR volatile unsigned sh
		 -> ObjectData(16), 
 Auto vars:     Size  Location     Type
  s               2   35[COMRAM] PTR struct shape
		 -> shapes(133), 
  selection       1   34[COMRAM] unsigned char 
  counter         1   33[COMRAM] unsigned char 
  rndSelection    1   32[COMRAM] unsigned char 
 Return value:  Size  Location     Type
                  1    wreg      void 
 Registers used:
		wreg, fsr0l, fsr0h, fsr2l, fsr2h, status,2, status,0, tblptrl, tblptrh, tblptru, prodl, prodh, cstack
 Tracked objects:
		On entry : 
		On exit  : 
		Unchanged: 
 Data sizes:     COMRAM   BANK0   BANK1   BANK2   BANK3   BANK4   BANK5
      Params:         2       0       0       0       0       0       0
      Locals:         5       0       0       0       0       0       0
      Temps:          0       0       0       0       0       0       0
      Totals:         7       0       0       0       0       0       0
Total ram usage:        7 bytes
 Hardware stack levels used:    1
 Hardware stack levels required when called:    3
 This function calls:
		___awmod
		___wmul
		_memcpy
		_rnd_get_num
 This function is called by:
		_moveObjectDown
		_mainGameLoop
 This function uses a non-reentrant model


 *************** function _memcpy *****************
 Defined at:
		line 10 in file "memcpy.c"
 Parameters:    Size  Location     Type
  dest            2   18[COMRAM] PTR void 
		 -> tmpObjectData(16), ObjectData(16), 
  src             2   20[COMRAM] PTR const void 
		 -> Number(160), TETRIS(16), ObjectData(16), shapes.graphic(16), 
		 -> shapes(133), 
  n               2   22[COMRAM] unsigned int 
 Auto vars:     Size  Location     Type
  s               2   26[COMRAM] PTR unsigned char 
		 -> Number(160), TETRIS(16), ObjectData(16), shapes.graphic(16), 
		 -> shapes(133), 
  d               2   24[COMRAM] PTR unsigned char 
		 -> tmpObjectData(16), ObjectData(16), 
 Return value:  Size  Location     Type
                  2   18[COMRAM] PTR void 
 Registers used:
		wreg, fsr0l, fsr0h, fsr2l, fsr2h, status,2, status,0, tblptrl, tblptrh, tblptru
 Tracked objects:
		On entry : 
		On exit  : 
		Unchanged: 
 Data sizes:     COMRAM   BANK0   BANK1   BANK2   BANK3   BANK4   BANK5
      Params:         6       0       0       0       0       0       0
      Locals:         4       0       0       0       0       0       0
      Temps:          0       0       0       0       0       0       0
      Totals:        10       0       0       0       0       0       0
Total ram usage:       10 bytes
 Hardware stack levels used:    1
 Hardware stack levels required when called:    2
 This function calls:
		Nothing
 This function is called by:
		_selectNextObject
		_newRotation
		_checkButtons
		_splash_screen
		_getNumber
 This function uses a non-reentrant model


 *************** function ___wmul *****************
 Defined at:
		line 15 in file "C:\Program Files (x86)\Microchip\xc8\v2.00\pic\sources\c99\common\Umul16.c"
 Parameters:    Size  Location     Type
  multiplier      2   24[COMRAM] unsigned int 
  multiplicand    2   26[COMRAM] unsigned int 
 Auto vars:     Size  Location     Type
  product         2   28[COMRAM] unsigned int 
 Return value:  Size  Location     Type
                  2   24[COMRAM] unsigned int 
 Registers used:
		wreg, status,2, status,0, prodl, prodh
 Tracked objects:
		On entry : 
		On exit  : 
		Unchanged: 
 Data sizes:     COMRAM   BANK0   BANK1   BANK2   BANK3   BANK4   BANK5
      Params:         4       0       0       0       0       0       0
      Locals:         2       0       0       0       0       0       0
      Temps:          0       0       0       0       0       0       0
      Totals:         6       0       0       0       0       0       0
Total ram usage:        6 bytes
 Hardware stack levels used:    1
 Hardware stack levels required when called:    2
 This function calls:
		Nothing
 This function is called by:
		_selectNextObject
		_newRotation
 This function uses a non-reentrant model


 *************** function ___awmod *****************
 Defined at:
		line 7 in file "C:\Program Files (x86)\Microchip\xc8\v2.00\pic\sources\c99\common\awmod.c"
 Parameters:    Size  Location     Type
  dividend        2   18[COMRAM] int 
  divisor         2   20[COMRAM] int 
 Auto vars:     Size  Location     Type
  sign            1   23[COMRAM] unsigned char 
  counter         1   22[COMRAM] unsigned char 
 Return value:  Size  Location     Type
                  2   18[COMRAM] int 
 Registers used:
		wreg, status,2, status,0
 Tracked objects:
		On entry : 
		On exit  : 
		Unchanged: 
 Data sizes:     COMRAM   BANK0   BANK1   BANK2   BANK3   BANK4   BANK5
      Params:         4       0       0       0       0       0       0
      Locals:         2       0       0       0       0       0       0
      Temps:          0       0       0       0       0       0       0
      Totals:         6       0       0       0       0       0       0
Total ram usage:        6 bytes
 Hardware stack levels used:    1
 Hardware stack levels required when called:    2
 This function calls:
		Nothing
 This function is called by:
		_selectNextObject
		_itoa
 This function uses a non-reentrant model


 *************** function _moveObject *****************
 Defined at:
		line 662 in file "pictris.c"
 Parameters:    Size  Location     Type
  pObject         2   18[COMRAM] PTR volatile unsigned sh
		 -> tmpObjectData(16), ObjectData(16), 
  direction       1   20[COMRAM] enum E2759
  cycles          1   21[COMRAM] unsigned char 
 Auto vars:     Size  Location     Type
  i               1   27[COMRAM] unsigned char 
  c               1   26[COMRAM] unsigned char 
 Return value:  Size  Location     Type
                  1    wreg      void 
 Registers used:
		wreg, fsr1l, fsr1h, fsr2l, fsr2h, status,2, status,0, prodl, prodh
 Tracked objects:
		On entry : 
		On exit  : 
		Unchanged: 
 Data sizes:     COMRAM   BANK0   BANK1   BANK2   BANK3   BANK4   BANK5
      Params:         4       0       0       0       0       0       0
      Locals:         2       0       0       0       0       0       0
      Temps:          4       0       0       0       0       0       0
      Totals:        10       0       0       0       0       0       0
Total ram usage:       10 bytes
 Hardware stack levels used:    1
 Hardware stack levels required when called:    2
 This function calls:
		Nothing
 This function is called by:
		_moveObjectDown
		_checkButtons
		_show_score
 This function uses a non-reentrant model


 *************** function _mergeObjects *****************
 Defined at:
		line 640 in file "pictris.c"
 Parameters:    Size  Location     Type
  pSource         2   18[COMRAM] PTR volatile unsigned sh
		 -> show_score@mask(16), tmpObjectData(16), ObjectData(16), 
  pTarget         2   20[COMRAM] PTR volatile unsigned sh
		 -> tmpObjectData(16), BackgroundData(16), ObjectData(16), 
  mode            1   22[COMRAM] enum E2765
 Auto vars:     Size  Location     Type
  i               1   25[COMRAM] unsigned char 
 Return value:  Size  Location     Type
                  1    wreg      void 
 Registers used:
		wreg, fsr1l, fsr1h, fsr2l, fsr2h, status,2, status,0, prodl, prodh
 Tracked objects:
		On entry : 
		On exit  : 
		Unchanged: 
 Data sizes:     COMRAM   BANK0   BANK1   BANK2   BANK3   BANK4   BANK5
      Params:         5       0       0       0       0       0       0
      Locals:         1       0       0       0       0       0       0
      Temps:          2       0       0       0       0       0       0
      Totals:         8       0       0       0       0       0       0
Total ram usage:        8 bytes
 Hardware stack levels used:    1
 Hardware stack levels required when called:    2
 This function calls:
		Nothing
 This function is called by:
		_moveObjectDown
		_checkButtons
		_show_score
 This function uses a non-reentrant model


 *************** function _collisionDetect *****************
 Defined at:
		line 731 in file "pictris.c"
 Parameters:    Size  Location     Type
  pSource         2   18[COMRAM] PTR volatile unsigned sh
		 -> tmpObjectData(16), ObjectData(16), 
  pTarget         2   20[COMRAM] PTR volatile unsigned sh
		 -> BackgroundData(16), 
 Auto vars:     Size  Location     Type
  i               1   26[COMRAM] unsigned char 
 Return value:  Size  Location     Type
                  1    wreg      _Bool 
 Registers used:
		wreg, fsr2l, fsr2h, status,2, status,0, prodl, prodh
 Tracked objects:
		On entry : 
		On exit  : 
		Unchanged: 
 Data sizes:     COMRAM   BANK0   BANK1   BANK2   BANK3   BANK4   BANK5
      Params:         4       0       0       0       0       0       0
      Locals:         1       0       0       0       0       0       0
      Temps:          4       0       0       0       0       0       0
      Totals:         9       0       0       0       0       0       0
Total ram usage:        9 bytes
 Hardware stack levels used:    1
 Hardware stack levels required when called:    2
 This function calls:
		Nothing
 This function is called by:
		_moveObjectDown
		_checkButtons
 This function uses a non-reentrant model


 *************** function _checkForBottom *****************
 Defined at:
		line 707 in file "pictris.c"
 Parameters:    Size  Location     Type
  pObject         2   18[COMRAM] PTR volatile unsigned sh
		 -> ObjectData(16), 
 Auto vars:     Size  Location     Type
  i               1   22[COMRAM] unsigned char 
 Return value:  Size  Location     Type
                  1    wreg      _Bool 
 Registers used:
		wreg, fsr2l, fsr2h, status,2, status,0, prodl, prodh
 Tracked objects:
		On entry : 
		On exit  : 
		Unchanged: 
 Data sizes:     COMRAM   BANK0   BANK1   BANK2   BANK3   BANK4   BANK5
      Params:         2       0       0       0       0       0       0
      Locals:         1       0       0       0       0       0       0
      Temps:          2       0       0       0       0       0       0
      Totals:         5       0       0       0       0       0       0
Total ram usage:        5 bytes
 Hardware stack levels used:    1
 Hardware stack levels required when called:    2
 This function calls:
		Nothing
 This function is called by:
		_moveObjectDown
 This function uses a non-reentrant model


 *************** function _checkForRightWall *****************
 Defined at:
		line 724 in file "pictris.c"
 Parameters:    Size  Location     Type
  pObject         2   18[COMRAM] PTR volatile unsigned sh
		 -> ObjectData(16), 
 Auto vars:     Size  Location     Type
		None
 Return value:  Size  Location     Type
                  1    wreg      _Bool 
 Registers used:
		wreg, fsr2l, fsr2h, status,2, status,0
 Tracked objects:
		On entry : 
		On exit  : 
		Unchanged: 
 Data sizes:     COMRAM   BANK0   BANK1   BANK2   BANK3   BANK4   BANK5
      Params:         2       0       0       0       0       0       0
      Locals:         0       0       0       0       0       0       0
      Temps:          2       0       0       0       0       0       0
      Totals:         4       0       0       0       0       0       0
Total ram usage:        4 bytes
 Hardware stack levels used:    1
 Hardware stack levels required when called:    2
 This function calls:
		Nothing
 This function is called by:
		_checkButtons
 This function uses a non-reentrant model


 *************** function _checkForLeftWall *****************
 Defined at:
		line 717 in file "pictris.c"
 Parameters:    Size  Location     Type
  pObject         2   18[COMRAM] PTR volatile unsigned sh
		 -> ObjectData(16), 
 Auto vars:     Size  Location     Type
		None
 Return value:  Size  Location     Type
                  1    wreg      _Bool 
 Registers used:
		wreg, fsr2l, fsr2h, status,2, status,0
 Tracked objects:
		On entry : 
		On exit  : 
		Unchanged: 
 Data sizes:     COMRAM   BANK0   BANK1   BANK2   BANK3   BANK4   BANK5
      Params:         2       0       0       0       0       0       0
      Locals:         0       0       0       0       0       0       0
      Temps:          2       0       0       0       0       0       0
      Totals:         4       0       0       0       0       0       0
Total ram usage:        4 bytes
 Hardware stack levels used:    1
 Hardware stack levels required when called:    2
 This function calls:
		Nothing
 This function is called by:
		_checkButtons
 This function uses a non-reentrant model


 *************** function _MoveSnakes *****************
 Defined at:
		line 593 in file "pictris.c"
 Parameters:    Size  Location     Type
		None
 Auto vars:     Size  Location     Type
  i               1    0[BANK0 ] unsigned char 
 Return value:  Size  Location     Type
                  1    wreg      void 
 Registers used:
		wreg, fsr1l, fsr1h, fsr2l, fsr2h, status,2, status,0, tblptrl, tblptrh, tblptru, prodl, prodh, cstack
 Tracked objects:
		On entry : 
		On exit  : 
		Unchanged: 
 Data sizes:     COMRAM   BANK0   BANK1   BANK2   BANK3   BANK4   BANK5
      Params:         0       0       0       0       0       0       0
      Locals:         0       1       0       0       0       0       0
      Temps:          8       0       0       0       0       0       0
      Totals:         8       1       0       0       0       0       0
Total ram usage:        9 bytes
 Hardware stack levels used:    1
 Hardware stack levels required when called:    5
 This function calls:
		_CreateBerry
		_SnakeGraph
 This function is called by:
		_mainGameLoop
 This function uses a non-reentrant model


 *************** function _SnakeGraph *****************
 Defined at:
		line 572 in file "pictris.c"
 Parameters:    Size  Location     Type
		None
 Auto vars:     Size  Location     Type
  i               1   30[COMRAM] unsigned char 
  j               1   29[COMRAM] unsigned char 
 Return value:  Size  Location     Type
                  1    wreg      void 
 Registers used:
		wreg, fsr2l, fsr2h, status,2, status,0, tblptrl, tblptrh, tblptru, prodl, prodh, cstack
 Tracked objects:
		On entry : 
		On exit  : 
		Unchanged: 
 Data sizes:     COMRAM   BANK0   BANK1   BANK2   BANK3   BANK4   BANK5
      Params:         0       0       0       0       0       0       0
      Locals:         4       0       0       0       0       0       0
      Temps:          2       0       0       0       0       0       0
      Totals:         6       0       0       0       0       0       0
Total ram usage:        6 bytes
 Hardware stack levels used:    1
 Hardware stack levels required when called:    4
 This function calls:
		_clearArray
		_pauseMultiplexing
		_resumeMultiplexing
 This function is called by:
		_MoveSnakes
 This function uses a non-reentrant model


 *************** function _resumeMultiplexing *****************
 Defined at:
		line 412 in file "pictris.c"
 Parameters:    Size  Location     Type
		None
 Auto vars:     Size  Location     Type
		None
 Return value:  Size  Location     Type
                  1    wreg      void 
 Registers used:
		wreg, status,2
 Tracked objects:
		On entry : 
		On exit  : 
		Unchanged: 
 Data sizes:     COMRAM   BANK0   BANK1   BANK2   BANK3   BANK4   BANK5
      Params:         0       0       0       0       0       0       0
      Locals:         0       0       0       0       0       0       0
      Temps:          0       0       0       0       0       0       0
      Totals:         0       0       0       0       0       0       0
Total ram usage:        0 bytes
 Hardware stack levels used:    1
 Hardware stack levels required when called:    2
 This function calls:
		Nothing
 This function is called by:
		_SnakeGraph
		_moveObjectDown
		_checkButtons
		_mainGameLoop
		_splash_screen
		_show_score
 This function uses a non-reentrant model


 *************** function _pauseMultiplexing *****************
 Defined at:
		line 401 in file "pictris.c"
 Parameters:    Size  Location     Type
		None
 Auto vars:     Size  Location     Type
		None
 Return value:  Size  Location     Type
                  1    wreg      void 
 Registers used:
		wreg, status,2, cstack
 Tracked objects:
		On entry : 
		On exit  : 
		Unchanged: 
 Data sizes:     COMRAM   BANK0   BANK1   BANK2   BANK3   BANK4   BANK5
      Params:         0       0       0       0       0       0       0
      Locals:         0       0       0       0       0       0       0
      Temps:          0       0       0       0       0       0       0
      Totals:         0       0       0       0       0       0       0
Total ram usage:        0 bytes
 Hardware stack levels used:    1
 Hardware stack levels required when called:    3
 This function calls:
		_waitForInterrupt
 This function is called by:
		_SnakeGraph
		_moveObjectDown
		_checkButtons
		_mainGameLoop
		_splash_screen
		_show_score
 This function uses a non-reentrant model


 *************** function _waitForInterrupt *****************
 Defined at:
		line 393 in file "pictris.c"
 Parameters:    Size  Location     Type
		None
 Auto vars:     Size  Location     Type
		None
 Return value:  Size  Location     Type
                  1    wreg      void 
 Registers used:
		wreg, status,2
 Tracked objects:
		On entry : 
		On exit  : 
		Unchanged: 
 Data sizes:     COMRAM   BANK0   BANK1   BANK2   BANK3   BANK4   BANK5
      Params:         0       0       0       0       0       0       0
      Locals:         0       0       0       0       0       0       0
      Temps:          0       0       0       0       0       0       0
      Totals:         0       0       0       0       0       0       0
Total ram usage:        0 bytes
 Hardware stack levels used:    1
 Hardware stack levels required when called:    2
 This function calls:
		Nothing
 This function is called by:
		_pauseMultiplexing
 This function uses a non-reentrant model


 *************** function _clearArray *****************
 Defined at:
		line 503 in file "pictris.c"
 Parameters:    Size  Location     Type
  pArray          2   18[COMRAM] PTR volatile unsigned sh
		 -> tmpObjectData(16), BackgroundData(16), ObjectData(16), 
  size            2   20[COMRAM] unsigned int 
 Auto vars:     Size  Location     Type
  i               1   24[COMRAM] unsigned char 
 Return value:  Size  Location     Type
                  1    wreg      void 
 Registers used:
		wreg, fsr2l, fsr2h, status,2, status,0, prodl, prodh
 Tracked objects:
		On entry : 
		On exit  : 
		Unchanged: 
 Data sizes:     COMRAM   BANK0   BANK1   BANK2   BANK3   BANK4   BANK5
      Params:         4       0       0       0       0       0       0
      Locals:         1       0       0       0       0       0       0
      Temps:          2       0       0       0       0       0       0
      Totals:         7       0       0       0       0       0       0
Total ram usage:        7 bytes
 Hardware stack levels used:    1
 Hardware stack levels required when called:    2
 This function calls:
		Nothing
 This function is called by:
		_SnakeGraph
		_newRotation
		_initialise_globals
		_mainGameLoop
		_show_score
 This function uses a non-reentrant model


 *************** function _CreateBerry *****************
 Defined at:
		line 552 in file "pictris.c"
 Parameters:    Size  Location     Type
		None
 Auto vars:     Size  Location     Type
  i               1   26[COMRAM] unsigned char 
  randomGood      1   25[COMRAM] _Bool 
 Return value:  Size  Location     Type
                  1    wreg      void 
 Registers used:
		wreg, fsr2l, fsr2h, status,2, status,0, prodl, prodh, cstack
 Tracked objects:
		On entry : 
		On exit  : 
		Unchanged: 
 Data sizes:     COMRAM   BANK0   BANK1   BANK2   BANK3   BANK4   BANK5
      Params:         0       0       0       0       0       0       0
      Locals:         2       0       0       0       0       0       0
      Temps:          1       0       0       0       0       0       0
      Totals:         3       0       0       0       0       0       0
Total ram usage:        3 bytes
 Hardware stack levels used:    1
 Hardware stack levels required when called:    4
 This function calls:
		_genBerry
 This function is called by:
		_MoveSnakes
		_initialise_globals
 This function uses a non-reentrant model


 *************** function _genBerry *****************
 Defined at:
		line 546 in file "pictris.c"
 Parameters:    Size  Location     Type
		None
 Auto vars:     Size  Location     Type
  temp            1   23[COMRAM] unsigned char 
 Return value:  Size  Location     Type
                  1    wreg      unsigned char 
 Registers used:
		wreg, status,2, status,0, cstack
 Tracked objects:
		On entry : 
		On exit  : 
		Unchanged: 
 Data sizes:     COMRAM   BANK0   BANK1   BANK2   BANK3   BANK4   BANK5
      Params:         0       0       0       0       0       0       0
      Locals:         1       0       0       0       0       0       0
      Temps:          0       0       0       0       0       0       0
      Totals:         1       0       0       0       0       0       0
Total ram usage:        1 bytes
 Hardware stack levels used:    1
 Hardware stack levels required when called:    3
 This function calls:
		_rnd_get_num
 This function is called by:
		_CreateBerry
 This function uses a non-reentrant model


 *************** function _rnd_get_num *****************
 Defined at:
		line 8 in file "randgen.c"
 Parameters:    Size  Location     Type
		None
 Auto vars:     Size  Location     Type
  b               2   21[COMRAM] unsigned int 
 Return value:  Size  Location     Type
                  1    wreg      unsigned char 
 Registers used:
		wreg, status,2, status,0
 Tracked objects:
		On entry : 
		On exit  : 
		Unchanged: 
 Data sizes:     COMRAM   BANK0   BANK1   BANK2   BANK3   BANK4   BANK5
      Params:         0       0       0       0       0       0       0
      Locals:         2       0       0       0       0       0       0
      Temps:          3       0       0       0       0       0       0
      Totals:         5       0       0       0       0       0       0
Total ram usage:        5 bytes
 Hardware stack levels used:    1
 Hardware stack levels required when called:    2
 This function calls:
		Nothing
 This function is called by:
		_selectNextObject
		_genBerry
 This function uses a non-reentrant model


 *************** function _initialise_hardware *****************
 Defined at:
		line 1025 in file "pictris.c"
 Parameters:    Size  Location     Type
		None
 Auto vars:     Size  Location     Type
		None
 Return value:  Size  Location     Type
                  1    wreg      void 
 Registers used:
		wreg, status,2, cstack
 Tracked objects:
		On entry : 
		On exit  : 
		Unchanged: 
 Data sizes:     COMRAM   BANK0   BANK1   BANK2   BANK3   BANK4   BANK5
      Params:         0       0       0       0       0       0       0
      Locals:         0       0       0       0       0       0       0
      Temps:          0       0       0       0       0       0       0
      Totals:         0       0       0       0       0       0       0
Total ram usage:        0 bytes
 Hardware stack levels used:    1
 Hardware stack levels required when called:    3
 This function calls:
		_initialise_TMR0
 This function is called by:
		_main
 This function uses a non-reentrant model


 *************** function _initialise_TMR0 *****************
 Defined at:
		line 1013 in file "pictris.c"
 Parameters:    Size  Location     Type
		None
 Auto vars:     Size  Location     Type
		None
 Return value:  Size  Location     Type
                  1    wreg      void 
 Registers used:
		wreg, status,2
 Tracked objects:
		On entry : 
		On exit  : 
		Unchanged: 
 Data sizes:     COMRAM   BANK0   BANK1   BANK2   BANK3   BANK4   BANK5
      Params:         0       0       0       0       0       0       0
      Locals:         0       0       0       0       0       0       0
      Temps:          0       0       0       0       0       0       0
      Totals:         0       0       0       0       0       0       0
Total ram usage:        0 bytes
 Hardware stack levels used:    1
 Hardware stack levels required when called:    2
 This function calls:
		Nothing
 This function is called by:
		_initialise_hardware
 This function uses a non-reentrant model


 *************** function _isr *****************
 Defined at:
		line 421 in file "pictris.c"
 Parameters:    Size  Location     Type
		None
 Auto vars:     Size  Location     Type
  ymask           2   15[COMRAM] unsigned short 
  xmask           1   17[COMRAM] unsigned char 
 Return value:  Size  Location     Type
                  1    wreg      void 
 Registers used:
		wreg, fsr2l, fsr2h, status,2, status,0, prodl, prodh, cstack
 Tracked objects:
		On entry : 
		On exit  : 
		Unchanged: 
 Data sizes:     COMRAM   BANK0   BANK1   BANK2   BANK3   BANK4   BANK5
      Params:         0       0       0       0       0       0       0
      Locals:         3       0       0       0       0       0       0
      Temps:          8       0       0       0       0       0       0
      Totals:        11       0       0       0       0       0       0
Total ram usage:       11 bytes
 Hardware stack levels used:    1
 Hardware stack levels required when called:    1
 This function calls:
		___lwmod
		_debounceButton
 This function is called by:
		Interrupt level 2
 This function uses a non-reentrant model


 *************** function _debounceButton *****************
 Defined at:
		line 338 in file "pictris.c"
 Parameters:    Size  Location     Type
  button          1    wreg     volatile _Bool 
  delay           2    0[COMRAM] PTR volatile short 
		 -> Down_Delay(2), Rotate_Delay(2), Right_Delay(2), Left_Delay(2), 
  debounced       2    2[COMRAM] PTR volatile _Bool 
		 -> Down_Debounced(1), Rotate_Debounced(1), Right_Debounced(1), Left_Debounced(1), 
 Auto vars:     Size  Location     Type
  button          1    6[COMRAM] volatile _Bool 
 Return value:  Size  Location     Type
                  1    wreg      void 
 Registers used:
		wreg, fsr2l, fsr2h, status,2, status,0
 Tracked objects:
		On entry : 
		On exit  : 
		Unchanged: 
 Data sizes:     COMRAM   BANK0   BANK1   BANK2   BANK3   BANK4   BANK5
      Params:         4       0       0       0       0       0       0
      Locals:         1       0       0       0       0       0       0
      Temps:          2       0       0       0       0       0       0
      Totals:         7       0       0       0       0       0       0
Total ram usage:        7 bytes
 Hardware stack levels used:    1
 This function calls:
		Nothing
 This function is called by:
		_isr
 This function uses a non-reentrant model


 *************** function ___lwmod *****************
 Defined at:
		line 7 in file "C:\Program Files (x86)\Microchip\xc8\v2.00\pic\sources\c99\common\lwmod.c"
 Parameters:    Size  Location     Type
  dividend        2    0[COMRAM] unsigned int 
  divisor         2    2[COMRAM] unsigned int 
 Auto vars:     Size  Location     Type
  counter         1    4[COMRAM] unsigned char 
 Return value:  Size  Location     Type
                  2    0[COMRAM] unsigned int 
 Registers used:
		wreg, status,2, status,0
 Tracked objects:
		On entry : 
		On exit  : 
		Unchanged: 
 Data sizes:     COMRAM   BANK0   BANK1   BANK2   BANK3   BANK4   BANK5
      Params:         4       0       0       0       0       0       0
      Locals:         1       0       0       0       0       0       0
      Temps:          0       0       0       0       0       0       0
      Totals:         5       0       0       0       0       0       0
Total ram usage:        5 bytes
 Hardware stack levels used:    1
 This function calls:
		Nothing
 This function is called by:
		_isr
 This function uses a non-reentrant model



MODULE INFORMATION

Module		Function		Class		Link	Load	Size
pictris.c
		_removeLine    		CODE           	1056	0000	243
		_CreateBerry   		CODE           	180E	0000	105
		_initialise_TMR0		CODE           	1A7C	0000	31
		_checkForLeftWall		CODE           	1ACE	0000	25
		_mergeObjects  		CODE           	1228	0000	223
		_checkForLines 		CODE           	1536	0000	135
		_main          		CODE           	1AB6	0000	25
		_checkForRightWall		CODE           	1A9A	0000	29
		_newRotation   		CODE           	0F1A	0000	317
		_checkForBottom		CODE           	19EE	0000	53
		_pixelCount    		CODE           	17A4	0000	107
		_debounceButton		CODE           	1736	0000	111
		_initialise_globals		CODE           	1306	0000	221
		_resumeMultiplexing		CODE           	1B36	0000	7
		_resumeButtons 		CODE           	1B2A	0000	7
		_clearArray    		CODE           	1A22	0000	53
		_selectNextObject		CODE           	148E	0000	169
		_isr           		CODE           	0008	0000	403
		_moveObject    		CODE           	0C58	0000	389
		_genBerry      		CODE           	1B06	0000	17
		_waitForInterrupt		CODE           	1B16	0000	13
		_initialise_hardware		CODE           	196A	0000	67
		_collisionDetect		CODE           	1876	0000	89
		_checkButtons  		CODE           	06D2	0000	531
		_moveObjectDown		CODE           	1148	0000	225
		_MoveSnakes    		CODE           	08E4	0000	489
		_pauseMultiplexing		CODE           	1AF6	0000	17
		_pauseButtons  		CODE           	1B30	0000	7
		_SnakeGraph    		CODE           	0DDC	0000	319
		_mainGameLoop  		CODE           	13E2	0000	173
		_writeHighScore		CODE           	1B3C	0000	3

pictris.c estimated size: 4603

C:\Program Files (x86)\Microchip\xc8\v2.00\pic\sources\c99\common\lwmod.c
		___lwmod       		CODE           	19AC	0000	67

C:\Program Files (x86)\Microchip\xc8\v2.00\pic\sources\c99\common\lwmod.c estimated size: 67

C:\Program Files (x86)\Microchip\xc8\v2.00\pic\sources\c99\common\awmod.c
		___awmod       		CODE           	16C6	0000	113

C:\Program Files (x86)\Microchip\xc8\v2.00\pic\sources\c99\common\awmod.c estimated size: 113

randgen.c
		_rnd_get_num   		CODE           	1924	0000	71
		_rnd_initialize		CODE           	1B22	0000	9

randgen.c estimated size: 80

shared
		_Number        		SMALLCONST     	0621	0000	161
		_TETRIS        		SMALLCONST     	06C1	0000	17
		__initialization		CODE           	1642	0000	119
		_SnakeYtext    		SMALLCONST     	0601	0000	33

shared estimated size: 330

C:\Program Files (x86)\Microchip\xc8\v2.00\pic\sources\c99\common\Umul16.c
		___wmul        		CODE           	1A56	0000	39

C:\Program Files (x86)\Microchip\xc8\v2.00\pic\sources\c99\common\Umul16.c estimated size: 39

memcpy.c
		_memcpy        		CODE           	18CE	0000	87

memcpy.c estimated size: 87

