Microchip MPLAB XC8 Compiler V2.00 ()

Linker command line:

-W-3 --edf=C:\Program Files (x86)\Microchip\xc8\v2.00\pic\dat\en_msgs.txt \
  -cs -h+dist/default/production\pictris-snake.production.sym \
  --cmf=dist/default/production\pictris-snake.production.cmf -z -Q18F4520 \
  -oC:\Users\ryan\AppData\Local\Temp\sdi8.2 --defsym=__MPLAB_BUILD=1 \
  -Mdist/default/production/pictris-snake.production.map -E1 -ver=XC8 \
  --acfsm=1493 -ASTACK=0285h-05ffh -pstack=STACK -ACODE=00h-07FFFh \
  -ACONST=00h-07FFFh -ASMALLCONST=0600h-06FFhx122 \
  -AMEDIUMCONST=0600h-07FFFh -ACOMRAM=01h-07Fh -AABS1=00h-05FFh \
  -ABIGRAM=01h-05FFh -ARAM=080h-0FFh,0100h-01FFhx5 -ABANK0=080h-0FFh \
  -ABANK1=0100h-01FFh -ABANK2=0200h-02FFh -ABANK3=0300h-03FFh \
  -ABANK4=0400h-04FFh -ABANK5=0500h-05FFh -ASFR=0F80h-0FFFh \
  -preset_vec=00h,intcode=08h,intcodelo,powerup,init -pramtop=0600h \
  -psmallconst=SMALLCONST -pmediumconst=MEDIUMCONST -pconst=CONST \
  -AFARRAM=00h-00h -ACONFIG=0300000h-030000Dh -pconfig=CONFIG \
  -AIDLOC=0200000h-0200007h -pidloc=IDLOC -AEEDATA=0F00000h-0F000FFh \
  -peeprom_data=EEDATA \
  -prdata=COMRAM,nvrram=COMRAM,nvbit=COMRAM,rbss=COMRAM,rbit=COMRAM \
  -pfarbss=FARRAM,fardata=FARRAM,nvFARRAM=FARRAM \
  -pintsave_regs=BIGRAM,bigbss=BIGRAM,bigdata=BIGRAM -pbss=RAM \
  -pidata=CODE,irdata=CODE,ibigdata=CODE,ifardata=CODE -prparam=COMRAM \
  C:\Users\ryan\AppData\Local\Temp\sdi8.o \
  dist/default/production\pictris-snake.production.o 

Object code version is 3.11

Machine type is 18F4520

Call graph: (short form)




                Name                               Link     Load   Length Selector   Space Scale
C:\Users\ryan\AppData\Local\Temp\sdi8.o
                init                                  E        E        4        4       0
                reset_vec                             0        0        4        0       0
                idloc                            200000   200000        8   200000       0
                config                           300000   300000        E   300000       0
dist/default/production\pictris-snake.production.o
                intcode                               8        8        6        4       0
                temp                                 63       63        1        1       1
                smallconst                          600      600       F2      300       0
                text49                             1EDA     1EDA       42      CE0       0
                text48                             1BB8     1BB8       6E      CE0       0
                intcode_body                        B14      B14      190      379       0
                text46                             1FBC     1FBC       34      CE0       0
                text45                             154C     154C       DE      379       0
                text44                             21B4     21B4        6      CE0       0
                text43                             2194     2194        C      CE0       0
                text42                             2184     2184       10      CE0       0
                text41                             21AE     21AE        6      CE0       0
                text40                             21A8     21A8        6      CE0       0
                text39                             10E0     10E0      13A      379       0
                text38                             20E8     20E8       1E      CE0       0
                text37                             1E98     1E98       42      CE0       0
                text36                             204A     204A       2A      CE0       0
                text35                             1E52     1E52       46      CE0       0
                text34                             213A     213A       18      CE0       0
                text33                             1C26     1C26       6C      CE0       0
                text32                              E28      E28      16A      379       0
                text31                              934      934      1E0      379       0
                text30                             2122     2122       18      CE0       0
                text29                             2106     2106       1C      CE0       0
                text28                             1F88     1F88       34      CE0       0
                text27                             1CFC     1CFC       58      CE0       0
                text26                              CA4      CA4      184      379       0
                text25                             1B48     1B48       70      CE0       0
                text24                             20C2     20C2       26      CE0       0
                text23                             1DAA     1DAA       56      CE0       0
                text22                             1892     1892       A8      379       0
                text21                             162A     162A       D8      379       0
                text20                             121A     121A      136      379       0
                text19                             1C92     1C92       6A      CE0       0
                text18                              6F2      6F2      242      379       0
                text17                             145A     145A       F2      379       0
                text16                             1AC8     1AC8       80      CE0       0
                text15                             1702     1702       D0      379       0
                text14                             2074     2074       28      CE0       0
                text13                             1A44     1A44       84      CE0       0
                text12                             1FF0     1FF0       2E      CE0       0
                text11                             1E00     1E00       52      CE0       0
                text10                             1350     1350      10A      379       0
                text9                               F92      F92      14E      379       0
                text8                              209C     209C       26      CE0       0
                text7                              1F52     1F52       36      CE0       0
                text6                              17D2     17D2       C0      379       0
                text5                              2174     2174       10      CE0       0
                text4                              1F1C     1F1C       36      CE0       0
                text3                              21A0     21A0        8      CE0       0
                text2                              2152     2152       12      CE0       0
                text1                              1D54     1D54       56      CE0       0
                text0                              201E     201E       2C      CE0       0
                cstackCOMRAM                         35       35       2D        1       1
                cstackBANK0                          A0       A0       17       80       1
                dataBANK2                           200      200       85      200       1
                bssBANK1                            100      100       C8      100       1
                dataBANK0                            B7       B7       10       80       1
                bssBANK0                             80       80       20       80       1
                dataCOMRAM                           62       62        1        1       1
                bssCOMRAM                             1        1       34        1       1
                cinit                              19C0     19C0       84      CE0       0
                idataBANK2                         193A     193A       85      379       0
                idataBANK0                         2164     2164       10      CE0       0
                idataCOMRAM                        21BA     21BA        1      CE0       0

TOTAL           Name                               Link     Load   Length     Space
        CLASS   STACK          

        CLASS   CODE           
                intcode                               8        8        6         0
                init                                  E        E        4         0
                reset_vec                             0        0        4         0
                text49                             1EDA     1EDA       42         0
                text48                             1BB8     1BB8       6E         0
                intcode_body                        B14      B14      190         0
                text46                             1FBC     1FBC       34         0
                text45                             154C     154C       DE         0
                text44                             21B4     21B4        6         0
                text43                             2194     2194        C         0
                text42                             2184     2184       10         0
                text41                             21AE     21AE        6         0
                text40                             21A8     21A8        6         0
                text39                             10E0     10E0      13A         0
                text38                             20E8     20E8       1E         0
                text37                             1E98     1E98       42         0
                text36                             204A     204A       2A         0
                text35                             1E52     1E52       46         0
                text34                             213A     213A       18         0
                text33                             1C26     1C26       6C         0
                text32                              E28      E28      16A         0
                text31                              934      934      1E0         0
                text30                             2122     2122       18         0
                text29                             2106     2106       1C         0
                text28                             1F88     1F88       34         0
                text27                             1CFC     1CFC       58         0
                text26                              CA4      CA4      184         0
                text25                             1B48     1B48       70         0
                text24                             20C2     20C2       26         0
                text23                             1DAA     1DAA       56         0
                text22                             1892     1892       A8         0
                text21                             162A     162A       D8         0
                text20                             121A     121A      136         0
                text19                             1C92     1C92       6A         0
                text18                              6F2      6F2      242         0
                text17                             145A     145A       F2         0
                text16                             1AC8     1AC8       80         0
                text15                             1702     1702       D0         0
                text14                             2074     2074       28         0
                text13                             1A44     1A44       84         0
                text12                             1FF0     1FF0       2E         0
                text11                             1E00     1E00       52         0
                text10                             1350     1350      10A         0
                text9                               F92      F92      14E         0
                text8                              209C     209C       26         0
                text7                              1F52     1F52       36         0
                text6                              17D2     17D2       C0         0
                text5                              2174     2174       10         0
                text4                              1F1C     1F1C       36         0
                text3                              21A0     21A0        8         0
                text2                              2152     2152       12         0
                text1                              1D54     1D54       56         0
                text0                              201E     201E       2C         0
                cinit                              19C0     19C0       84         0
                idataBANK2                         193A     193A       85         0
                idataBANK0                         2164     2164       10         0
                idataCOMRAM                        21BA     21BA        1         0

        CLASS   CONST          

        CLASS   SMALLCONST     
                smallconst                          600      600       F2         0

        CLASS   MEDIUMCONST    

        CLASS   COMRAM         
                temp                                 63       63        1         1
                cstackCOMRAM                         35       35       2D         1
                dataCOMRAM                           62       62        1         1
                bssCOMRAM                             1        1       34         1

        CLASS   ABS1           

        CLASS   BIGRAM         

        CLASS   RAM            

        CLASS   BANK0          
                cstackBANK0                          A0       A0       17         1
                dataBANK0                            B7       B7       10         1
                bssBANK0                             80       80       20         1

        CLASS   BANK1          
                bssBANK1                            100      100       C8         1

        CLASS   BANK2          
                dataBANK2                           200      200       85         1

        CLASS   BANK3          

        CLASS   BANK4          

        CLASS   BANK5          

        CLASS   SFR            

        CLASS   FARRAM         

        CLASS   CONFIG         
                config                           300000   300000        E         0

        CLASS   IDLOC          
                idloc                            200000   200000        8         0

        CLASS   EEDATA         



SEGMENTS        Name                           Load    Length   Top    Selector   Space  Class

                reset_vec                      000000  000004  000004         0       0  CODE    
                bssCOMRAM                      000001  000063  000064         1       1  COMRAM  
                intcode                        000008  00000A  000012         4       0  CODE    
                bssBANK0                       000080  000047  0000C7        80       1  BANK0   
                bssBANK1                       000100  0000C8  0001C8       100       1  BANK1   
                dataBANK2                      000200  000085  000285       200       1  BANK2   
                smallconst                     000600  0000F2  0006F2       300       0  SMALLCON
                text18                         0006F2  0012CD  0019BF       379       0  CODE    
                cinit                          0019C0  0007FB  0021BB       CE0       0  CODE    
                idloc                          200000  000008  200008    200000       0  IDLOC   
                config                         300000  00000E  30000E    300000       0  CONFIG  


UNUSED ADDRESS RANGES

        Name                Unused          Largest block    Delta
        BANK0            0000C7-0000FF               39
        BANK1            0001C8-0001FF               38
        BANK2            000285-0002FF               7B
        BANK3            000300-0003FF              100
        BANK4            000400-0004FF              100
        BANK5            000500-0005FF              100
        BIGRAM           000064-00007F               1C
                         0000C7-0000FF               39
                         0001C8-0001FF               38
                         000285-0005FF              37B
        CODE             000004-000007                4
                         000012-0005FF              5EE
                         0019BF-0019BF                1
                         0021BB-007FFF             5E45
        COMRAM           000064-00007F               1C
        CONST            000004-000007                4
                         000012-0005FF              5EE
                         0019BF-0019BF                1
                         0021BB-007FFF             5E45
        EEDATA           F00000-F000FF              100
        MEDIUMCONST      0019BF-0019BF                1
                         0021BB-007FFF             5E45
        RAM              0000C7-0000FF               39
                         0001C8-0001FF               38
                         000285-0005FF              100
        SFR              000F80-000FFF               80
        SMALLCONST       0019BF-0019BF                1
                         0021BB-007FFF              100
        STACK            000285-0005FF              37B

                                  Symbol Table

?___awdiv                     cstackCOMRAM 000047
?___awmod                     cstackCOMRAM 000047
?___lwmod                     cstackCOMRAM 000035
?___wmul                      cstackCOMRAM 00004D
CreateBerry@i                 cstackCOMRAM 000050
CreateBerry@randomGood        cstackCOMRAM 00004F
MoveSnakes@i                  cstackCOMRAM 00005D
ReadEEByte@address            cstackCOMRAM 000047
SnakeGraph@i                  cstackCOMRAM 000054
SnakeGraph@j                  cstackCOMRAM 000053
WriteEEByte@address           cstackCOMRAM 000048
WriteEEByte@data              cstackCOMRAM 000047
_ADCON1bits                   (abs)        000FC1
_BackgroundData               bssBANK0     000090
_CheckForNewLines             bssCOMRAM    000011
_CreateBerry                  text33       001C26
_DDRA                         (abs)        000F92
_DDRB                         (abs)        000F93
_DDRC                         (abs)        000F94
_DDRD                         (abs)        000F95
_Down_Debounced               bssCOMRAM    000031
_Down_Delay                   bssCOMRAM    000028
_DropObject                   bssCOMRAM    000010
_EEADR                        (abs)        000FA9
_EECON1bits                   (abs)        000FA6
_EECON2                       (abs)        000FA7
_EEDATA                       (abs)        000FA8
_EndOfGame                    bssCOMRAM    000012
_GIE                          (abs)        007F97
_INTCON2bits                  (abs)        000FF1
_INTCONbits                   (abs)        000FF2
_IPEN                         (abs)        007E87
_InterruptComplete            bssCOMRAM    000005
_IsRotated                    bssCOMRAM    000013
_LastHighScore                bssCOMRAM    000014
_Left_Debounced               bssCOMRAM    000034
_Left_Delay                   bssCOMRAM    00002E
_LimitedRotation              bssCOMRAM    000016
_MoveSnakes                   text31       000934
_Number                       smallconst   000631
_NumberOfLines                bssCOMRAM    000015
_OSCCONbits                   (abs)        000FD3
_ObjectData                   bssCOMRAM    000018
_OriginX                      bssCOMRAM    00000F
_OriginY                      bssCOMRAM    00000E
_PORTA                        (abs)        000F80
_PORTB                        (abs)        000F81
_PORTBbits                    (abs)        000F81
_PORTC                        (abs)        000F82
_PORTD                        (abs)        000F83
_PSA                          (abs)        007EAB
_ReadEEByte                   text5        002174
_Right_Debounced              bssCOMRAM    000033
_Right_Delay                  bssCOMRAM    00002C
_Rotate_Debounced             bssCOMRAM    000032
_Rotate_Delay                 bssCOMRAM    00002A
_SNAKE                        smallconst   0006D1
_SnakeGraph                   text32       000E28
_SnakeYtext                   smallconst   000601
_T0CONbits                    (abs)        000FD5
_T0CS                         (abs)        007EAD
_TETRIS                       smallconst   0006E1
_TMR0                         (abs)        000FD6
_TMR0IE                       (abs)        007F95
_TMR0ON                       (abs)        007EAF
_UpdateScreen                 bssCOMRAM    000006
_WriteEEByte                  text8        00209C
__CFG_BOREN$SBORDIS           (abs)        000000
__CFG_BORV$3                  (abs)        000000
__CFG_CCP2MX$PORTC            (abs)        000000
__CFG_CP0$OFF                 (abs)        000000
__CFG_CP1$OFF                 (abs)        000000
__CFG_CP2$OFF                 (abs)        000000
__CFG_CP3$OFF                 (abs)        000000
__CFG_CPB$OFF                 (abs)        000000
__CFG_CPD$OFF                 (abs)        000000
__CFG_EBTR0$OFF               (abs)        000000
__CFG_EBTR1$OFF               (abs)        000000
__CFG_EBTR2$OFF               (abs)        000000
__CFG_EBTR3$OFF               (abs)        000000
__CFG_EBTRB$OFF               (abs)        000000
__CFG_FCMEN$OFF               (abs)        000000
__CFG_IESO$OFF                (abs)        000000
__CFG_LPT1OSC$OFF             (abs)        000000
__CFG_LVP$OFF                 (abs)        000000
__CFG_MCLRE$ON                (abs)        000000
__CFG_OSC$INTIO67             (abs)        000000
__CFG_PBADEN$OFF              (abs)        000000
__CFG_PWRT$OFF                (abs)        000000
__CFG_STVREN$ON               (abs)        000000
__CFG_WDT$OFF                 (abs)        000000
__CFG_WDTPS$32768             (abs)        000000
__CFG_WRT0$OFF                (abs)        000000
__CFG_WRT1$OFF                (abs)        000000
__CFG_WRT2$OFF                (abs)        000000
__CFG_WRT3$OFF                (abs)        000000
__CFG_WRTB$OFF                (abs)        000000
__CFG_WRTC$OFF                (abs)        000000
__CFG_WRTD$OFF                (abs)        000000
__CFG_XINST$OFF               (abs)        000000
__HRAM                        (abs)        000000
__Habs1                       abs1         000000
__Hbank0                      bank0        000000
__Hbank1                      bank1        000000
__Hbank2                      bank2        000000
__Hbank3                      bank3        000000
__Hbank4                      bank4        000000
__Hbank5                      bank5        000000
__Hbigbss                     bigbss       000000
__Hbigdata                    bigdata      000000
__Hbigram                     bigram       000000
__Hbss                        bss          000000
__HbssBANK0                   bssBANK0     000000
__HbssBANK1                   bssBANK1     000000
__HbssCOMRAM                  bssCOMRAM    000000
__Hcinit                      cinit        000000
__Hclrtext                    clrtext      000000
__Hcomram                     comram       000000
__Hconfig                     config       30000E
__Hconst                      const        000000
__HcstackBANK0                cstackBANK0  000000
__HcstackCOMRAM               cstackCOMRAM 000000
__Hdata                       data         000000
__HdataBANK0                  dataBANK0    000000
__HdataBANK2                  dataBANK2    000000
__HdataCOMRAM                 dataCOMRAM   000000
__Heeprom_data                eeprom_data  000000
__Hfarbss                     farbss       000000
__Hfardata                    fardata      000000
__Hibigdata                   ibigdata     000000
__Hidata                      idata        000000
__HidataBANK0                 idataBANK0   000000
__HidataBANK2                 idataBANK2   000000
__HidataCOMRAM                idataCOMRAM  000000
__Hidloc                      idloc        200008
__Hifardata                   ifardata     000000
__Hinit                       init         000012
__Hintcode                    intcode      00000E
__Hintcode_body               intcode_body 000000
__Hintcodelo                  intcodelo    00000E
__Hintentry                   intentry     000000
__Hintret                     intret       000000
__Hintsave_regs               intsave_regs 000000
__Hirdata                     irdata       000000
__Hmediumconst                mediumconst  000000
__HnvFARRAM                   nvFARRAM     000000
__Hnvbit                      nvbit        000000
__Hnvrram                     nvrram       000000
__Hparam                      rparam       000000
__Hpowerup                    powerup      00000E
__Hram                        ram          000000
__Hramtop                     ramtop       000600
__Hrbit                       rbit         000000
__Hrbss                       rbss         000000
__Hrdata                      rdata        000000
__Hreset_vec                  reset_vec    000004
__Hrparam                     rparam       000000
__Hsfr                        sfr          000000
__Hsmallconst                 smallconst   0006F2
__Hspace_0                    (abs)        30000E
__Hspace_1                    (abs)        000285
__Hspace_2                    (abs)        000000
__Hstack                      stack        000000
__Hstruct                     struct       000000
__Htemp                       temp         000064
__Htext                       text         000000
__Htext0                      text0        000000
__Htext1                      text1        000000
__Htext10                     text10       000000
__Htext11                     text11       000000
__Htext12                     text12       000000
__Htext13                     text13       000000
__Htext14                     text14       000000
__Htext15                     text15       000000
__Htext16                     text16       000000
__Htext17                     text17       000000
__Htext18                     text18       000000
__Htext19                     text19       000000
__Htext2                      text2        000000
__Htext20                     text20       000000
__Htext21                     text21       000000
__Htext22                     text22       000000
__Htext23                     text23       000000
__Htext24                     text24       000000
__Htext25                     text25       000000
__Htext26                     text26       000000
__Htext27                     text27       000000
__Htext28                     text28       000000
__Htext29                     text29       000000
__Htext3                      text3        000000
__Htext30                     text30       000000
__Htext31                     text31       000000
__Htext32                     text32       000000
__Htext33                     text33       000000
__Htext34                     text34       000000
__Htext35                     text35       000000
__Htext36                     text36       000000
__Htext37                     text37       000000
__Htext38                     text38       000000
__Htext39                     text39       000000
__Htext4                      text4        000000
__Htext40                     text40       000000
__Htext41                     text41       000000
__Htext42                     text42       000000
__Htext43                     text43       000000
__Htext44                     text44       000000
__Htext45                     text45       000000
__Htext46                     text46       000000
__Htext48                     text48       000000
__Htext49                     text49       000000
__Htext5                      text5        000000
__Htext6                      text6        000000
__Htext7                      text7        000000
__Htext8                      text8        000000
__Htext9                      text9        000000
__LRAM                        (abs)        000001
__Labs1                       abs1         000000
__Lbank0                      bank0        000000
__Lbank1                      bank1        000000
__Lbank2                      bank2        000000
__Lbank3                      bank3        000000
__Lbank4                      bank4        000000
__Lbank5                      bank5        000000
__Lbigbss                     bigbss       000000
__Lbigdata                    bigdata      000000
__Lbigram                     bigram       000000
__Lbss                        bss          000000
__LbssBANK0                   bssBANK0     000000
__LbssBANK1                   bssBANK1     000000
__LbssCOMRAM                  bssCOMRAM    000000
__Lcinit                      cinit        000000
__Lclrtext                    clrtext      000000
__Lcomram                     comram       000000
__Lconfig                     config       300000
__Lconst                      const        000000
__LcstackBANK0                cstackBANK0  000000
__LcstackCOMRAM               cstackCOMRAM 000000
__Ldata                       data         000000
__LdataBANK0                  dataBANK0    000000
__LdataBANK2                  dataBANK2    000000
__LdataCOMRAM                 dataCOMRAM   000000
__Leeprom_data                eeprom_data  000000
__Lfarbss                     farbss       000000
__Lfardata                    fardata      000000
__Libigdata                   ibigdata     000000
__Lidata                      idata        000000
__LidataBANK0                 idataBANK0   000000
__LidataBANK2                 idataBANK2   000000
__LidataCOMRAM                idataCOMRAM  000000
__Lidloc                      idloc        200000
__Lifardata                   ifardata     000000
__Linit                       init         00000E
__Lintcode                    intcode      000008
__Lintcode_body               intcode_body 000000
__Lintcodelo                  intcodelo    00000E
__Lintentry                   intentry     000000
__Lintret                     intret       000000
__Lintsave_regs               intsave_regs 000000
__Lirdata                     irdata       000000
__Lmediumconst                mediumconst  000000
__LnvFARRAM                   nvFARRAM     000000
__Lnvbit                      nvbit        000000
__Lnvrram                     nvrram       000000
__Lparam                      rparam       000000
__Lpowerup                    powerup      00000E
__Lram                        ram          000000
__Lramtop                     ramtop       000600
__Lrbit                       rbit         000000
__Lrbss                       rbss         000000
__Lrdata                      rdata        000000
__Lreset_vec                  reset_vec    000000
__Lrparam                     rparam       000000
__Lsfr                        sfr          000000
__Lsmallconst                 smallconst   000600
__Lspace_0                    (abs)        000000
__Lspace_1                    (abs)        000000
__Lspace_2                    (abs)        000000
__Lstack                      stack        000000
__Lstruct                     struct       000000
__Ltemp                       temp         000063
__Ltext                       text         000000
__Ltext0                      text0        000000
__Ltext1                      text1        000000
__Ltext10                     text10       000000
__Ltext11                     text11       000000
__Ltext12                     text12       000000
__Ltext13                     text13       000000
__Ltext14                     text14       000000
__Ltext15                     text15       000000
__Ltext16                     text16       000000
__Ltext17                     text17       000000
__Ltext18                     text18       000000
__Ltext19                     text19       000000
__Ltext2                      text2        000000
__Ltext20                     text20       000000
__Ltext21                     text21       000000
__Ltext22                     text22       000000
__Ltext23                     text23       000000
__Ltext24                     text24       000000
__Ltext25                     text25       000000
__Ltext26                     text26       000000
__Ltext27                     text27       000000
__Ltext28                     text28       000000
__Ltext29                     text29       000000
__Ltext3                      text3        000000
__Ltext30                     text30       000000
__Ltext31                     text31       000000
__Ltext32                     text32       000000
__Ltext33                     text33       000000
__Ltext34                     text34       000000
__Ltext35                     text35       000000
__Ltext36                     text36       000000
__Ltext37                     text37       000000
__Ltext38                     text38       000000
__Ltext39                     text39       000000
__Ltext4                      text4        000000
__Ltext40                     text40       000000
__Ltext41                     text41       000000
__Ltext42                     text42       000000
__Ltext43                     text43       000000
__Ltext44                     text44       000000
__Ltext45                     text45       000000
__Ltext46                     text46       000000
__Ltext48                     text48       000000
__Ltext49                     text49       000000
__Ltext5                      text5        000000
__Ltext6                      text6        000000
__Ltext7                      text7        000000
__Ltext8                      text8        000000
__Ltext9                      text9        000000
__S0                          (abs)        30000E
__S1                          (abs)        000285
__S2                          (abs)        000000
___awdiv                      text13       001A44
___awdiv@counter              cstackCOMRAM 00004B
___awdiv@dividend             cstackCOMRAM 000047
___awdiv@divisor              cstackCOMRAM 000049
___awdiv@quotient             cstackCOMRAM 00004D
___awdiv@sign                 cstackCOMRAM 00004C
___awmod                      text25       001B48
___awmod@counter              cstackCOMRAM 00004B
___awmod@dividend             cstackCOMRAM 000047
___awmod@divisor              cstackCOMRAM 000049
___awmod@sign                 cstackCOMRAM 00004C
___inthi_sp                   stack        000000
___intlo_sp                   stack        000000
___lbmod                      text36       00204A
___lbmod@counter              cstackCOMRAM 000049
___lbmod@dividend             cstackCOMRAM 000048
___lbmod@divisor              cstackCOMRAM 000047
___lbmod@rem                  cstackCOMRAM 00004A
___lwmod                      text49       001EDA
___lwmod@counter              cstackCOMRAM 000039
___lwmod@dividend             cstackCOMRAM 000035
___lwmod@divisor              cstackCOMRAM 000037
___param_bank                 (abs)        000000
___rparam_used                (abs)        000001
___sp                         stack        000000
___wmul                       text24       0020C2
___wmul@multiplicand          cstackCOMRAM 00004F
___wmul@multiplier            cstackCOMRAM 00004D
___wmul@product               cstackCOMRAM 000051
__accesstop                   (abs)        000080
__activetblptr                (abs)        000002
__end_of_CreateBerry          text33       001C92
__end_of_MoveSnakes           text31       000B14
__end_of_Number               smallconst   0006D1
__end_of_ReadEEByte           text5        002184
__end_of_SNAKE                smallconst   0006E1
__end_of_SnakeGraph           text32       000F92
__end_of_SnakeYtext           smallconst   000621
__end_of_TETRIS               smallconst   0006F1
__end_of_WriteEEByte          text8        0020C2
__end_of___awdiv              text13       001AC8
__end_of___awmod              text25       001BB8
__end_of___lbmod              text36       002074
__end_of___lwmod              text49       001F1C
__end_of___wmul               text24       0020E8
__end_of__initialization      cinit        001A36
__end_of_checkButtons         text18       000934
__end_of_checkForBottom       text28       001FBC
__end_of_checkForLeftWall     text30       00213A
__end_of_checkForLines        text16       001B48
__end_of_checkForRightWall    text29       002122
__end_of_choose_screen        smallconst   000631
__end_of_choosescreen         text39       00121A
__end_of_clearArray           text46       001FF0
__end_of_collisionDetect      text27       001D54
__end_of_debounceButton       text48       001C26
__end_of_genBerry             text34       002152
__end_of_getNumber            text14       00209C
__end_of_initialise_TMR0      text38       002106
__end_of_initialise_globals   text15       0017D2
__end_of_initialise_hardware  text37       001EDA
__end_of_isr                  intcode_body 000CA4
__end_of_itoa                 text10       00145A
__end_of_main                 text0        00204A
__end_of_mainGameLoop         text6        001892
__end_of_memcpy               text23       001E00
__end_of_mergeObjects         text45       00162A
__end_of_moveObject           text26       000E28
__end_of_moveObjectDown       text21       001702
__end_of_newRotation          text20       001350
__end_of_pauseButtons         text44       0021BA
__end_of_pauseMultiplexing    text42       002194
__end_of_pixelCount           text19       001CFC
__end_of_readHighScore        text4        001F52
__end_of_removeLine           text17       00154C
__end_of_resumeButtons        text41       0021B4
__end_of_resumeMultiplexing   text40       0021AE
__end_of_reverse              text11       001E52
__end_of_rnd_get_num          text35       001E98
__end_of_rnd_initialize       text3        0021A8
__end_of_selectNextObject     text22       00193A
__end_of_show_score           text9        0010E0
__end_of_splash_screen        text1        001DAA
__end_of_swap                 text12       00201E
__end_of_waitForInterrupt     text43       0021A0
__end_of_waitms               text2        002164
__end_of_writeHighScore       text7        001F88
__initialization              cinit        0019C0
__lfsr                        dataCOMRAM   000062
__mediumconst                 mediumconst  000000
__pbssBANK0                   bssBANK0     000080
__pbssBANK1                   bssBANK1     000100
__pbssCOMRAM                  bssCOMRAM    000001
__pcinit                      cinit        0019C0
__pcstackBANK0                cstackBANK0  0000A0
__pcstackCOMRAM               cstackCOMRAM 000035
__pdataBANK0                  dataBANK0    0000B7
__pdataBANK2                  dataBANK2    000200
__pdataCOMRAM                 dataCOMRAM   000062
__pidataBANK0                 idataBANK0   002164
__pidataBANK2                 idataBANK2   00193A
__pidataCOMRAM                idataCOMRAM  0021BA
__pintcode                    intcode      000008
__pintcode_body               intcode_body 000B14
__psmallconst                 smallconst   000600
__ptext0                      text0        00201E
__ptext1                      text1        001D54
__ptext10                     text10       001350
__ptext11                     text11       001E00
__ptext12                     text12       001FF0
__ptext13                     text13       001A44
__ptext14                     text14       002074
__ptext15                     text15       001702
__ptext16                     text16       001AC8
__ptext17                     text17       00145A
__ptext18                     text18       0006F2
__ptext19                     text19       001C92
__ptext2                      text2        002152
__ptext20                     text20       00121A
__ptext21                     text21       00162A
__ptext22                     text22       001892
__ptext23                     text23       001DAA
__ptext24                     text24       0020C2
__ptext25                     text25       001B48
__ptext26                     text26       000CA4
__ptext27                     text27       001CFC
__ptext28                     text28       001F88
__ptext29                     text29       002106
__ptext3                      text3        0021A0
__ptext30                     text30       002122
__ptext31                     text31       000934
__ptext32                     text32       000E28
__ptext33                     text33       001C26
__ptext34                     text34       00213A
__ptext35                     text35       001E52
__ptext36                     text36       00204A
__ptext37                     text37       001E98
__ptext38                     text38       0020E8
__ptext39                     text39       0010E0
__ptext4                      text4        001F1C
__ptext40                     text40       0021A8
__ptext41                     text41       0021AE
__ptext42                     text42       002184
__ptext43                     text43       002194
__ptext44                     text44       0021B4
__ptext45                     text45       00154C
__ptext46                     text46       001FBC
__ptext48                     text48       001BB8
__ptext49                     text49       001EDA
__ptext5                      text5        002174
__ptext6                      text6        0017D2
__ptext7                      text7        001F52
__ptext8                      text8        00209C
__ptext9                      text9        000F92
__ramtop                      ramtop       000600
__size_of_CreateBerry         (abs)        000000
__size_of_MoveSnakes          (abs)        000000
__size_of_ReadEEByte          (abs)        000000
__size_of_SnakeGraph          (abs)        000000
__size_of_WriteEEByte         (abs)        000000
__size_of___awdiv             (abs)        000000
__size_of___awmod             (abs)        000000
__size_of___lbmod             (abs)        000000
__size_of___lwmod             (abs)        000000
__size_of___wmul              (abs)        000000
__size_of_checkButtons        (abs)        000000
__size_of_checkForBottom      (abs)        000000
__size_of_checkForLeftWall    (abs)        000000
__size_of_checkForLines       (abs)        000000
__size_of_checkForRightWall   (abs)        000000
__size_of_choosescreen        (abs)        000000
__size_of_clearArray          (abs)        000000
__size_of_collisionDetect     (abs)        000000
__size_of_debounceButton      (abs)        000000
__size_of_genBerry            (abs)        000000
__size_of_getNumber           (abs)        000000
__size_of_initialise_TMR0     (abs)        000000
__size_of_initialise_globals  (abs)        000000
__size_of_initialise_hardware (abs)        000000
__size_of_isr                 (abs)        000000
__size_of_itoa                (abs)        000000
__size_of_main                (abs)        000000
__size_of_mainGameLoop        (abs)        000000
__size_of_memcpy              (abs)        000000
__size_of_mergeObjects        (abs)        000000
__size_of_moveObject          (abs)        000000
__size_of_moveObjectDown      (abs)        000000
__size_of_newRotation         (abs)        000000
__size_of_pauseButtons        (abs)        000000
__size_of_pauseMultiplexing   (abs)        000000
__size_of_pixelCount          (abs)        000000
__size_of_readHighScore       (abs)        000000
__size_of_removeLine          (abs)        000000
__size_of_resumeButtons       (abs)        000000
__size_of_resumeMultiplexing  (abs)        000000
__size_of_reverse             (abs)        000000
__size_of_rnd_get_num         (abs)        000000
__size_of_rnd_initialize      (abs)        000000
__size_of_selectNextObject    (abs)        000000
__size_of_show_score          (abs)        000000
__size_of_splash_screen       (abs)        000000
__size_of_swap                (abs)        000000
__size_of_waitForInterrupt    (abs)        000000
__size_of_waitms              (abs)        000000
__size_of_writeHighScore      (abs)        000000
__smallconst                  smallconst   000600
_berryX                       bssCOMRAM    00000A
_berryY                       bssCOMRAM    000009
_checkButtons                 text18       0006F2
_checkForBottom               text28       001F88
_checkForLeftWall             text30       002122
_checkForLines                text16       001AC8
_checkForRightWall            text29       002106
_choose_screen                smallconst   000621
_choosescreen                 text39       0010E0
_clearArray                   text46       001FBC
_collisionDetect              text27       001CFC
_debounceButton               text48       001BB8
_direction                    bssCOMRAM    00000D
_genBerry                     text34       00213A
_getNumber                    text14       002074
_initialise_TMR0              text38       0020E8
_initialise_globals           text15       001702
_initialise_hardware          text37       001E98
_isr                          intcode      000008
_itoa                         text10       001350
_itoa$422                     cstackCOMRAM 00005B
_mS                           bssCOMRAM    000003
_main                         text0        00201E
_mainGameLoop                 text6        0017D2
_memcpy                       text23       001DAA
_mergeObjects                 text45       00154C
_moveObject                   text26       000CA4
_moveObjectDown               text21       00162A
_moveSnake                    bssCOMRAM    00000C
_mtxButtons                   bssCOMRAM    000017
_newRotation                  text20       00121A
_pauseButtons                 text44       0021B4
_pauseMultiplexing            text42       002184
_pixelCount                   text19       001C92
_port_display                 (abs)        000F82
_positions                    bssBANK1     000100
_previous_direction           bssCOMRAM    000008
_readHighScore                text4        001F1C
_removeLine                   text17       00145A
_resumeButtons                text41       0021AE
_resumeMultiplexing           text40       0021A8
_reverse                      text11       001E00
_rnd_get_num                  text35       001E52
_rnd_initialize               text3        0021A0
_selectNextObject             text22       001892
_shapes                       dataBANK2    000200
_show_score                   text9        000F92
_snakeLength                  bssCOMRAM    00000B
_splash_screen                text1        001D54
_swap                         text12       001FF0
_tetris                       bssCOMRAM    000007
_time                         bssCOMRAM    000001
_tmpObjectData                bssBANK0     000080
_waitForInterrupt             text43       002194
_waitms                       text2        002152
_writeHighScore               text7        001F52
btemp                         temp         000063
checkForBottom@i              cstackCOMRAM 00004B
checkForBottom@pObject        cstackCOMRAM 000047
checkForLeftWall@pObject      cstackCOMRAM 000047
checkForLines@pObject         cstackCOMRAM 000058
checkForLines@pixels          cstackCOMRAM 00005F
checkForLines@x               cstackCOMRAM 000060
checkForLines@y               cstackCOMRAM 000061
checkForRightWall@pObject     cstackCOMRAM 000047
choosescreen@i                cstackCOMRAM 00005F
choosescreen@mask             cstackCOMRAM 00004F
clearArray@i                  cstackCOMRAM 00004D
clearArray@pArray             cstackCOMRAM 000047
clearArray@size               cstackCOMRAM 000049
collisionDetect@i             cstackCOMRAM 00004F
collisionDetect@pSource       cstackCOMRAM 000047
collisionDetect@pTarget       cstackCOMRAM 000049
debounceButton@button         cstackCOMRAM 00003B
debounceButton@debounced      cstackCOMRAM 000037
debounceButton@delay          cstackCOMRAM 000035
end_of_initialization         cinit        001A36
genBerry@size                 cstackCOMRAM 00004C
genBerry@temp                 cstackCOMRAM 00004D
getNumber@pDigit              cstackCOMRAM 000053
getNumber@pTarget             cstackCOMRAM 000051
initialise_globals@i          cstackCOMRAM 000051
int$flags                     temp         000063
int_func                      intcode_body 000B14
intlevel0                     text         000000
intlevel1                     text         000000
intlevel2                     text         000000
intlevel3                     text         000000
isr@CurrentX                  bssCOMRAM    000030
isr@xmask                     cstackCOMRAM 000046
isr@ymask                     cstackCOMRAM 000044
itoa@bas                      cstackCOMRAM 000059
itoa@i                        cstackCOMRAM 000060
itoa@isNegative               cstackCOMRAM 00005D
itoa@rem                      cstackCOMRAM 00005E
itoa@str                      cstackCOMRAM 000057
itoa@value                    cstackCOMRAM 000055
memcpy@d                      cstackCOMRAM 00004D
memcpy@dest                   cstackCOMRAM 000047
memcpy@n                      cstackCOMRAM 00004B
memcpy@s                      cstackCOMRAM 00004F
memcpy@src                    cstackCOMRAM 000049
mergeObjects@i                cstackCOMRAM 00004E
mergeObjects@mode             cstackCOMRAM 00004B
mergeObjects@pSource          cstackCOMRAM 000047
mergeObjects@pTarget          cstackCOMRAM 000049
moveObject@c                  cstackCOMRAM 00004F
moveObject@cycles             cstackCOMRAM 00004A
moveObject@direction          cstackCOMRAM 000049
moveObject@i                  cstackCOMRAM 000050
moveObject@pObject            cstackCOMRAM 000047
moveObjectDown@pObject        cstackCOMRAM 00005A
moveObjectDown@result         cstackCOMRAM 00005C
newRotation@pSource           cstackCOMRAM 000053
newRotation@pTarget           cstackCOMRAM 000055
newRotation@rotation          cstackCOMRAM 000057
newRotation@x1                cstackCOMRAM 00005F
newRotation@x2                cstackCOMRAM 00005D
newRotation@y1                cstackCOMRAM 000060
newRotation@y2                cstackCOMRAM 00005E
pixelCount@pSource            cstackCOMRAM 000047
pixelCount@r                  cstackCOMRAM 00004E
pixelCount@x                  cstackCOMRAM 00004F
pixelCount@y                  cstackCOMRAM 000050
readHighScore@adress          cstackCOMRAM 000049
readHighScore@tmpbyte         cstackCOMRAM 00004A
removeLine@currentLine        cstackCOMRAM 000055
removeLine@pObject            cstackCOMRAM 000047
removeLine@pY                 cstackCOMRAM 000049
removeLine@x                  cstackCOMRAM 000057
removeLine@y                  cstackCOMRAM 000056
reverse@end                   cstackCOMRAM 000053
reverse@length                cstackCOMRAM 00004E
reverse@start                 cstackCOMRAM 000051
reverse@str                   cstackCOMRAM 00004C
rnd_get_num@b                 cstackCOMRAM 00004A
rnd_initialize@seed           cstackCOMRAM 000047
selectNextObject@counter      cstackCOMRAM 000056
selectNextObject@pTarget      cstackCOMRAM 000053
selectNextObject@rndSelection cstackCOMRAM 000055
selectNextObject@s            cstackCOMRAM 000058
selectNextObject@selection    cstackCOMRAM 000057
show_score@F2907              dataBANK0    0000B7
show_score@currentNumber      cstackBANK0  0000B1
show_score@i                  cstackBANK0  0000B6
show_score@mask               cstackBANK0  0000A0
show_score@number             cstackBANK0  0000B2
show_score@score              cstackBANK0  0000B0
stackhi                       (abs)        0005FF
stacklo                       (abs)        000285
start                         init         00000E
start_initialization          cinit        0019C0
swap@a                        cstackCOMRAM 000047
swap@b                        cstackCOMRAM 000049
swap@t                        cstackCOMRAM 00004B
ttemp5                        temp         000064
ttemp6                        temp         000067
ttemp7                        temp         00006B
waitms@t                      cstackCOMRAM 000047
writeHighScore@adress         cstackCOMRAM 000049
wtemp8                        temp         000064


FUNCTION INFORMATION:

 *************** function _main *****************
 Defined at:
		line 1430 in file "pictris.c"
 Parameters:    Size  Location     Type
		None
 Auto vars:     Size  Location     Type
		None
 Return value:  Size  Location     Type
                  1    wreg      void 
 Registers used:
		wreg, fsr1l, fsr1h, fsr2l, fsr2h, status,2, status,0, tblptrl, tblptrh, tblptru, prodl, prodh, cstack
 Tracked objects:
		On entry : 
		On exit  : 
		Unchanged: 
 Data sizes:     COMRAM   BANK0   BANK1   BANK2   BANK3   BANK4   BANK5
      Params:         0       0       0       0       0       0       0
      Locals:         0       0       0       0       0       0       0
      Temps:          0       0       0       0       0       0       0
      Totals:         0       0       0       0       0       0       0
Total ram usage:        0 bytes
 Hardware stack levels required when called:    7
 This function calls:
		_choosescreen
		_initialise_globals
		_initialise_hardware
		_mainGameLoop
		_readHighScore
		_rnd_initialize
		_show_score
		_splash_screen
 This function is called by:
		Startup code after reset
 This function uses a non-reentrant model


 *************** function _splash_screen *****************
 Defined at:
		line 1177 in file "pictris.c"
 Parameters:    Size  Location     Type
		None
 Auto vars:     Size  Location     Type
		None
 Return value:  Size  Location     Type
                  1    wreg      void 
 Registers used:
		wreg, fsr1l, fsr1h, fsr2l, fsr2h, status,2, status,0, tblptrl, tblptrh, tblptru, cstack
 Tracked objects:
		On entry : 
		On exit  : 
		Unchanged: 
 Data sizes:     COMRAM   BANK0   BANK1   BANK2   BANK3   BANK4   BANK5
      Params:         0       0       0       0       0       0       0
      Locals:         0       0       0       0       0       0       0
      Temps:          0       0       0       0       0       0       0
      Totals:         0       0       0       0       0       0       0
Total ram usage:        0 bytes
 Hardware stack levels used:    1
 Hardware stack levels required when called:    4
 This function calls:
		_memcpy
		_pauseMultiplexing
		_resumeMultiplexing
		_waitms
 This function is called by:
		_main
 This function uses a non-reentrant model


 *************** function _waitms *****************
 Defined at:
		line 411 in file "pictris.c"
 Parameters:    Size  Location     Type
  t               2   18[COMRAM] unsigned int 
 Auto vars:     Size  Location     Type
		None
 Return value:  Size  Location     Type
                  1    wreg      void 
 Registers used:
		wreg, status,2, status,0
 Tracked objects:
		On entry : 
		On exit  : 
		Unchanged: 
 Data sizes:     COMRAM   BANK0   BANK1   BANK2   BANK3   BANK4   BANK5
      Params:         2       0       0       0       0       0       0
      Locals:         0       0       0       0       0       0       0
      Temps:          0       0       0       0       0       0       0
      Totals:         2       0       0       0       0       0       0
Total ram usage:        2 bytes
 Hardware stack levels used:    1
 Hardware stack levels required when called:    2
 This function calls:
		Nothing
 This function is called by:
		_splash_screen
 This function uses a non-reentrant model


 *************** function _rnd_initialize *****************
 Defined at:
		line 24 in file "randgen.c"
 Parameters:    Size  Location     Type
  seed            1    wreg     unsigned char 
 Auto vars:     Size  Location     Type
  seed            1   18[COMRAM] unsigned char 
 Return value:  Size  Location     Type
                  1    wreg      void 
 Registers used:
		wreg
 Tracked objects:
		On entry : 
		On exit  : 
		Unchanged: 
 Data sizes:     COMRAM   BANK0   BANK1   BANK2   BANK3   BANK4   BANK5
      Params:         0       0       0       0       0       0       0
      Locals:         1       0       0       0       0       0       0
      Temps:          0       0       0       0       0       0       0
      Totals:         1       0       0       0       0       0       0
Total ram usage:        1 bytes
 Hardware stack levels used:    1
 Hardware stack levels required when called:    2
 This function calls:
		Nothing
 This function is called by:
		_main
 This function uses a non-reentrant model


 *************** function _readHighScore *****************
 Defined at:
		line 1329 in file "pictris.c"
 Parameters:    Size  Location     Type
  adress          1    wreg     unsigned char 
 Auto vars:     Size  Location     Type
  adress          1   20[COMRAM] unsigned char 
  tmpbyte         1   21[COMRAM] unsigned char 
 Return value:  Size  Location     Type
                  1    wreg      void 
 Registers used:
		wreg, status,2, status,0, cstack
 Tracked objects:
		On entry : 
		On exit  : 
		Unchanged: 
 Data sizes:     COMRAM   BANK0   BANK1   BANK2   BANK3   BANK4   BANK5
      Params:         0       0       0       0       0       0       0
      Locals:         2       0       0       0       0       0       0
      Temps:          0       0       0       0       0       0       0
      Totals:         2       0       0       0       0       0       0
Total ram usage:        2 bytes
 Hardware stack levels used:    1
 Hardware stack levels required when called:    3
 This function calls:
		_ReadEEByte
		_WriteEEByte
 This function is called by:
		_main
 This function uses a non-reentrant model


 *************** function _ReadEEByte *****************
 Defined at:
		line 1298 in file "pictris.c"
 Parameters:    Size  Location     Type
  address         1    wreg     unsigned char 
 Auto vars:     Size  Location     Type
  address         1   18[COMRAM] unsigned char 
 Return value:  Size  Location     Type
                  1    wreg      unsigned char 
 Registers used:
		wreg, status,2
 Tracked objects:
		On entry : 
		On exit  : 
		Unchanged: 
 Data sizes:     COMRAM   BANK0   BANK1   BANK2   BANK3   BANK4   BANK5
      Params:         0       0       0       0       0       0       0
      Locals:         1       0       0       0       0       0       0
      Temps:          0       0       0       0       0       0       0
      Totals:         1       0       0       0       0       0       0
Total ram usage:        1 bytes
 Hardware stack levels used:    1
 Hardware stack levels required when called:    2
 This function calls:
		Nothing
 This function is called by:
		_readHighScore
 This function uses a non-reentrant model


 *************** function _mainGameLoop *****************
 Defined at:
		line 1366 in file "pictris.c"
 Parameters:    Size  Location     Type
		None
 Auto vars:     Size  Location     Type
		None
 Return value:  Size  Location     Type
                  1    wreg      void 
 Registers used:
		wreg, fsr1l, fsr1h, fsr2l, fsr2h, status,2, status,0, tblptrl, tblptrh, tblptru, prodl, prodh, cstack
 Tracked objects:
		On entry : 
		On exit  : 
		Unchanged: 
 Data sizes:     COMRAM   BANK0   BANK1   BANK2   BANK3   BANK4   BANK5
      Params:         0       0       0       0       0       0       0
      Locals:         0       0       0       0       0       0       0
      Temps:          0       0       0       0       0       0       0
      Totals:         0       0       0       0       0       0       0
Total ram usage:        0 bytes
 Hardware stack levels used:    1
 Hardware stack levels required when called:    6
 This function calls:
		_MoveSnakes
		_checkButtons
		_checkForLines
		_clearArray
		_initialise_globals
		_moveObjectDown
		_pauseMultiplexing
		_resumeMultiplexing
		_selectNextObject
		_show_score
		_writeHighScore
 This function is called by:
		_main
 This function uses a non-reentrant model


 *************** function _writeHighScore *****************
 Defined at:
		line 1347 in file "pictris.c"
 Parameters:    Size  Location     Type
  adress          1    wreg     unsigned char 
 Auto vars:     Size  Location     Type
  adress          1   20[COMRAM] unsigned char 
 Return value:  Size  Location     Type
                  1    wreg      void 
 Registers used:
		wreg, status,2, status,0, cstack
 Tracked objects:
		On entry : 
		On exit  : 
		Unchanged: 
 Data sizes:     COMRAM   BANK0   BANK1   BANK2   BANK3   BANK4   BANK5
      Params:         0       0       0       0       0       0       0
      Locals:         1       0       0       0       0       0       0
      Temps:          0       0       0       0       0       0       0
      Totals:         1       0       0       0       0       0       0
Total ram usage:        1 bytes
 Hardware stack levels used:    1
 Hardware stack levels required when called:    3
 This function calls:
		_WriteEEByte
 This function is called by:
		_mainGameLoop
 This function uses a non-reentrant model


 *************** function _WriteEEByte *****************
 Defined at:
		line 1308 in file "pictris.c"
 Parameters:    Size  Location     Type
  address         1    wreg     unsigned char 
  data            1   18[COMRAM] unsigned char 
 Auto vars:     Size  Location     Type
  address         1   19[COMRAM] unsigned char 
 Return value:  Size  Location     Type
                  1    wreg      void 
 Registers used:
		wreg, status,2
 Tracked objects:
		On entry : 
		On exit  : 
		Unchanged: 
 Data sizes:     COMRAM   BANK0   BANK1   BANK2   BANK3   BANK4   BANK5
      Params:         1       0       0       0       0       0       0
      Locals:         1       0       0       0       0       0       0
      Temps:          0       0       0       0       0       0       0
      Totals:         2       0       0       0       0       0       0
Total ram usage:        2 bytes
 Hardware stack levels used:    1
 Hardware stack levels required when called:    2
 This function calls:
		Nothing
 This function is called by:
		_readHighScore
		_writeHighScore
 This function uses a non-reentrant model


 *************** function _show_score *****************
 Defined at:
		line 1245 in file "pictris.c"
 Parameters:    Size  Location     Type
  score           1    wreg     unsigned char 
 Auto vars:     Size  Location     Type
  score           1   16[BANK0 ] unsigned char 
  mask           16    0[BANK0 ] unsigned short [8]
  number          4   18[BANK0 ] unsigned char [4]
  i               1   22[BANK0 ] unsigned char 
  currentNumbe    1   17[BANK0 ] unsigned char 
 Return value:  Size  Location     Type
                  1    wreg      void 
 Registers used:
		wreg, fsr1l, fsr1h, fsr2l, fsr2h, status,2, status,0, tblptrl, tblptrh, tblptru, prodl, prodh, cstack
 Tracked objects:
		On entry : 
		On exit  : 
		Unchanged: 
 Data sizes:     COMRAM   BANK0   BANK1   BANK2   BANK3   BANK4   BANK5
      Params:         0       0       0       0       0       0       0
      Locals:         0      23       0       0       0       0       0
      Temps:          0       0       0       0       0       0       0
      Totals:         0      23       0       0       0       0       0
Total ram usage:       23 bytes
 Hardware stack levels used:    1
 Hardware stack levels required when called:    5
 This function calls:
		_clearArray
		_getNumber
		_itoa
		_mergeObjects
		_moveObject
		_pauseButtons
		_pauseMultiplexing
		_resumeButtons
		_resumeMultiplexing
 This function is called by:
		_mainGameLoop
		_main
 This function uses a non-reentrant model


 *************** function _itoa *****************
 Defined at:
		line 314 in file "pictris.c"
 Parameters:    Size  Location     Type
  value           2   32[COMRAM] int 
  str             2   34[COMRAM] PTR unsigned char 
		 -> show_score@number(4), 
  bas             2   36[COMRAM] int 
 Auto vars:     Size  Location     Type
  rem             2   41[COMRAM] int 
  i               2   43[COMRAM] int 
  isNegative      1   40[COMRAM] _Bool 
 Return value:  Size  Location     Type
                  2   32[COMRAM] PTR unsigned char 
 Registers used:
		wreg, fsr1l, fsr1h, fsr2l, fsr2h, status,2, status,0, cstack
 Tracked objects:
		On entry : 
		On exit  : 
		Unchanged: 
 Data sizes:     COMRAM   BANK0   BANK1   BANK2   BANK3   BANK4   BANK5
      Params:         6       0       0       0       0       0       0
      Locals:         7       0       0       0       0       0       0
      Temps:          0       0       0       0       0       0       0
      Totals:        13       0       0       0       0       0       0
Total ram usage:       13 bytes
 Hardware stack levels used:    1
 Hardware stack levels required when called:    4
 This function calls:
		___awdiv
		___awmod
		_reverse
 This function is called by:
		_show_score
 This function uses a non-reentrant model


 *************** function _reverse *****************
 Defined at:
		line 302 in file "pictris.c"
 Parameters:    Size  Location     Type
  str             2   23[COMRAM] PTR unsigned char 
		 -> show_score@number(4), 
  length          2   25[COMRAM] int 
 Auto vars:     Size  Location     Type
  end             2   30[COMRAM] int 
  start           2   28[COMRAM] int 
 Return value:  Size  Location     Type
                  1    wreg      void 
 Registers used:
		wreg, fsr1l, fsr1h, fsr2l, fsr2h, status,2, status,0, cstack
 Tracked objects:
		On entry : 
		On exit  : 
		Unchanged: 
 Data sizes:     COMRAM   BANK0   BANK1   BANK2   BANK3   BANK4   BANK5
      Params:         4       0       0       0       0       0       0
      Locals:         4       0       0       0       0       0       0
      Temps:          1       0       0       0       0       0       0
      Totals:         9       0       0       0       0       0       0
Total ram usage:        9 bytes
 Hardware stack levels used:    1
 Hardware stack levels required when called:    3
 This function calls:
		_swap
 This function is called by:
		_itoa
 This function uses a non-reentrant model


 *************** function _swap *****************
 Defined at:
		line 294 in file "pictris.c"
 Parameters:    Size  Location     Type
  a               2   18[COMRAM] PTR unsigned char 
		 -> show_score@number(4), 
  b               2   20[COMRAM] PTR unsigned char 
		 -> show_score@number(4), 
 Auto vars:     Size  Location     Type
  t               1   22[COMRAM] unsigned char 
 Return value:  Size  Location     Type
                  1    wreg      void 
 Registers used:
		wreg, fsr1l, fsr1h, fsr2l, fsr2h, status,2
 Tracked objects:
		On entry : 
		On exit  : 
		Unchanged: 
 Data sizes:     COMRAM   BANK0   BANK1   BANK2   BANK3   BANK4   BANK5
      Params:         4       0       0       0       0       0       0
      Locals:         1       0       0       0       0       0       0
      Temps:          0       0       0       0       0       0       0
      Totals:         5       0       0       0       0       0       0
Total ram usage:        5 bytes
 Hardware stack levels used:    1
 Hardware stack levels required when called:    2
 This function calls:
		Nothing
 This function is called by:
		_reverse
 This function uses a non-reentrant model


 *************** function ___awdiv *****************
 Defined at:
		line 7 in file "C:\Program Files (x86)\Microchip\xc8\v2.00\pic\sources\c99\common\awdiv.c"
 Parameters:    Size  Location     Type
  dividend        2   18[COMRAM] int 
  divisor         2   20[COMRAM] int 
 Auto vars:     Size  Location     Type
  quotient        2   24[COMRAM] int 
  sign            1   23[COMRAM] unsigned char 
  counter         1   22[COMRAM] unsigned char 
 Return value:  Size  Location     Type
                  2   18[COMRAM] int 
 Registers used:
		wreg, status,2, status,0
 Tracked objects:
		On entry : 
		On exit  : 
		Unchanged: 
 Data sizes:     COMRAM   BANK0   BANK1   BANK2   BANK3   BANK4   BANK5
      Params:         4       0       0       0       0       0       0
      Locals:         4       0       0       0       0       0       0
      Temps:          0       0       0       0       0       0       0
      Totals:         8       0       0       0       0       0       0
Total ram usage:        8 bytes
 Hardware stack levels used:    1
 Hardware stack levels required when called:    2
 This function calls:
		Nothing
 This function is called by:
		_itoa
 This function uses a non-reentrant model


 *************** function _getNumber *****************
 Defined at:
		line 1240 in file "pictris.c"
 Parameters:    Size  Location     Type
  pDigit          1    wreg     unsigned char 
  pTarget         2   28[COMRAM] PTR unsigned short 
		 -> tmpObjectData(16), 
 Auto vars:     Size  Location     Type
  pDigit          1   30[COMRAM] unsigned char 
 Return value:  Size  Location     Type
                  1    wreg      void 
 Registers used:
		wreg, fsr1l, fsr1h, fsr2l, fsr2h, status,2, status,0, tblptrl, tblptrh, tblptru, prodl, prodh, cstack
 Tracked objects:
		On entry : 
		On exit  : 
		Unchanged: 
 Data sizes:     COMRAM   BANK0   BANK1   BANK2   BANK3   BANK4   BANK5
      Params:         2       0       0       0       0       0       0
      Locals:         1       0       0       0       0       0       0
      Temps:          0       0       0       0       0       0       0
      Totals:         3       0       0       0       0       0       0
Total ram usage:        3 bytes
 Hardware stack levels used:    1
 Hardware stack levels required when called:    3
 This function calls:
		_memcpy
 This function is called by:
		_show_score
 This function uses a non-reentrant model


 *************** function _initialise_globals *****************
 Defined at:
		line 1113 in file "pictris.c"
 Parameters:    Size  Location     Type
		None
 Auto vars:     Size  Location     Type
  i               1   28[COMRAM] unsigned char 
 Return value:  Size  Location     Type
                  1    wreg      void 
 Registers used:
		wreg, fsr2l, fsr2h, status,2, status,0, prodl, prodh, cstack
 Tracked objects:
		On entry : 
		On exit  : 
		Unchanged: 
 Data sizes:     COMRAM   BANK0   BANK1   BANK2   BANK3   BANK4   BANK5
      Params:         0       0       0       0       0       0       0
      Locals:         1       0       0       0       0       0       0
      Temps:          0       0       0       0       0       0       0
      Totals:         1       0       0       0       0       0       0
Total ram usage:        1 bytes
 Hardware stack levels used:    1
 Hardware stack levels required when called:    5
 This function calls:
		_CreateBerry
		_clearArray
 This function is called by:
		_mainGameLoop
		_main
 This function uses a non-reentrant model


 *************** function _checkForLines *****************
 Defined at:
		line 1053 in file "pictris.c"
 Parameters:    Size  Location     Type
  pObject         2   35[COMRAM] PTR volatile unsigned sh
		 -> BackgroundData(16), 
 Auto vars:     Size  Location     Type
  y               1   44[COMRAM] unsigned char 
  x               1   43[COMRAM] unsigned char 
  pixels          1   42[COMRAM] unsigned char 
 Return value:  Size  Location     Type
                  1    wreg      void 
 Registers used:
		wreg, fsr2l, fsr2h, status,2, status,0, prodl, prodh, cstack
 Tracked objects:
		On entry : 
		On exit  : 
		Unchanged: 
 Data sizes:     COMRAM   BANK0   BANK1   BANK2   BANK3   BANK4   BANK5
      Params:         2       0       0       0       0       0       0
      Locals:         3       0       0       0       0       0       0
      Temps:          5       0       0       0       0       0       0
      Totals:        10       0       0       0       0       0       0
Total ram usage:       10 bytes
 Hardware stack levels used:    1
 Hardware stack levels required when called:    3
 This function calls:
		_removeLine
 This function is called by:
		_mainGameLoop
 This function uses a non-reentrant model


 *************** function _removeLine *****************
 Defined at:
		line 1035 in file "pictris.c"
 Parameters:    Size  Location     Type
  pObject         2   18[COMRAM] PTR volatile unsigned sh
		 -> BackgroundData(16), 
  pY              1   20[COMRAM] unsigned char 
 Auto vars:     Size  Location     Type
  x               1   34[COMRAM] unsigned char 
  y               1   33[COMRAM] unsigned char 
  currentLine     1   32[COMRAM] unsigned char 
 Return value:  Size  Location     Type
                  1    wreg      void 
 Registers used:
		wreg, fsr2l, fsr2h, status,2, status,0, prodl, prodh
 Tracked objects:
		On entry : 
		On exit  : 
		Unchanged: 
 Data sizes:     COMRAM   BANK0   BANK1   BANK2   BANK3   BANK4   BANK5
      Params:         3       0       0       0       0       0       0
      Locals:         3       0       0       0       0       0       0
      Temps:         11       0       0       0       0       0       0
      Totals:        17       0       0       0       0       0       0
Total ram usage:       17 bytes
 Hardware stack levels used:    1
 Hardware stack levels required when called:    2
 This function calls:
		Nothing
 This function is called by:
		_checkForLines
 This function uses a non-reentrant model


 *************** function _checkButtons *****************
 Defined at:
		line 909 in file "pictris.c"
 Parameters:    Size  Location     Type
		None
 Auto vars:     Size  Location     Type
		None
 Return value:  Size  Location     Type
                  1    wreg      void 
 Registers used:
		wreg, fsr1l, fsr1h, fsr2l, fsr2h, status,2, status,0, tblptrl, tblptrh, tblptru, prodl, prodh, cstack
 Tracked objects:
		On entry : 
		On exit  : 
		Unchanged: 
 Data sizes:     COMRAM   BANK0   BANK1   BANK2   BANK3   BANK4   BANK5
      Params:         0       0       0       0       0       0       0
      Locals:         0       0       0       0       0       0       0
      Temps:          1       0       0       0       0       0       0
      Totals:         1       0       0       0       0       0       0
Total ram usage:        1 bytes
 Hardware stack levels used:    1
 Hardware stack levels required when called:    5
 This function calls:
		_checkForLeftWall
		_checkForRightWall
		_collisionDetect
		_memcpy
		_mergeObjects
		_moveObject
		_moveObjectDown
		_newRotation
		_pauseButtons
		_pauseMultiplexing
		_pixelCount
		_resumeButtons
		_resumeMultiplexing
 This function is called by:
		_mainGameLoop
 This function uses a non-reentrant model


 *************** function _pixelCount *****************
 Defined at:
		line 845 in file "pictris.c"
 Parameters:    Size  Location     Type
  pSource         2   18[COMRAM] PTR volatile unsigned sh
		 -> tmpObjectData(16), ObjectData(16), 
 Auto vars:     Size  Location     Type
  y               1   27[COMRAM] unsigned char 
  x               1   26[COMRAM] unsigned char 
  r               1   25[COMRAM] unsigned char 
 Return value:  Size  Location     Type
                  1    wreg      unsigned char 
 Registers used:
		wreg, fsr2l, fsr2h, status,2, status,0, prodl, prodh
 Tracked objects:
		On entry : 
		On exit  : 
		Unchanged: 
 Data sizes:     COMRAM   BANK0   BANK1   BANK2   BANK3   BANK4   BANK5
      Params:         2       0       0       0       0       0       0
      Locals:         3       0       0       0       0       0       0
      Temps:          5       0       0       0       0       0       0
      Totals:        10       0       0       0       0       0       0
Total ram usage:       10 bytes
 Hardware stack levels used:    1
 Hardware stack levels required when called:    2
 This function calls:
		Nothing
 This function is called by:
		_checkButtons
 This function uses a non-reentrant model


 *************** function _newRotation *****************
 Defined at:
		line 801 in file "pictris.c"
 Parameters:    Size  Location     Type
  pSource         2   30[COMRAM] PTR volatile unsigned sh
		 -> ObjectData(16), 
  pTarget         2   32[COMRAM] PTR unsigned short 
		 -> tmpObjectData(16), 
  rotation        1   34[COMRAM] enum E2756
 Auto vars:     Size  Location     Type
  y1              1   43[COMRAM] unsigned char 
  x1              1   42[COMRAM] unsigned char 
  y2              1   41[COMRAM] char 
  x2              1   40[COMRAM] char 
 Return value:  Size  Location     Type
                  1    wreg      void 
 Registers used:
		wreg, fsr1l, fsr1h, fsr2l, fsr2h, status,2, status,0, tblptrl, tblptrh, tblptru, prodl, prodh, cstack
 Tracked objects:
		On entry : 
		On exit  : 
		Unchanged: 
 Data sizes:     COMRAM   BANK0   BANK1   BANK2   BANK3   BANK4   BANK5
      Params:         5       0       0       0       0       0       0
      Locals:         4       0       0       0       0       0       0
      Temps:          5       0       0       0       0       0       0
      Totals:        14       0       0       0       0       0       0
Total ram usage:       14 bytes
 Hardware stack levels used:    1
 Hardware stack levels required when called:    3
 This function calls:
		___wmul
		_clearArray
		_memcpy
 This function is called by:
		_checkButtons
 This function uses a non-reentrant model


 *************** function _moveObjectDown *****************
 Defined at:
		line 857 in file "pictris.c"
 Parameters:    Size  Location     Type
  pObject         2   37[COMRAM] PTR volatile unsigned sh
		 -> ObjectData(16), 
 Auto vars:     Size  Location     Type
  result          1   39[COMRAM] _Bool 
 Return value:  Size  Location     Type
                  1    wreg      _Bool 
 Registers used:
		wreg, fsr1l, fsr1h, fsr2l, fsr2h, status,2, status,0, tblptrl, tblptrh, tblptru, prodl, prodh, cstack
 Tracked objects:
		On entry : 
		On exit  : 
		Unchanged: 
 Data sizes:     COMRAM   BANK0   BANK1   BANK2   BANK3   BANK4   BANK5
      Params:         2       0       0       0       0       0       0
      Locals:         1       0       0       0       0       0       0
      Temps:          0       0       0       0       0       0       0
      Totals:         3       0       0       0       0       0       0
Total ram usage:        3 bytes
 Hardware stack levels used:    1
 Hardware stack levels required when called:    4
 This function calls:
		_checkForBottom
		_collisionDetect
		_mergeObjects
		_moveObject
		_pauseMultiplexing
		_resumeMultiplexing
		_selectNextObject
 This function is called by:
		_checkButtons
		_mainGameLoop
 This function uses a non-reentrant model


 *************** function _selectNextObject *****************
 Defined at:
		line 547 in file "pictris.c"
 Parameters:    Size  Location     Type
  pTarget         2   30[COMRAM] PTR volatile unsigned sh
		 -> ObjectData(16), 
 Auto vars:     Size  Location     Type
  s               2   35[COMRAM] PTR struct shape
		 -> shapes(133), 
  selection       1   34[COMRAM] unsigned char 
  counter         1   33[COMRAM] unsigned char 
  rndSelection    1   32[COMRAM] unsigned char 
 Return value:  Size  Location     Type
                  1    wreg      void 
 Registers used:
		wreg, fsr1l, fsr1h, fsr2l, fsr2h, status,2, status,0, tblptrl, tblptrh, tblptru, prodl, prodh, cstack
 Tracked objects:
		On entry : 
		On exit  : 
		Unchanged: 
 Data sizes:     COMRAM   BANK0   BANK1   BANK2   BANK3   BANK4   BANK5
      Params:         2       0       0       0       0       0       0
      Locals:         5       0       0       0       0       0       0
      Temps:          0       0       0       0       0       0       0
      Totals:         7       0       0       0       0       0       0
Total ram usage:        7 bytes
 Hardware stack levels used:    1
[...]
      Temps:          3       0       0       0       0       0       0
      Totals:         5       0       0       0       0       0       0
Total ram usage:        5 bytes
 Hardware stack levels used:    1
 Hardware stack levels required when called:    2
 This function calls:
		Nothing
 This function is called by:
		_selectNextObject
		_genBerry
 This function uses a non-reentrant model


 *************** function ___lbmod *****************
 Defined at:
		line 4 in file "C:\Program Files (x86)\Microchip\xc8\v2.00\pic\sources\c99\common\lbmod.c"
 Parameters:    Size  Location     Type
  dividend        1    wreg     unsigned char 
  divisor         1   18[COMRAM] unsigned char 
 Auto vars:     Size  Location     Type
  dividend        1   19[COMRAM] unsigned char 
  rem             1   21[COMRAM] unsigned char 
  counter         1   20[COMRAM] unsigned char 
 Return value:  Size  Location     Type
                  1    wreg      unsigned char 
 Registers used:
		wreg, status,2, status,0
 Tracked objects:
		On entry : 
		On exit  : 
		Unchanged: 
 Data sizes:     COMRAM   BANK0   BANK1   BANK2   BANK3   BANK4   BANK5
      Params:         1       0       0       0       0       0       0
      Locals:         3       0       0       0       0       0       0
      Temps:          0       0       0       0       0       0       0
      Totals:         4       0       0       0       0       0       0
Total ram usage:        4 bytes
 Hardware stack levels used:    1
 Hardware stack levels required when called:    2
 This function calls:
		Nothing
 This function is called by:
		_genBerry
 This function uses a non-reentrant model


 *************** function _initialise_hardware *****************
 Defined at:
		line 1085 in file "pictris.c"
 Parameters:    Size  Location     Type
		None
 Auto vars:     Size  Location     Type
		None
 Return value:  Size  Location     Type
                  1    wreg      void 
 Registers used:
		wreg, status,2, cstack
 Tracked objects:
		On entry : 
		On exit  : 
		Unchanged: 
 Data sizes:     COMRAM   BANK0   BANK1   BANK2   BANK3   BANK4   BANK5
      Params:         0       0       0       0       0       0       0
      Locals:         0       0       0       0       0       0       0
      Temps:          0       0       0       0       0       0       0
      Totals:         0       0       0       0       0       0       0
Total ram usage:        0 bytes
 Hardware stack levels used:    1
 Hardware stack levels required when called:    3
 This function calls:
		_initialise_TMR0
 This function is called by:
		_main
 This function uses a non-reentrant model


 *************** function _initialise_TMR0 *****************
 Defined at:
		line 1073 in file "pictris.c"
 Parameters:    Size  Location     Type
		None
 Auto vars:     Size  Location     Type
		None
 Return value:  Size  Location     Type
                  1    wreg      void 
 Registers used:
		wreg, status,2
 Tracked objects:
		On entry : 
		On exit  : 
		Unchanged: 
 Data sizes:     COMRAM   BANK0   BANK1   BANK2   BANK3   BANK4   BANK5
      Params:         0       0       0       0       0       0       0
      Locals:         0       0       0       0       0       0       0
      Temps:          0       0       0       0       0       0       0
      Totals:         0       0       0       0       0       0       0
Total ram usage:        0 bytes
 Hardware stack levels used:    1
 Hardware stack levels required when called:    2
 This function calls:
		Nothing
 This function is called by:
		_initialise_hardware
 This function uses a non-reentrant model


 *************** function _choosescreen *****************
 Defined at:
		line 1192 in file "pictris.c"
 Parameters:    Size  Location     Type
		None
 Auto vars:     Size  Location     Type
  mask           16   26[COMRAM] unsigned short [8]
  i               1   42[COMRAM] unsigned char 
 Return value:  Size  Location     Type
                  1    wreg      void 
 Registers used:
		wreg, fsr1l, fsr1h, fsr2l, fsr2h, status,2, status,0, tblptrl, tblptrh, tblptru, prodl, prodh, cstack
 Tracked objects:
		On entry : 
		On exit  : 
		Unchanged: 
 Data sizes:     COMRAM   BANK0   BANK1   BANK2   BANK3   BANK4   BANK5
      Params:         0       0       0       0       0       0       0
      Locals:        17       0       0       0       0       0       0
      Temps:          0       0       0       0       0       0       0
      Totals:        17       0       0       0       0       0       0
Total ram usage:       17 bytes
 Hardware stack levels used:    1
 Hardware stack levels required when called:    4
 This function calls:
		_clearArray
		_mergeObjects
		_pauseButtons
		_pauseMultiplexing
		_resumeButtons
		_resumeMultiplexing
 This function is called by:
		_main
 This function uses a non-reentrant model


 *************** function _resumeMultiplexing *****************
 Defined at:
		line 444 in file "pictris.c"
 Parameters:    Size  Location     Type
		None
 Auto vars:     Size  Location     Type
		None
 Return value:  Size  Location     Type
                  1    wreg      void 
 Registers used:
		wreg, status,2
 Tracked objects:
		On entry : 
		On exit  : 
		Unchanged: 
 Data sizes:     COMRAM   BANK0   BANK1   BANK2   BANK3   BANK4   BANK5
      Params:         0       0       0       0       0       0       0
      Locals:         0       0       0       0       0       0       0
      Temps:          0       0       0       0       0       0       0
      Totals:         0       0       0       0       0       0       0
Total ram usage:        0 bytes
 Hardware stack levels used:    1
 Hardware stack levels required when called:    2
 This function calls:
		Nothing
 This function is called by:
		_SnakeGraph
		_moveObjectDown
		_checkButtons
		_splash_screen
		_choosescreen
		_show_score
		_mainGameLoop
 This function uses a non-reentrant model


 *************** function _resumeButtons *****************
 Defined at:
		line 362 in file "pictris.c"
 Parameters:    Size  Location     Type
		None
 Auto vars:     Size  Location     Type
		None
 Return value:  Size  Location     Type
                  1    wreg      void 
 Registers used:
		wreg, status,2
 Tracked objects:
		On entry : 
		On exit  : 
		Unchanged: 
 Data sizes:     COMRAM   BANK0   BANK1   BANK2   BANK3   BANK4   BANK5
      Params:         0       0       0       0       0       0       0
      Locals:         0       0       0       0       0       0       0
      Temps:          0       0       0       0       0       0       0
      Totals:         0       0       0       0       0       0       0
Total ram usage:        0 bytes
 Hardware stack levels used:    1
 Hardware stack levels required when called:    2
 This function calls:
		Nothing
 This function is called by:
		_checkButtons
		_choosescreen
		_show_score
 This function uses a non-reentrant model


 *************** function _pauseMultiplexing *****************
 Defined at:
		line 433 in file "pictris.c"
 Parameters:    Size  Location     Type
		None
 Auto vars:     Size  Location     Type
		None
 Return value:  Size  Location     Type
                  1    wreg      void 
 Registers used:
		wreg, status,2, cstack
 Tracked objects:
		On entry : 
		On exit  : 
		Unchanged: 
 Data sizes:     COMRAM   BANK0   BANK1   BANK2   BANK3   BANK4   BANK5
      Params:         0       0       0       0       0       0       0
      Locals:         0       0       0       0       0       0       0
      Temps:          0       0       0       0       0       0       0
      Totals:         0       0       0       0       0       0       0
Total ram usage:        0 bytes
 Hardware stack levels used:    1
 Hardware stack levels required when called:    3
 This function calls:
		_waitForInterrupt
 This function is called by:
		_SnakeGraph
		_moveObjectDown
		_checkButtons
		_splash_screen
		_choosescreen
		_show_score
		_mainGameLoop
 This function uses a non-reentrant model


 *************** function _waitForInterrupt *****************
 Defined at:
		line 425 in file "pictris.c"
 Parameters:    Size  Location     Type
		None
 Auto vars:     Size  Location     Type
		None
 Return value:  Size  Location     Type
                  1    wreg      void 
 Registers used:
		wreg, status,2
 Tracked objects:
		On entry : 
		On exit  : 
		Unchanged: 
 Data sizes:     COMRAM   BANK0   BANK1   BANK2   BANK3   BANK4   BANK5
      Params:         0       0       0       0       0       0       0
      Locals:         0       0       0       0       0       0       0
      Temps:          0       0       0       0       0       0       0
      Totals:         0       0       0       0       0       0       0
Total ram usage:        0 bytes
 Hardware stack levels used:    1
 Hardware stack levels required when called:    2
 This function calls:
		Nothing
 This function is called by:
		_pauseMultiplexing
 This function uses a non-reentrant model


 *************** function _pauseButtons *****************
 Defined at:
		line 357 in file "pictris.c"
 Parameters:    Size  Location     Type
		None
 Auto vars:     Size  Location     Type
		None
 Return value:  Size  Location     Type
                  1    wreg      void 
 Registers used:
		wreg, status,2
 Tracked objects:
		On entry : 
		On exit  : 
		Unchanged: 
 Data sizes:     COMRAM   BANK0   BANK1   BANK2   BANK3   BANK4   BANK5
      Params:         0       0       0       0       0       0       0
      Locals:         0       0       0       0       0       0       0
      Temps:          0       0       0       0       0       0       0
      Totals:         0       0       0       0       0       0       0
Total ram usage:        0 bytes
 Hardware stack levels used:    1
 Hardware stack levels required when called:    2
 This function calls:
		Nothing
 This function is called by:
		_checkButtons
		_choosescreen
		_show_score
 This function uses a non-reentrant model


 *************** function _mergeObjects *****************
 Defined at:
		line 689 in file "pictris.c"
 Parameters:    Size  Location     Type
  pSource         2   18[COMRAM] PTR volatile unsigned sh
		 -> show_score@mask(16), choosescreen@mask(16), tmpObjectData(16), ObjectData(16), 
  pTarget         2   20[COMRAM] PTR volatile unsigned sh
		 -> tmpObjectData(16), BackgroundData(16), ObjectData(16), 
  mode            1   22[COMRAM] enum E2767
 Auto vars:     Size  Location     Type
  i               1   25[COMRAM] unsigned char 
 Return value:  Size  Location     Type
                  1    wreg      void 
 Registers used:
		wreg, fsr1l, fsr1h, fsr2l, fsr2h, status,2, status,0, prodl, prodh
 Tracked objects:
		On entry : 
		On exit  : 
		Unchanged: 
 Data sizes:     COMRAM   BANK0   BANK1   BANK2   BANK3   BANK4   BANK5
      Params:         5       0       0       0       0       0       0
      Locals:         1       0       0       0       0       0       0
      Temps:          2       0       0       0       0       0       0
      Totals:         8       0       0       0       0       0       0
Total ram usage:        8 bytes
 Hardware stack levels used:    1
 Hardware stack levels required when called:    2
 This function calls:
		Nothing
 This function is called by:
		_moveObjectDown
		_checkButtons
		_choosescreen
		_show_score
 This function uses a non-reentrant model


 *************** function _clearArray *****************
 Defined at:
		line 538 in file "pictris.c"
 Parameters:    Size  Location     Type
  pArray          2   18[COMRAM] PTR volatile unsigned sh
		 -> tmpObjectData(16), BackgroundData(16), ObjectData(16), 
  size            2   20[COMRAM] unsigned int 
 Auto vars:     Size  Location     Type
  i               1   24[COMRAM] unsigned char 
 Return value:  Size  Location     Type
                  1    wreg      void 
 Registers used:
		wreg, fsr2l, fsr2h, status,2, status,0, prodl, prodh
 Tracked objects:
		On entry : 
		On exit  : 
		Unchanged: 
 Data sizes:     COMRAM   BANK0   BANK1   BANK2   BANK3   BANK4   BANK5
      Params:         4       0       0       0       0       0       0
      Locals:         1       0       0       0       0       0       0
      Temps:          2       0       0       0       0       0       0
      Totals:         7       0       0       0       0       0       0
Total ram usage:        7 bytes
 Hardware stack levels used:    1
 Hardware stack levels required when called:    2
 This function calls:
		Nothing
 This function is called by:
		_SnakeGraph
		_newRotation
		_initialise_globals
		_choosescreen
		_show_score
		_mainGameLoop
 This function uses a non-reentrant model


 *************** function _isr *****************
 Defined at:
		line 453 in file "pictris.c"
 Parameters:    Size  Location     Type
		None
 Auto vars:     Size  Location     Type
  ymask           2   15[COMRAM] unsigned short 
  xmask           1   17[COMRAM] unsigned char 
 Return value:  Size  Location     Type
                  1    wreg      void 
 Registers used:
		wreg, fsr2l, fsr2h, status,2, status,0, prodl, prodh, cstack
 Tracked objects:
		On entry : 
		On exit  : 
		Unchanged: 
 Data sizes:     COMRAM   BANK0   BANK1   BANK2   BANK3   BANK4   BANK5
      Params:         0       0       0       0       0       0       0
      Locals:         3       0       0       0       0       0       0
      Temps:          8       0       0       0       0       0       0
      Totals:        11       0       0       0       0       0       0
Total ram usage:       11 bytes
 Hardware stack levels used:    1
 Hardware stack levels required when called:    1
 This function calls:
		___lwmod
		_debounceButton
 This function is called by:
		Interrupt level 2
 This function uses a non-reentrant model


 *************** function _debounceButton *****************
 Defined at:
		line 369 in file "pictris.c"
 Parameters:    Size  Location     Type
  button          1    wreg     volatile _Bool 
  delay           2    0[COMRAM] PTR volatile short 
		 -> Down_Delay(2), Rotate_Delay(2), Right_Delay(2), Left_Delay(2), 
  debounced       2    2[COMRAM] PTR volatile _Bool 
		 -> Down_Debounced(1), Rotate_Debounced(1), Right_Debounced(1), Left_Debounced(1), 
 Auto vars:     Size  Location     Type
  button          1    6[COMRAM] volatile _Bool 
 Return value:  Size  Location     Type
                  1    wreg      void 
 Registers used:
		wreg, fsr2l, fsr2h, status,2, status,0
 Tracked objects:
		On entry : 
		On exit  : 
		Unchanged: 
 Data sizes:     COMRAM   BANK0   BANK1   BANK2   BANK3   BANK4   BANK5
      Params:         4       0       0       0       0       0       0
      Locals:         1       0       0       0       0       0       0
      Temps:          2       0       0       0       0       0       0
      Totals:         7       0       0       0       0       0       0
Total ram usage:        7 bytes
 Hardware stack levels used:    1
 This function calls:
		Nothing
 This function is called by:
		_isr
 This function uses a non-reentrant model


 *************** function ___lwmod *****************
 Defined at:
		line 7 in file "C:\Program Files (x86)\Microchip\xc8\v2.00\pic\sources\c99\common\lwmod.c"
 Parameters:    Size  Location     Type
  dividend        2    0[COMRAM] unsigned int 
  divisor         2    2[COMRAM] unsigned int 
 Auto vars:     Size  Location     Type
  counter         1    4[COMRAM] unsigned char 
 Return value:  Size  Location     Type
                  2    0[COMRAM] unsigned int 
 Registers used:
		wreg, status,2, status,0
 Tracked objects:
		On entry : 
		On exit  : 
		Unchanged: 
 Data sizes:     COMRAM   BANK0   BANK1   BANK2   BANK3   BANK4   BANK5
      Params:         4       0       0       0       0       0       0
      Locals:         1       0       0       0       0       0       0
      Temps:          0       0       0       0       0       0       0
      Totals:         5       0       0       0       0       0       0
Total ram usage:        5 bytes
 Hardware stack levels used:    1
 This function calls:
		Nothing
 This function is called by:
		_isr
 This function uses a non-reentrant model



MODULE INFORMATION

Module		Function		Class		Link	Load	Size
pictris.c
		_removeLine    		CODE           	145A	0000	243
		_CreateBerry   		CODE           	1C26	0000	109
		_getNumber     		CODE           	2074	0000	41
		_initialise_TMR0		CODE           	20E8	0000	31
		_checkForLeftWall		CODE           	2122	0000	25
		_mergeObjects  		CODE           	154C	0000	223
		_checkForLines 		CODE           	1AC8	0000	129
		_waitms        		CODE           	2152	0000	19
		_main          		CODE           	201E	0000	45
		_checkForRightWall		CODE           	2106	0000	29
		_newRotation   		CODE           	121A	0000	311
		_checkForBottom		CODE           	1F88	0000	53
		_pixelCount    		CODE           	1C92	0000	107
		_choosescreen  		CODE           	10E0	0000	315
		_debounceButton		CODE           	1BB8	0000	111
		_initialise_globals		CODE           	1702	0000	209
		_resumeMultiplexing		CODE           	21A8	0000	7
		_resumeButtons 		CODE           	21AE	0000	7
		_clearArray    		CODE           	1FBC	0000	53
		_WriteEEByte   		CODE           	209C	0000	39
		_selectNextObject		CODE           	1892	0000	169
		_isr           		CODE           	0008	0000	407
		_show_score    		CODE           	0F92	0000	335
		_moveObject    		CODE           	0CA4	0000	389
		_swap          		CODE           	1FF0	0000	47
		_readHighScore 		CODE           	1F1C	0000	55
		_splash_screen 		CODE           	1D54	0000	87
		_genBerry      		CODE           	213A	0000	25
		_itoa          		CODE           	1350	0000	267
		_waitForInterrupt		CODE           	2194	0000	13
		_initialise_hardware		CODE           	1E98	0000	67
		_reverse       		CODE           	1E00	0000	83
		_collisionDetect		CODE           	1CFC	0000	89
		_checkButtons  		CODE           	06F2	0000	579
		_moveObjectDown		CODE           	162A	0000	217
		_MoveSnakes    		CODE           	0934	0000	481
		_pauseMultiplexing		CODE           	2184	0000	17
		_ReadEEByte    		CODE           	2174	0000	17
		_pauseButtons  		CODE           	21B4	0000	7
		_SnakeGraph    		CODE           	0E28	0000	363
		_mainGameLoop  		CODE           	17D2	0000	193
		_writeHighScore		CODE           	1F52	0000	55

pictris.c estimated size: 6068

C:\Program Files (x86)\Microchip\xc8\v2.00\pic\sources\c99\common\lwmod.c
		___lwmod       		CODE           	1EDA	0000	67

C:\Program Files (x86)\Microchip\xc8\v2.00\pic\sources\c99\common\lwmod.c estimated size: 67

C:\Program Files (x86)\Microchip\xc8\v2.00\pic\sources\c99\common\awmod.c
		___awmod       		CODE           	1B48	0000	113

C:\Program Files (x86)\Microchip\xc8\v2.00\pic\sources\c99\common\awmod.c estimated size: 113

randgen.c
		_rnd_get_num   		CODE           	1E52	0000	71
		_rnd_initialize		CODE           	21A0	0000	9

randgen.c estimated size: 80

C:\Program Files (x86)\Microchip\xc8\v2.00\pic\sources\c99\common\awdiv.c
		___awdiv       		CODE           	1A44	0000	133

C:\Program Files (x86)\Microchip\xc8\v2.00\pic\sources\c99\common\awdiv.c estimated size: 133

shared
		_Number        		SMALLCONST     	0631	0000	161
		_TETRIS        		SMALLCONST     	06E1	0000	17
		__initialization		CODE           	19C0	0000	119
		_SnakeYtext    		SMALLCONST     	0601	0000	33
		_choose_screen 		SMALLCONST     	0621	0000	17
		_SNAKE         		SMALLCONST     	06D1	0000	17

shared estimated size: 364

C:\Program Files (x86)\Microchip\xc8\v2.00\pic\sources\c99\common\lbmod.c
		___lbmod       		CODE           	204A	0000	43

C:\Program Files (x86)\Microchip\xc8\v2.00\pic\sources\c99\common\lbmod.c estimated size: 43

C:\Program Files (x86)\Microchip\xc8\v2.00\pic\sources\c99\common\Umul16.c
		___wmul        		CODE           	20C2	0000	39

C:\Program Files (x86)\Microchip\xc8\v2.00\pic\sources\c99\common\Umul16.c estimated size: 39

memcpy.c
		_memcpy        		CODE           	1DAA	0000	87

memcpy.c estimated size: 87

