Microchip MPLAB XC8 Compiler V2.05 ()

Linker command line:

-W-3 --edf=C:\Program Files (x86)\Microchip\xc8\v2.05\pic\dat\en_msgs.txt \
  -cs -h+dist/default/production\pictris-snake.production.sym \
  --cmf=dist/default/production\pictris-snake.production.cmf -z -Q18F4520 \
  -oC:\Users\ryan\AppData\Local\Temp\sdqo.2 --defsym=__MPLAB_BUILD=1 \
  -Mdist/default/production/pictris-snake.production.map -E1 -ver=XC8 \
  --acfsm=1493 -ASTACK=02BCh-05FFh -pstack=STACK -ACODE=00h-07FFFh \
  -ACONST=00h-07FFFh -ASMALLCONST=0600h-06FFhx122 \
  -AMEDIUMCONST=0600h-07FFFh -ACOMRAM=01h-07Fh -AABS1=00h-05FFh \
  -ABIGRAM=01h-05FFh -ARAM=080h-0FFh,0100h-01FFhx5 -ABANK0=080h-0FFh \
  -ABANK1=0100h-01FFh -ABANK2=0200h-02FFh -ABANK3=0300h-03FFh \
  -ABANK4=0400h-04FFh -ABANK5=0500h-05FFh -ASFR=0F80h-0FFFh \
  -preset_vec=00h,intcode=08h,intcodelo,powerup,init -pramtop=0600h \
  -psmallconst=SMALLCONST -pmediumconst=MEDIUMCONST -pconst=CONST \
  -AFARRAM=00h-00h -ACONFIG=0300000h-030000Dh -pconfig=CONFIG \
  -AIDLOC=0200000h-0200007h -pidloc=IDLOC -AEEDATA=0F00000h-0F000FFh \
  -peeprom_data=EEDATA \
  -prdata=COMRAM,nvrram=COMRAM,nvbit=COMRAM,rbss=COMRAM,rbit=COMRAM \
  -pfarbss=FARRAM,fardata=FARRAM,nvFARRAM=FARRAM \
  -pintsave_regs=BIGRAM,bigbss=BIGRAM,bigdata=BIGRAM -pbss=RAM \
  -pidata=CODE,irdata=CODE,ibigdata=CODE,ifardata=CODE -prparam=COMRAM \
  C:\Users\ryan\AppData\Local\Temp\sdqo.o \
  dist/default/production\pictris-snake.production.o 

Object code version is 3.11

Machine type is 18F4520

Call graph: (short form)




                Name                               Link     Load   Length Selector   Space Scale
C:\Users\ryan\AppData\Local\Temp\sdqo.o
                init                                  E        E        4        4       0
                reset_vec                             0        0        4        0       0
                idloc                            200000   200000        8   200000       0
                config                           300000   300000        E   300000       0
dist/default/production\pictris-snake.production.o
                intcode                               8        8        6        4       0
                temp                                 50       50        1        1       1
                smallconst                          600      600       F2      300       0
                text76                             1E82     1E82       42      B8E       0
                text75                             2366     2366        E      B8E       0
                text74                             1B06     1B06       6C      B8E       0
                text73                             1928     1928       80      B8E       0
                text72                             1DA0     1DA0       52      B8E       0
                text71                             2358     2358        E      B8E       0
                text70                             234A     234A        E      B8E       0
                text69                             23A8     23A8        A      B8E       0
                text68                             239E     239E        A      B8E       0
                text67                             18A6     18A6       82      B8E       0
                intcode_body                       1FB0     1FB0       38      B8E       0
                text65                             21C2     21C2       28      B8E       0
                text64                             219A     219A       28      B8E       0
                text63                             1026     1026      108      379       0
                text62                             1F3C     1F3C       3C      B8E       0
                text61                             2374     2374        C      B8E       0
                text60                             232C     232C       10      B8E       0
                text59                             23C4     23C4        6      B8E       0
                text58                             14E6     14E6       A0      379       0
                text57                             1234     1234       FC      379       0
                text56                             2394     2394        A      B8E       0
                text55                             2250     2250       1E      B8E       0
                text54                             1F00     1F00       3C      B8E       0
                text53                             23BE     23BE        6      B8E       0
                text52                             238A     238A        A      B8E       0
                text51                             1FE8     1FE8       36      B8E       0
                text50                             20A8     20A8       2A      B8E       0
                text49                             1A22     1A22       74      B8E       0
                text48                             22A2     22A2       18      B8E       0
                text47                             1C40     1C40       60      B8E       0
                text46                              A1A      A1A      15E      379       0
                text45                              890      890      18A      379       0
                text44                             231C     231C       10      B8E       0
                text43                             201E     201E       30      B8E       0
                text42                             2172     2172       28      B8E       0
                text41                             1E40     1E40       42      B8E       0
                text40                             214A     214A       28      B8E       0
                text39                             17A0     17A0       84      B8E       0
                text38                             1A96     1A96       70      B8E       0
                text37                             204E     204E       2E      B8E       0
                text36                             1D4E     1D4E       52      B8E       0
                text35                             112E     112E      106      379       0
                text34                              6F2      6F2      19E      379       0
                text33                             23B8     23B8        6      B8E       0
                text32                             23B2     23B2        6      B8E       0
                text31                              B78      B78      152      379       0
                text30                             22D0     22D0       16      B8E       0
                text29                             1EC4     1EC4       3C      B8E       0
                text28                              F1A      F1A      10C      379       0
                text27                             1824     1824       82      B8E       0
                text26                             2210     2210       22      B8E       0
                text25                             2122     2122       28      B8E       0
                text24                             20FA     20FA       28      B8E       0
                text23                             1F78     1F78       38      B8E       0
                text22                             1BDC     1BDC       64      B8E       0
                text21                             1CF8     1CF8       56      B8E       0
                text20                              DFA      DFA      120      379       0
                text19                             1410     1410       D6      379       0
                text18                             22BA     22BA       16      B8E       0
                text17                             228A     228A       18      B8E       0
                text16                             160E     160E       88      379       0
                text15                             226E     226E       1C      B8E       0
                text14                             171C     171C       84      B8E       0
                text13                             21EA     21EA       26      B8E       0
                text12                              CCA      CCA      130      379       0
                text11                             1B72     1B72       6A      B8E       0
                text10                             1586     1586       88      379       0
                text9                              1CA0     1CA0       58      B8E       0
                text8                              1330     1330       E0      379       0
                text7                              1DF2     1DF2       4E      B8E       0
                text6                              2380     2380        A      B8E       0
                text5                              2232     2232       1E      B8E       0
                text4                              233C     233C        E      B8E       0
                text3                              22E6     22E6       14      B8E       0
                text2                              22FA     22FA       12      B8E       0
                text1                              207C     207C       2C      B8E       0
                text0                              20D2     20D2       28      B8E       0
                cstackCOMRAM                          1        1       33        1       1
                cstackBANK2                         285      285       37      200       1
                dataBANK2                           200      200       85      200       1
                bssBANK1                            100      100      100      100       1
                dataBANK0                            E8       E8       10       80       1
                bssBANK0                             80       80       68       80       1
                bssCOMRAM                            34       34       1C        1       1
                cinit                              19A8     19A8       7A      B8E       0
                idataBANK2                         1696     1696       85      379       0
                idataBANK0                         230C     230C       10      B8E       0

TOTAL           Name                               Link     Load   Length     Space
        CLASS   STACK          

        CLASS   CODE           
                intcode                               8        8        6         0
                init                                  E        E        4         0
                reset_vec                             0        0        4         0
                text76                             1E82     1E82       42         0
                text75                             2366     2366        E         0
                text74                             1B06     1B06       6C         0
                text73                             1928     1928       80         0
                text72                             1DA0     1DA0       52         0
                text71                             2358     2358        E         0
                text70                             234A     234A        E         0
                text69                             23A8     23A8        A         0
                text68                             239E     239E        A         0
                text67                             18A6     18A6       82         0
                intcode_body                       1FB0     1FB0       38         0
                text65                             21C2     21C2       28         0
                text64                             219A     219A       28         0
                text63                             1026     1026      108         0
                text62                             1F3C     1F3C       3C         0
                text61                             2374     2374        C         0
                text60                             232C     232C       10         0
                text59                             23C4     23C4        6         0
                text58                             14E6     14E6       A0         0
                text57                             1234     1234       FC         0
                text56                             2394     2394        A         0
                text55                             2250     2250       1E         0
                text54                             1F00     1F00       3C         0
                text53                             23BE     23BE        6         0
                text52                             238A     238A        A         0
                text51                             1FE8     1FE8       36         0
                text50                             20A8     20A8       2A         0
                text49                             1A22     1A22       74         0
                text48                             22A2     22A2       18         0
                text47                             1C40     1C40       60         0
                text46                              A1A      A1A      15E         0
                text45                              890      890      18A         0
                text44                             231C     231C       10         0
                text43                             201E     201E       30         0
                text42                             2172     2172       28         0
                text41                             1E40     1E40       42         0
                text40                             214A     214A       28         0
                text39                             17A0     17A0       84         0
                text38                             1A96     1A96       70         0
                text37                             204E     204E       2E         0
                text36                             1D4E     1D4E       52         0
                text35                             112E     112E      106         0
                text34                              6F2      6F2      19E         0
                text33                             23B8     23B8        6         0
                text32                             23B2     23B2        6         0
                text31                              B78      B78      152         0
                text30                             22D0     22D0       16         0
                text29                             1EC4     1EC4       3C         0
                text28                              F1A      F1A      10C         0
                text27                             1824     1824       82         0
                text26                             2210     2210       22         0
                text25                             2122     2122       28         0
                text24                             20FA     20FA       28         0
                text23                             1F78     1F78       38         0
                text22                             1BDC     1BDC       64         0
                text21                             1CF8     1CF8       56         0
                text20                              DFA      DFA      120         0
                text19                             1410     1410       D6         0
                text18                             22BA     22BA       16         0
                text17                             228A     228A       18         0
                text16                             160E     160E       88         0
                text15                             226E     226E       1C         0
                text14                             171C     171C       84         0
                text13                             21EA     21EA       26         0
                text12                              CCA      CCA      130         0
                text11                             1B72     1B72       6A         0
                text10                             1586     1586       88         0
                text9                              1CA0     1CA0       58         0
                text8                              1330     1330       E0         0
                text7                              1DF2     1DF2       4E         0
                text6                              2380     2380        A         0
                text5                              2232     2232       1E         0
                text4                              233C     233C        E         0
                text3                              22E6     22E6       14         0
                text2                              22FA     22FA       12         0
                text1                              207C     207C       2C         0
                text0                              20D2     20D2       28         0
                cinit                              19A8     19A8       7A         0
                idataBANK2                         1696     1696       85         0
                idataBANK0                         230C     230C       10         0

        CLASS   CONST          

        CLASS   SMALLCONST     
                smallconst                          600      600       F2         0

        CLASS   MEDIUMCONST    

        CLASS   COMRAM         
                temp                                 50       50        1         1
                cstackCOMRAM                          1        1       33         1
                bssCOMRAM                            34       34       1C         1

        CLASS   ABS1           

        CLASS   BIGRAM         

        CLASS   RAM            

        CLASS   BANK0          
                dataBANK0                            E8       E8       10         1
                bssBANK0                             80       80       68         1

        CLASS   BANK1          
                bssBANK1                            100      100      100         1

        CLASS   BANK2          
                cstackBANK2                         285      285       37         1
                dataBANK2                           200      200       85         1

        CLASS   BANK3          

        CLASS   BANK4          

        CLASS   BANK5          

        CLASS   SFR            

        CLASS   FARRAM         

        CLASS   CONFIG         
                config                           300000   300000        E         0

        CLASS   IDLOC          
                idloc                            200000   200000        8         0

        CLASS   EEDATA         



SEGMENTS        Name                           Load    Length   Top    Selector   Space  Class

                reset_vec                      000000  000004  000004         0       0  CODE    
                cstackCOMRAM                   000001  000050  000051         1       1  COMRAM  
                intcode                        000008  00000A  000012         4       0  CODE    
                bssBANK0                       000080  000078  0000F8        80       1  BANK0   
                bssBANK1                       000100  000100  000200       100       1  BANK1   
                dataBANK2                      000200  0000BC  0002BC       200       1  BANK2   
                smallconst                     000600  0000F2  0006F2       300       0  SMALLCON
                text34                         0006F2  001029  00171B       379       0  CODE    
                text14                         00171C  000CAE  0023CA       B8E       0  CODE    
                idloc                          200000  000008  200008    200000       0  IDLOC   
                config                         300000  00000E  30000E    300000       0  CONFIG  


UNUSED ADDRESS RANGES

        Name                Unused          Largest block    Delta
        BANK0            0000F8-0000FF                8
        BANK2            0002BC-0002FF               44
        BANK3            000300-0003FF              100
        BANK4            000400-0004FF              100
        BANK5            000500-0005FF              100
        BIGRAM           000051-00007F               2F
                         0000F8-0000FF                8
                         0002BC-0005FF              344
        CODE             000004-000007                4
                         000012-0005FF              5EE
                         00171B-00171B                1
                         0023CA-007FFF             5C36
        COMRAM           000051-00007F               2F
        CONST            000004-000007                4
                         000012-0005FF              5EE
                         00171B-00171B                1
                         0023CA-007FFF             5C36
        EEDATA           F00000-F000FF              100
        MEDIUMCONST      00171B-00171B                1
                         0023CA-007FFF             5C36
        RAM              0000F8-0000FF                8
                         0002BC-0005FF              100
        SFR              000F80-000FFF               80
        SMALLCONST       00171B-00171B                1
                         0023CA-007FFF              100
        STACK            0002BC-0005FF              344

                                  Symbol Table

?___awdiv                     cstackCOMRAM 00000C
?___awmod                     cstackCOMRAM 00000C
?___lwmod                     cstackCOMRAM 000003
?___wmul                      cstackCOMRAM 00000C
?_get_mS                      cstackCOMRAM 00000C
?i2_get_mS                    cstackCOMRAM 000001
CreateBerry@i                 cstackCOMRAM 000016
CreateBerry@randomGood        cstackCOMRAM 000015
MoveSnakes@i                  cstackCOMRAM 000028
ReadEEByte@address            cstackCOMRAM 00000C
SnakeGraph@i                  cstackCOMRAM 000023
SnakeGraph@j                  cstackCOMRAM 000022
WriteEEByte@address           cstackCOMRAM 00000D
WriteEEByte@data              cstackCOMRAM 00000C
_ADCON1bits                   (abs)        000FC1
_BackgroundData               bssBANK0     0000C0
_CheckForNewLines             bssCOMRAM    000046
_CreateBerry                  text47       001C40
_DDRA                         (abs)        000F92
_DDRB                         (abs)        000F93
_DDRC                         (abs)        000F94
_DDRD                         (abs)        000F95
_Down_Debounced               bssCOMRAM    00004C
_Down_Delay                   bssBANK0     0000E0
_DropObject                   bssCOMRAM    000044
_EEADR                        (abs)        000FA9
_EECON1bits                   (abs)        000FA6
_EECON2                       (abs)        000FA7
_EEDATA                       (abs)        000FA8
_EndOfGame                    bssCOMRAM    00004A
_EndOfGameSnake               bssCOMRAM    00003B
_GIE                          (abs)        007F97
_INTCON2bits                  (abs)        000FF1
_INTCONbits                   (abs)        000FF2
_IPEN                         (abs)        007E87
_Interrupt                    text67       0018A6
_InterruptComplete            bssCOMRAM    000038
_IsRotated                    bssCOMRAM    000047
_LastHighScore                bssBANK0     00008F
_Left_Debounced               bssCOMRAM    00004E
_Left_Delay                   bssBANK0     0000E6
_LimitedRotation              bssCOMRAM    000049
_MoveSnakes                   text45       000890
_Number                       smallconst   000621
_NumberOfLines                bssCOMRAM    000048
_OSCCONbits                   (abs)        000FD3
_ObjectData                   bssBANK0     0000D0
_OriginX                      bssCOMRAM    000043
_OriginY                      bssCOMRAM    000042
_PORTA                        (abs)        000F80
_PORTB                        (abs)        000F81
_PORTBbits                    (abs)        000F81
_PORTC                        (abs)        000F82
_PORTD                        (abs)        000F83
_PSA                          (abs)        007EAB
_ReadEEByte                   text44       00231C
_Right_Debounced              bssCOMRAM    00004D
_Right_Delay                  bssBANK0     0000E4
_Rotate_Debounced             bssCOMRAM    00004F
_Rotate_Delay                 bssBANK0     0000E2
_SNAKE                        smallconst   0006D1
_ScreenData                   bssBANK0     000090
_Screen_Data                  bssBANK0     0000A0
_SnakeGraph                   text46       000A1A
_SnakeYtext                   smallconst   000601
_T0CONbits                    (abs)        000FD5
_T0CS                         (abs)        007EAD
_TETRIS                       smallconst   0006E1
_TMR0                         (abs)        000FD6
_TMR0IE                       (abs)        007F95
_TMR0ON                       (abs)        007EAF
_UpdateScreen                 bssCOMRAM    000039
_WriteEEByte                  text43       00201E
__CFG_BOREN$SBORDIS           (abs)        000000
__CFG_BORV$3                  (abs)        000000
__CFG_CCP2MX$PORTC            (abs)        000000
__CFG_CP0$OFF                 (abs)        000000
__CFG_CP1$OFF                 (abs)        000000
__CFG_CP2$OFF                 (abs)        000000
__CFG_CP3$OFF                 (abs)        000000
__CFG_CPB$OFF                 (abs)        000000
__CFG_CPD$OFF                 (abs)        000000
__CFG_EBTR0$OFF               (abs)        000000
__CFG_EBTR1$OFF               (abs)        000000
__CFG_EBTR2$OFF               (abs)        000000
__CFG_EBTR3$OFF               (abs)        000000
__CFG_EBTRB$OFF               (abs)        000000
__CFG_FCMEN$OFF               (abs)        000000
__CFG_IESO$OFF                (abs)        000000
__CFG_LPT1OSC$OFF             (abs)        000000
__CFG_LVP$OFF                 (abs)        000000
__CFG_MCLRE$ON                (abs)        000000
__CFG_OSC$INTIO67             (abs)        000000
__CFG_PBADEN$OFF              (abs)        000000
__CFG_PWRT$OFF                (abs)        000000
__CFG_STVREN$ON               (abs)        000000
__CFG_WDT$OFF                 (abs)        000000
__CFG_WDTPS$32768             (abs)        000000
__CFG_WRT0$OFF                (abs)        000000
__CFG_WRT1$OFF                (abs)        000000
__CFG_WRT2$OFF                (abs)        000000
__CFG_WRT3$OFF                (abs)        000000
__CFG_WRTB$OFF                (abs)        000000
__CFG_WRTC$OFF                (abs)        000000
__CFG_WRTD$OFF                (abs)        000000
__CFG_XINST$OFF               (abs)        000000
__HRAM                        (abs)        000000
__Habs1                       abs1         000000
__Hbank0                      bank0        000000
__Hbank1                      bank1        000000
__Hbank2                      bank2        000000
__Hbank3                      bank3        000000
__Hbank4                      bank4        000000
__Hbank5                      bank5        000000
__Hbigbss                     bigbss       000000
__Hbigdata                    bigdata      000000
__Hbigram                     bigram       000000
__Hbss                        bss          000000
__HbssBANK0                   bssBANK0     000000
__HbssBANK1                   bssBANK1     000000
__HbssCOMRAM                  bssCOMRAM    000000
__Hcinit                      cinit        000000
__Hclrtext                    clrtext      000000
__Hcomram                     comram       000000
__Hconfig                     config       30000E
__Hconst                      const        000000
__HcstackBANK2                cstackBANK2  000000
__HcstackCOMRAM               cstackCOMRAM 000000
__Hdata                       data         000000
__HdataBANK0                  dataBANK0    000000
__HdataBANK2                  dataBANK2    000000
__Heeprom_data                eeprom_data  000000
__Hfarbss                     farbss       000000
__Hfardata                    fardata      000000
__Hibigdata                   ibigdata     000000
__Hidata                      idata        000000
__HidataBANK0                 idataBANK0   000000
__HidataBANK2                 idataBANK2   000000
__Hidloc                      idloc        200008
__Hifardata                   ifardata     000000
__Hinit                       init         000012
__Hintcode                    intcode      00000E
__Hintcode_body               intcode_body 000000
__Hintcodelo                  intcodelo    00000E
__Hintentry                   intentry     000000
__Hintret                     intret       000000
__Hintsave_regs               intsave_regs 000000
__Hirdata                     irdata       000000
__Hmediumconst                mediumconst  000000
__HnvFARRAM                   nvFARRAM     000000
__Hnvbit                      nvbit        000000
__Hnvrram                     nvrram       000000
__Hparam                      rparam       000000
__Hpowerup                    powerup      00000E
__Hram                        ram          000000
__Hramtop                     ramtop       000600
__Hrbit                       rbit         000000
__Hrbss                       rbss         000000
__Hrdata                      rdata        000000
__Hreset_vec                  reset_vec    000004
__Hrparam                     rparam       000000
__Hsfr                        sfr          000000
__Hsmallconst                 smallconst   0006F2
__Hspace_0                    (abs)        30000E
__Hspace_1                    (abs)        0002BC
__Hspace_2                    (abs)        000000
__Hstack                      stack        000000
__Hstruct                     struct       000000
__Htemp                       temp         000051
__Htext                       text         000000
__Htext0                      text0        000000
__Htext1                      text1        000000
__Htext10                     text10       000000
__Htext11                     text11       000000
__Htext12                     text12       000000
__Htext13                     text13       000000
__Htext14                     text14       000000
__Htext15                     text15       000000
__Htext16                     text16       000000
__Htext17                     text17       000000
__Htext18                     text18       000000
__Htext19                     text19       000000
__Htext2                      text2        000000
__Htext20                     text20       000000
__Htext21                     text21       000000
__Htext22                     text22       000000
__Htext23                     text23       000000
__Htext24                     text24       000000
__Htext25                     text25       000000
__Htext26                     text26       000000
__Htext27                     text27       000000
__Htext28                     text28       000000
__Htext29                     text29       000000
__Htext3                      text3        000000
__Htext30                     text30       000000
__Htext31                     text31       000000
__Htext32                     text32       000000
__Htext33                     text33       000000
__Htext34                     text34       000000
__Htext35                     text35       000000
__Htext36                     text36       000000
__Htext37                     text37       000000
__Htext38                     text38       000000
__Htext39                     text39       000000
__Htext4                      text4        000000
__Htext40                     text40       000000
__Htext41                     text41       000000
__Htext42                     text42       000000
__Htext43                     text43       000000
__Htext44                     text44       000000
__Htext45                     text45       000000
__Htext46                     text46       000000
__Htext47                     text47       000000
__Htext48                     text48       000000
__Htext49                     text49       000000
__Htext5                      text5        000000
__Htext50                     text50       000000
__Htext51                     text51       000000
__Htext52                     text52       000000
__Htext53                     text53       000000
__Htext54                     text54       000000
__Htext55                     text55       000000
__Htext56                     text56       000000
__Htext57                     text57       000000
__Htext58                     text58       000000
__Htext59                     text59       000000
__Htext6                      text6        000000
__Htext60                     text60       000000
__Htext61                     text61       000000
__Htext62                     text62       000000
__Htext63                     text63       000000
__Htext64                     text64       000000
__Htext65                     text65       000000
__Htext67                     text67       000000
__Htext68                     text68       000000
__Htext69                     text69       000000
__Htext7                      text7        000000
__Htext70                     text70       000000
__Htext71                     text71       000000
__Htext72                     text72       000000
__Htext73                     text73       000000
__Htext74                     text74       000000
__Htext75                     text75       000000
__Htext76                     text76       000000
__Htext8                      text8        000000
__Htext9                      text9        000000
__LRAM                        (abs)        000001
__Labs1                       abs1         000000
__Lbank0                      bank0        000000
__Lbank1                      bank1        000000
__Lbank2                      bank2        000000
__Lbank3                      bank3        000000
__Lbank4                      bank4        000000
__Lbank5                      bank5        000000
__Lbigbss                     bigbss       000000
__Lbigdata                    bigdata      000000
__Lbigram                     bigram       000000
__Lbss                        bss          000000
__LbssBANK0                   bssBANK0     000000
__LbssBANK1                   bssBANK1     000000
__LbssCOMRAM                  bssCOMRAM    000000
__Lcinit                      cinit        000000
__Lclrtext                    clrtext      000000
__Lcomram                     comram       000000
__Lconfig                     config       300000
__Lconst                      const        000000
__LcstackBANK2                cstackBANK2  000000
__LcstackCOMRAM               cstackCOMRAM 000000
__Ldata                       data         000000
__LdataBANK0                  dataBANK0    000000
__LdataBANK2                  dataBANK2    000000
__Leeprom_data                eeprom_data  000000
__Lfarbss                     farbss       000000
__Lfardata                    fardata      000000
__Libigdata                   ibigdata     000000
__Lidata                      idata        000000
__LidataBANK0                 idataBANK0   000000
__LidataBANK2                 idataBANK2   000000
__Lidloc                      idloc        200000
__Lifardata                   ifardata     000000
__Linit                       init         00000E
__Lintcode                    intcode      000008
__Lintcode_body               intcode_body 000000
__Lintcodelo                  intcodelo    00000E
__Lintentry                   intentry     000000
__Lintret                     intret       000000
__Lintsave_regs               intsave_regs 000000
__Lirdata                     irdata       000000
__Lmediumconst                mediumconst  000000
__LnvFARRAM                   nvFARRAM     000000
__Lnvbit                      nvbit        000000
__Lnvrram                     nvrram       000000
__Lparam                      rparam       000000
__Lpowerup                    powerup      00000E
__Lram                        ram          000000
__Lramtop                     ramtop       000600
__Lrbit                       rbit         000000
__Lrbss                       rbss         000000
__Lrdata                      rdata        000000
__Lreset_vec                  reset_vec    000000
__Lrparam                     rparam       000000
__Lsfr                        sfr          000000
__Lsmallconst                 smallconst   000600
__Lspace_0                    (abs)        000000
__Lspace_1                    (abs)        000000
__Lspace_2                    (abs)        000000
__Lstack                      stack        000000
__Lstruct                     struct       000000
__Ltemp                       temp         000050
__Ltext                       text         000000
__Ltext0                      text0        000000
__Ltext1                      text1        000000
__Ltext10                     text10       000000
__Ltext11                     text11       000000
__Ltext12                     text12       000000
__Ltext13                     text13       000000
__Ltext14                     text14       000000
__Ltext15                     text15       000000
__Ltext16                     text16       000000
__Ltext17                     text17       000000
__Ltext18                     text18       000000
__Ltext19                     text19       000000
__Ltext2                      text2        000000
__Ltext20                     text20       000000
__Ltext21                     text21       000000
__Ltext22                     text22       000000
__Ltext23                     text23       000000
__Ltext24                     text24       000000
__Ltext25                     text25       000000
__Ltext26                     text26       000000
__Ltext27                     text27       000000
__Ltext28                     text28       000000
__Ltext29                     text29       000000
__Ltext3                      text3        000000
__Ltext30                     text30       000000
__Ltext31                     text31       000000
__Ltext32                     text32       000000
__Ltext33                     text33       000000
__Ltext34                     text34       000000
__Ltext35                     text35       000000
__Ltext36                     text36       000000
__Ltext37                     text37       000000
__Ltext38                     text38       000000
__Ltext39                     text39       000000
__Ltext4                      text4        000000
__Ltext40                     text40       000000
__Ltext41                     text41       000000
__Ltext42                     text42       000000
__Ltext43                     text43       000000
__Ltext44                     text44       000000
__Ltext45                     text45       000000
__Ltext46                     text46       000000
__Ltext47                     text47       000000
__Ltext48                     text48       000000
__Ltext49                     text49       000000
__Ltext5                      text5        000000
__Ltext50                     text50       000000
__Ltext51                     text51       000000
__Ltext52                     text52       000000
__Ltext53                     text53       000000
__Ltext54                     text54       000000
__Ltext55                     text55       000000
__Ltext56                     text56       000000
__Ltext57                     text57       000000
__Ltext58                     text58       000000
__Ltext59                     text59       000000
__Ltext6                      text6        000000
__Ltext60                     text60       000000
__Ltext61                     text61       000000
__Ltext62                     text62       000000
__Ltext63                     text63       000000
__Ltext64                     text64       000000
__Ltext65                     text65       000000
__Ltext67                     text67       000000
__Ltext68                     text68       000000
__Ltext69                     text69       000000
__Ltext7                      text7        000000
__Ltext70                     text70       000000
__Ltext71                     text71       000000
__Ltext72                     text72       000000
__Ltext73                     text73       000000
__Ltext74                     text74       000000
__Ltext75                     text75       000000
__Ltext76                     text76       000000
__Ltext8                      text8        000000
__Ltext9                      text9        000000
__S0                          (abs)        30000E
__S1                          (abs)        0002BC
__S2                          (abs)        000000
___awdiv                      text39       0017A0
___awdiv@counter              cstackCOMRAM 000010
___awdiv@dividend             cstackCOMRAM 00000C
___awdiv@divisor              cstackCOMRAM 00000E
___awdiv@quotient             cstackCOMRAM 000012
___awdiv@sign                 cstackCOMRAM 000011
___awmod                      text38       001A96
___awmod@counter              cstackCOMRAM 000010
___awmod@dividend             cstackCOMRAM 00000C
___awmod@divisor              cstackCOMRAM 00000E
___awmod@sign                 cstackCOMRAM 000011
___inthi_sp                   stack        000000
___intlo_sp                   stack        000000
___lbmod                      text50       0020A8
___lbmod@counter              cstackCOMRAM 00000E
___lbmod@dividend             cstackCOMRAM 00000D
___lbmod@divisor              cstackCOMRAM 00000C
___lbmod@rem                  cstackCOMRAM 00000F
___lwmod                      text76       001E82
___lwmod@counter              cstackCOMRAM 000007
___lwmod@dividend             cstackCOMRAM 000003
___lwmod@divisor              cstackCOMRAM 000005
___param_bank                 (abs)        000000
___rparam_used                (abs)        000001
___sp                         stack        000000
___wmul                       text13       0021EA
___wmul@multiplicand          cstackCOMRAM 00000E
___wmul@multiplier            cstackCOMRAM 00000C
___wmul@product               cstackCOMRAM 000010
__accesstop                   (abs)        000080
__activetblptr                (abs)        000002
__end_of_CreateBerry          text47       001CA0
__end_of_Interrupt            text67       001928
__end_of_MoveSnakes           text45       000A1A
__end_of_Number               smallconst   0006C1
__end_of_ReadEEByte           text44       00232C
__end_of_SNAKE                smallconst   0006E1
__end_of_SnakeGraph           text46       000B78
__end_of_SnakeYtext           smallconst   000621
__end_of_TETRIS               smallconst   0006F1
__end_of_WriteEEByte          text43       00204E
__end_of___awdiv              text39       001824
__end_of___awmod              text38       001B06
__end_of___lbmod              text50       0020D2
__end_of___lwmod              text76       001EC4
__end_of___wmul               text13       002210
__end_of__initialization      cinit        001A14
__end_of_add_mS               text75       002374
__end_of_checkButtons         text73       0019A8
__end_of_checkDown            text65       0021EA
__end_of_checkForBottom       text23       001FB0
__end_of_checkForLeftWall     text17       0022A2
__end_of_checkForLines        text27       0018A6
__end_of_checkForRightWall    text15       00228A
__end_of_checkLeft            text25       00214A
__end_of_checkRight           text24       002122
__end_of_checkUp              text64       0021C2
__end_of_choose_screen        smallconst   0006D1
__end_of_choosescreen         text57       001330
__end_of_clearArray           text62       001F78
__end_of_collisionDetect      text22       001C40
__end_of_debounceButton       text74       001B72
__end_of_genBerry             text48       0022BA
__end_of_getNumber            text40       002172
__end_of_get_mS               text56       00239E
__end_of_initialise_TMR0      text55       00226E
__end_of_initialise_globals   text51       00201E
__end_of_initialise_hardware  text54       001F3C
__end_of_initialise_screen    text53       0023C4
__end_of_initialise_tetris    text26       002232
__end_of_isr                  intcode_body 001FE8
__end_of_itoa                 text35       001234
__end_of_main                 text0        0020FA
__end_of_mainGameLoop         text7        001E40
__end_of_memcpy               text41       001E82
__end_of_memcpyvol            text21       001D4E
__end_of_mergeObjects         text63       00112E
__end_of_moveObject           text34       000890
__end_of_moveObjectDown       text19       0014E6
__end_of_newRotation          text12       000DFA
__end_of_pauseButtons         text33       0023BE
__end_of_pauseMultiplexing    text60       00233C
__end_of_pixelCount           text11       001BDC
__end_of_readHighScore        text42       00219A
__end_of_removeLine           text28       001026
__end_of_resumeButtons        text32       0023B8
__end_of_resumeMultiplexing   text59       0023CA
__end_of_reverse              text36       001DA0
__end_of_rnd_get_num          text49       001A96
__end_of_rnd_initialize       text6        00238A
__end_of_screen_update        text72       001DF2
__end_of_selectNextObject     text20       000F1A
__end_of_set_mS               text52       002394
__end_of_set_screen           text58       001586
__end_of_show_score           text31       000CCA
__end_of_snake_main           text29       001F00
__end_of_snake_screen         text5        002250
__end_of_snake_timer          text71       002366
__end_of_splash_screen        text2        00230C
__end_of_start_button         text1        0020A8
__end_of_swap                 text37       00207C
__end_of_tetris_button_down   text18       0022D0
__end_of_tetris_button_left   text16       001696
__end_of_tetris_button_right  text14       0017A0
__end_of_tetris_button_up     text10       00160E
__end_of_tetris_buttons       text9        001CF8
__end_of_tetris_main          text8        001410
__end_of_tetris_screen        text4        00234A
__end_of_tetris_timer         text70       002358
__end_of_waitForInterrupt     text61       002380
__end_of_waitms               text3        0022FA
__end_of_writeHighScore       text30       0022E6
__end_ofi2_get_mS             text69       0023B2
__end_ofi2_set_mS             text68       0023A8
__initialization              cinit        0019A8
__lfsr                        bssCOMRAM    000036
__mediumconst                 mediumconst  000000
__pbssBANK0                   bssBANK0     000080
__pbssBANK1                   bssBANK1     000100
__pbssCOMRAM                  bssCOMRAM    000034
__pcinit                      cinit        0019A8
__pcstackBANK2                cstackBANK2  000285
__pcstackCOMRAM               cstackCOMRAM 000001
__pdataBANK0                  dataBANK0    0000E8
__pdataBANK2                  dataBANK2    000200
__pidataBANK0                 idataBANK0   00230C
__pidataBANK2                 idataBANK2   001696
__pintcode                    intcode      000008
__pintcode_body               intcode_body 001FB0
__psmallconst                 smallconst   000600
__ptext0                      text0        0020D2
__ptext1                      text1        00207C
__ptext10                     text10       001586
__ptext11                     text11       001B72
__ptext12                     text12       000CCA
__ptext13                     text13       0021EA
__ptext14                     text14       00171C
__ptext15                     text15       00226E
__ptext16                     text16       00160E
__ptext17                     text17       00228A
__ptext18                     text18       0022BA
__ptext19                     text19       001410
__ptext2                      text2        0022FA
__ptext20                     text20       000DFA
__ptext21                     text21       001CF8
__ptext22                     text22       001BDC
__ptext23                     text23       001F78
__ptext24                     text24       0020FA
__ptext25                     text25       002122
__ptext26                     text26       002210
__ptext27                     text27       001824
__ptext28                     text28       000F1A
__ptext29                     text29       001EC4
__ptext3                      text3        0022E6
__ptext30                     text30       0022D0
__ptext31                     text31       000B78
__ptext32                     text32       0023B2
__ptext33                     text33       0023B8
__ptext34                     text34       0006F2
__ptext35                     text35       00112E
__ptext36                     text36       001D4E
__ptext37                     text37       00204E
__ptext38                     text38       001A96
__ptext39                     text39       0017A0
__ptext4                      text4        00233C
__ptext40                     text40       00214A
__ptext41                     text41       001E40
__ptext42                     text42       002172
__ptext43                     text43       00201E
__ptext44                     text44       00231C
__ptext45                     text45       000890
__ptext46                     text46       000A1A
__ptext47                     text47       001C40
__ptext48                     text48       0022A2
__ptext49                     text49       001A22
__ptext5                      text5        002232
__ptext50                     text50       0020A8
__ptext51                     text51       001FE8
__ptext52                     text52       00238A
__ptext53                     text53       0023BE
__ptext54                     text54       001F00
__ptext55                     text55       002250
__ptext56                     text56       002394
__ptext57                     text57       001234
__ptext58                     text58       0014E6
__ptext59                     text59       0023C4
__ptext6                      text6        002380
__ptext60                     text60       00232C
__ptext61                     text61       002374
__ptext62                     text62       001F3C
__ptext63                     text63       001026
__ptext64                     text64       00219A
__ptext65                     text65       0021C2
__ptext67                     text67       0018A6
__ptext68                     text68       00239E
__ptext69                     text69       0023A8
__ptext7                      text7        001DF2
__ptext70                     text70       00234A
__ptext71                     text71       002358
__ptext72                     text72       001DA0
__ptext73                     text73       001928
__ptext74                     text74       001B06
__ptext75                     text75       002366
__ptext76                     text76       001E82
__ptext8                      text8        001330
__ptext9                      text9        001CA0
__ramtop                      ramtop       000600
__size_of_CreateBerry         (abs)        000000
__size_of_Interrupt           (abs)        000000
__size_of_MoveSnakes          (abs)        000000
__size_of_ReadEEByte          (abs)        000000
__size_of_SnakeGraph          (abs)        000000
__size_of_WriteEEByte         (abs)        000000
__size_of___awdiv             (abs)        000000
__size_of___awmod             (abs)        000000
__size_of___lbmod             (abs)        000000
__size_of___lwmod             (abs)        000000
__size_of___wmul              (abs)        000000
__size_of_add_mS              (abs)        000000
__size_of_checkButtons        (abs)        000000
__size_of_checkDown           (abs)        000000
__size_of_checkForBottom      (abs)        000000
__size_of_checkForLeftWall    (abs)        000000
__size_of_checkForLines       (abs)        000000
__size_of_checkForRightWall   (abs)        000000
__size_of_checkLeft           (abs)        000000
__size_of_checkRight          (abs)        000000
__size_of_checkUp             (abs)        000000
__size_of_choosescreen        (abs)        000000
__size_of_clearArray          (abs)        000000
__size_of_collisionDetect     (abs)        000000
__size_of_debounceButton      (abs)        000000
__size_of_genBerry            (abs)        000000
__size_of_getNumber           (abs)        000000
__size_of_get_mS              (abs)        000000
__size_of_initialise_TMR0     (abs)        000000
__size_of_initialise_globals  (abs)        000000
__size_of_initialise_hardware (abs)        000000
__size_of_initialise_screen   (abs)        000000
__size_of_initialise_tetris   (abs)        000000
__size_of_isr                 (abs)        000000
__size_of_itoa                (abs)        000000
__size_of_main                (abs)        000000
__size_of_mainGameLoop        (abs)        000000
__size_of_memcpy              (abs)        000000
__size_of_memcpyvol           (abs)        000000
__size_of_mergeObjects        (abs)        000000
__size_of_moveObject          (abs)        000000
__size_of_moveObjectDown      (abs)        000000
__size_of_newRotation         (abs)        000000
__size_of_pauseButtons        (abs)        000000
__size_of_pauseMultiplexing   (abs)        000000
__size_of_pixelCount          (abs)        000000
__size_of_readHighScore       (abs)        000000
__size_of_removeLine          (abs)        000000
__size_of_resumeButtons       (abs)        000000
__size_of_resumeMultiplexing  (abs)        000000
__size_of_reverse             (abs)        000000
__size_of_rnd_get_num         (abs)        000000
__size_of_rnd_initialize      (abs)        000000
__size_of_screen_update       (abs)        000000
__size_of_selectNextObject    (abs)        000000
__size_of_set_mS              (abs)        000000
__size_of_set_screen          (abs)        000000
__size_of_show_score          (abs)        000000
__size_of_snake_main          (abs)        000000
__size_of_snake_screen        (abs)        000000
__size_of_snake_timer         (abs)        000000
__size_of_splash_screen       (abs)        000000
__size_of_start_button        (abs)        000000
__size_of_swap                (abs)        000000
__size_of_tetris_button_down  (abs)        000000
__size_of_tetris_button_left  (abs)        000000
__size_of_tetris_button_right (abs)        000000
__size_of_tetris_button_up    (abs)        000000
__size_of_tetris_buttons      (abs)        000000
__size_of_tetris_main         (abs)        000000
__size_of_tetris_screen       (abs)        000000
__size_of_tetris_timer        (abs)        000000
__size_of_waitForInterrupt    (abs)        000000
__size_of_waitms              (abs)        000000
__size_of_writeHighScore      (abs)        000000
__size_ofi2_get_mS            (abs)        000000
__size_ofi2_set_mS            (abs)        000000
__smallconst                  smallconst   000600
_add_mS                       text75       002366
_berryX                       bssCOMRAM    00003E
_berryY                       bssCOMRAM    00003D
_checkButtons                 text73       001928
_checkDown                    text65       0021C2
_checkForBottom               text23       001F78
_checkForLeftWall             text17       00228A
_checkForLines                text27       001824
_checkForRightWall            text15       00226E
_checkLeft                    text25       002122
_checkRight                   text24       0020FA
_checkUp                      text64       00219A
_choose_screen                smallconst   0006C1
_choosescreen                 text57       001234
_clearArray                   text62       001F3C
_collisionDetect              text22       001BDC
_countblocks                  bssCOMRAM    000045
_counter                      bssBANK0     00008B
_debounceButton               text74       001B06
_direction                    bssBANK0     00008A
_game                         bssCOMRAM    000041
_genBerry                     text48       0022A2
_getNumber                    text40       00214A
_get_mS                       text56       002394
_initialise_TMR0              text55       002250
_initialise_globals           text51       001FE8
_initialise_hardware          text54       001F00
_initialise_screen            text53       0023BE
_initialise_tetris            text26       002210
_isr                          intcode      000008
_itoa                         text35       00112E
_itoa$757                     cstackCOMRAM 000020
_lower_8bits                  bssBANK0     00008D
_mS                           bssCOMRAM    000034
_main                         text0        0020D2
_mainGameLoop                 text7        001DF2
_memcpy                       text41       001E40
_memcpyvol                    text21       001CF8
_mergeObjects                 text63       001026
_moveObject                   text34       0006F2
_moveObjectDown               text19       001410
_moveSnake                    bssCOMRAM    000040
_mtxButtons                   bssCOMRAM    00003A
_newRotation                  text12       000CCA
_pauseButtons                 text33       0023B8
_pauseMultiplexing            text60       00232C
_pixelCount                   text11       001B72
_port_display                 (abs)        000F82
_positions                    bssBANK1     000100
_previous_direction           bssCOMRAM    00003C
_randomobjects                bssBANK0     000080
_readHighScore                text42       002172
_removeLine                   text28       000F1A
_resumeButtons                text32       0023B2
_resumeMultiplexing           text59       0023C4
_reverse                      text36       001D4E
_rnd_get_num                  text49       001A22
_rnd_initialize               text6        002380
_screen_update                text72       001DA0
_selectNextObject             text20       000DFA
_set_mS                       text52       00238A
_set_screen                   text58       0014E6
_shapes                       dataBANK2    000200
_show_score                   text31       000B78
_snakeLength                  bssCOMRAM    00003F
_snake_main                   text29       001EC4
_snake_screen                 text5        002232
_snake_timer                  text71       002358
_splash_screen                text2        0022FA
_start_button                 text1        00207C
_swap                         text37       00204E
_tetris                       bssBANK0     00008E
_tetris_button_down           text18       0022BA
_tetris_button_left           text16       00160E
_tetris_button_right          text14       00171C
_tetris_button_up             text10       001586
_tetris_buttons               text9        001CA0
_tetris_main                  text8        001330
_tetris_main$635              cstackCOMRAM 00002F
_tetris_screen                text4        00233C
_tetris_timer                 text70       00234A
_time                         bssBANK0     000088
_tmpObjectData                bssBANK0     0000B0
_upper_8bits                  bssBANK0     00008C
_waitForInterrupt             text61       002374
_waitms                       text3        0022E6
_writeHighScore               text30       0022D0
add_mS@amount                 cstackCOMRAM 000001
btemp                         temp         000050
checkDown@reset               cstackCOMRAM 00000C
checkForBottom@i              cstackCOMRAM 000012
checkForBottom@pObject        cstackCOMRAM 00000C
checkForLeftWall@pObject      cstackCOMRAM 00000C
checkForLines@pObject         cstackCOMRAM 000023
checkForLines@pixels          cstackCOMRAM 00002C
checkForLines@x               cstackCOMRAM 00002D
checkForLines@y               cstackCOMRAM 00002E
checkForRightWall@pObject     cstackCOMRAM 00000C
checkLeft@reset               cstackCOMRAM 00000C
checkRight@reset              cstackCOMRAM 00000C
checkUp@reset                 cstackCOMRAM 00000C
choosescreen@i                cstackCOMRAM 00002E
choosescreen@mask             cstackCOMRAM 00001D
clearArray@i                  cstackCOMRAM 000012
clearArray@pArray             cstackCOMRAM 00000C
clearArray@size               cstackCOMRAM 00000E
collisionDetect@i             cstackCOMRAM 000018
collisionDetect@pSource       cstackCOMRAM 00000C
collisionDetect@pTarget       cstackCOMRAM 00000E
debounceButton@button         cstackCOMRAM 000007
debounceButton@debounced      cstackCOMRAM 000003
debounceButton@delay          cstackCOMRAM 000001
end_of_initialization         cinit        001A14
genBerry@size                 cstackCOMRAM 000012
genBerry@temp                 cstackCOMRAM 000013
getNumber@pDigit              cstackCOMRAM 000018
getNumber@pTarget             cstackCOMRAM 000016
i2_get_mS                     text69       0023A8
i2_set_mS                     text68       00239E
i2set_mS@amount               cstackCOMRAM 000001
int$flags                     temp         000050
int_func                      intcode_body 001FB0
intlevel0                     text         000000
intlevel1                     text         000000
intlevel2                     text         000000
intlevel3                     text         000000
itoa@bas                      cstackCOMRAM 00001E
itoa@i                        cstackCOMRAM 000025
itoa@isNegative               cstackCOMRAM 000022
itoa@rem                      cstackCOMRAM 000023
itoa@str                      cstackCOMRAM 00001C
itoa@value                    cstackCOMRAM 00001A
memcpy@d                      cstackCOMRAM 000012
memcpy@dest                   cstackCOMRAM 00000C
memcpy@n                      cstackCOMRAM 000010
memcpy@s                      cstackCOMRAM 000014
memcpy@src                    cstackCOMRAM 00000E
memcpyvol@d                   cstackCOMRAM 000012
memcpyvol@dest                cstackCOMRAM 00000C
memcpyvol@n                   cstackCOMRAM 000010
memcpyvol@s                   cstackCOMRAM 000014
memcpyvol@src                 cstackCOMRAM 00000E
mergeObjects@i                cstackCOMRAM 000017
mergeObjects@mode             cstackCOMRAM 000010
mergeObjects@pSource          cstackCOMRAM 00000C
mergeObjects@pTarget          cstackCOMRAM 00000E
moveObject@c                  cstackCOMRAM 000016
moveObject@cycles             cstackCOMRAM 00000F
moveObject@direction          cstackCOMRAM 00000E
moveObject@i                  cstackCOMRAM 000017
moveObject@pObject            cstackCOMRAM 00000C
moveObjectDown@pObject        cstackCOMRAM 000025
moveObjectDown@result         cstackCOMRAM 000027
newRotation@pSource           cstackCOMRAM 000016
newRotation@pTarget           cstackCOMRAM 000018
newRotation@rotation          cstackCOMRAM 00001A
newRotation@x1                cstackCOMRAM 000024
newRotation@x2                cstackCOMRAM 000022
newRotation@y1                cstackCOMRAM 000025
newRotation@y2                cstackCOMRAM 000023
pixelCount@pSource            cstackCOMRAM 00000C
pixelCount@r                  cstackCOMRAM 000015
pixelCount@x                  cstackCOMRAM 000016
pixelCount@y                  cstackCOMRAM 000017
readHighScore@adress          cstackCOMRAM 00000E
readHighScore@tmpbyte         cstackCOMRAM 00000F
removeLine@currentLine        cstackCOMRAM 000020
removeLine@pObject            cstackCOMRAM 00000C
removeLine@pY                 cstackCOMRAM 00000E
removeLine@x                  cstackCOMRAM 000022
removeLine@y                  cstackCOMRAM 000021
reverse@end                   cstackCOMRAM 000018
reverse@length                cstackCOMRAM 000013
reverse@start                 cstackCOMRAM 000016
reverse@str                   cstackCOMRAM 000011
rnd_get_num@b                 cstackCOMRAM 000010
rnd_initialize@input          cstackCOMRAM 00000C
screen_update@CurrentX        bssCOMRAM    00004B
screen_update@xmask           cstackCOMRAM 000005
screen_update@ymask           cstackCOMRAM 000003
selectNextObject@check        cstackCOMRAM 000019
selectNextObject@counter      cstackCOMRAM 000024
selectNextObject@fill         cstackCOMRAM 000020
selectNextObject@pTarget      cstackCOMRAM 000016
selectNextObject@rndSelection cstackCOMRAM 000023
selectNextObject@s            cstackCOMRAM 000021
set_mS@amount                 cstackCOMRAM 00000C
set_screen@i                  cstackCOMRAM 00001B
set_screen@newData            cstackCOMRAM 000013
show_score@F2762              dataBANK0    0000E8
show_score@Numberscreen       cstackBANK2  000295
show_score@currentNumber      cstackBANK2  0002B6
show_score@i                  cstackBANK2  0002BB
show_score@mask               cstackBANK2  000285
show_score@number             cstackBANK2  0002B7
show_score@score              cstackBANK2  0002B5
show_score@tmpObjectData      cstackBANK2  0002A5
snake_main@LastHighScore      cstackCOMRAM 000029
stackhi                       (abs)        0005FF
stacklo                       (abs)        0002BC
start                         init         00000E
start_initialization          cinit        0019A8
swap@a                        cstackCOMRAM 00000C
swap@b                        cstackCOMRAM 00000E
swap@t                        cstackCOMRAM 000010
tetris_buttons@returnbool     cstackCOMRAM 000028
tetris_main@LastHighScore     cstackCOMRAM 000032
tetris_main@newScreen         cstackCOMRAM 000033
ttemp5                        temp         000051
ttemp6                        temp         000054
ttemp7                        temp         000058
waitms@t                      cstackCOMRAM 00000C
writeHighScore@adress         cstackCOMRAM 000010
writeHighScore@highscore      cstackCOMRAM 00000E
writeHighScore@scored         cstackCOMRAM 00000F
wtemp8                        temp         000051


FUNCTION INFORMATION:

 *************** function _main *****************
 Defined at:
		line 147 in file "pictris.c"
 Parameters:    Size  Location     Type
		None
 Auto vars:     Size  Location     Type
		None
 Return value:  Size  Location     Type
                  1    wreg      void 
 Registers used:
		wreg, fsr0l, fsr0h, fsr1l, fsr1h, fsr2l, fsr2h, status,2, status,0, tblptrl, tblptrh, tblptru, prodl, prodh, cstack
 Tracked objects:
		On entry : 
		On exit  : 
		Unchanged: 
 Data sizes:     COMRAM   BANK0   BANK1   BANK2   BANK3   BANK4   BANK5
      Params:         0       0       0       0       0       0       0
      Locals:         0       0       0       0       0       0       0
      Temps:          0       0       0       0       0       0       0
      Totals:         0       0       0       0       0       0       0
Total ram usage:        0 bytes
 Hardware stack levels required when called:   11
 This function calls:
		_choosescreen
		_get_mS
		_initialise_globals
		_initialise_hardware
		_initialise_screen
		_mainGameLoop
		_rnd_initialize
		_splash_screen
		_start_button
 This function is called by:
		Startup code after reset
 This function uses a non-reentrant model


 *************** function _start_button *****************
 Defined at:
		line 14 in file "buttons.c"
 Parameters:    Size  Location     Type
		None
 Auto vars:     Size  Location     Type
		None
 Return value:  Size  Location     Type
                  1    wreg      void 
 Registers used:
		wreg, status,2
 Tracked objects:
		On entry : 
		On exit  : 
		Unchanged: 
 Data sizes:     COMRAM   BANK0   BANK1   BANK2   BANK3   BANK4   BANK5
      Params:         0       0       0       0       0       0       0
      Locals:         0       0       0       0       0       0       0
      Temps:          0       0       0       0       0       0       0
      Totals:         0       0       0       0       0       0       0
Total ram usage:        0 bytes
 Hardware stack levels used:    1
 Hardware stack levels required when called:    4
 This function calls:
		Nothing
 This function is called by:
		_main
 This function uses a non-reentrant model


 *************** function _splash_screen *****************
 Defined at:
		line 122 in file "pictris.c"
 Parameters:    Size  Location     Type
		None
 Auto vars:     Size  Location     Type
		None
 Return value:  Size  Location     Type
                  1    wreg      void 
 Registers used:
		wreg, fsr0l, fsr0h, fsr2l, fsr2h, status,2, status,0, tblptrl, tblptrh, tblptru, prodl, prodh, cstack
 Tracked objects:
		On entry : 
		On exit  : 
		Unchanged: 
 Data sizes:     COMRAM   BANK0   BANK1   BANK2   BANK3   BANK4   BANK5
      Params:         0       0       0       0       0       0       0
      Locals:         0       0       0       0       0       0       0
      Temps:          0       0       0       0       0       0       0
      Totals:         0       0       0       0       0       0       0
Total ram usage:        0 bytes
 Hardware stack levels used:    1
 Hardware stack levels required when called:    8
 This function calls:
		_snake_screen
		_tetris_screen
		_waitms
 This function is called by:
		_main
 This function uses a non-reentrant model


 *************** function _waitms *****************
 Defined at:
		line 19 in file "interrupt.c"
 Parameters:    Size  Location     Type
  t               2   11[COMRAM] unsigned int 
 Auto vars:     Size  Location     Type
		None
 Return value:  Size  Location     Type
                  1    wreg      void 
 Registers used:
		wreg, status,2, status,0
 Tracked objects:
		On entry : 
		On exit  : 
		Unchanged: 
 Data sizes:     COMRAM   BANK0   BANK1   BANK2   BANK3   BANK4   BANK5
      Params:         2       0       0       0       0       0       0
      Locals:         0       0       0       0       0       0       0
      Temps:          0       0       0       0       0       0       0
      Totals:         2       0       0       0       0       0       0
Total ram usage:        2 bytes
 Hardware stack levels used:    1
 Hardware stack levels required when called:    4
 This function calls:
		Nothing
 This function is called by:
		_splash_screen
 This function uses a non-reentrant model


 *************** function _tetris_screen *****************
 Defined at:
		line 48 in file "tetris.c"
 Parameters:    Size  Location     Type
		None
 Auto vars:     Size  Location     Type
		None
 Return value:  Size  Location     Type
                  1    wreg      void 
 Registers used:
		wreg, fsr0l, fsr0h, fsr2l, fsr2h, status,2, status,0, tblptrl, tblptrh, tblptru, prodl, prodh, cstack
 Tracked objects:
		On entry : 
		On exit  : 
		Unchanged: 
 Data sizes:     COMRAM   BANK0   BANK1   BANK2   BANK3   BANK4   BANK5
      Params:         0       0       0       0       0       0       0
      Locals:         0       0       0       0       0       0       0
      Temps:          0       0       0       0       0       0       0
      Totals:         0       0       0       0       0       0       0
Total ram usage:        0 bytes
 Hardware stack levels used:    1
 Hardware stack levels required when called:    7
 This function calls:
		_set_screen
 This function is called by:
		_splash_screen
 This function uses a non-reentrant model


 *************** function _snake_screen *****************
 Defined at:
		line 28 in file "snake.c"
 Parameters:    Size  Location     Type
		None
 Auto vars:     Size  Location     Type
		None
 Return value:  Size  Location     Type
                  1    wreg      void 
 Registers used:
		wreg, fsr0l, fsr0h, fsr2l, fsr2h, status,2, status,0, tblptrl, tblptrh, tblptru, cstack
 Tracked objects:
		On entry : 
		On exit  : 
		Unchanged: 
 Data sizes:     COMRAM   BANK0   BANK1   BANK2   BANK3   BANK4   BANK5
      Params:         0       0       0       0       0       0       0
      Locals:         0       0       0       0       0       0       0
      Temps:          0       0       0       0       0       0       0
      Totals:         0       0       0       0       0       0       0
Total ram usage:        0 bytes
 Hardware stack levels used:    1
 Hardware stack levels required when called:    5
 This function calls:
		_memcpyvol
 This function is called by:
		_splash_screen
 This function uses a non-reentrant model


 *************** function _rnd_initialize *****************
 Defined at:
		line 34 in file "randgen.c"
 Parameters:    Size  Location     Type
  input           1    wreg     unsigned char 
 Auto vars:     Size  Location     Type
  input           1   11[COMRAM] unsigned char 
 Return value:  Size  Location     Type
                  1    wreg      void 
 Registers used:
		wreg
 Tracked objects:
		On entry : 
		On exit  : 
		Unchanged: 
 Data sizes:     COMRAM   BANK0   BANK1   BANK2   BANK3   BANK4   BANK5
      Params:         0       0       0       0       0       0       0
      Locals:         1       0       0       0       0       0       0
      Temps:          0       0       0       0       0       0       0
      Totals:         1       0       0       0       0       0       0
Total ram usage:        1 bytes
 Hardware stack levels used:    1
 Hardware stack levels required when called:    4
 This function calls:
		Nothing
 This function is called by:
		_main
 This function uses a non-reentrant model


 *************** function _mainGameLoop *****************
 Defined at:
		line 129 in file "pictris.c"
 Parameters:    Size  Location     Type
		None
 Auto vars:     Size  Location     Type
		None
 Return value:  Size  Location     Type
                  1    wreg      void 
 Registers used:
		wreg, fsr0l, fsr0h, fsr1l, fsr1h, fsr2l, fsr2h, status,2, status,0, tblptrl, tblptrh, tblptru, prodl, prodh, cstack
 Tracked objects:
		On entry : 
		On exit  : 
		Unchanged: 
 Data sizes:     COMRAM   BANK0   BANK1   BANK2   BANK3   BANK4   BANK5
      Params:         0       0       0       0       0       0       0
      Locals:         0       0       0       0       0       0       0
      Temps:          0       0       0       0       0       0       0
      Totals:         0       0       0       0       0       0       0
Total ram usage:        0 bytes
 Hardware stack levels used:    1
 Hardware stack levels required when called:   10
 This function calls:
		_clearArray
		_initialise_globals
		_pauseMultiplexing
		_resumeMultiplexing
		_snake_main
		_tetris_main
 This function is called by:
		_main
 This function uses a non-reentrant model


 *************** function _tetris_main *****************
 Defined at:
		line 365 in file "tetris.c"
 Parameters:    Size  Location     Type
		None
 Auto vars:     Size  Location     Type
  newScreen       1   50[COMRAM] _Bool 
  LastHighScor    1   49[COMRAM] unsigned char 
 Return value:  Size  Location     Type
                  1    wreg      void 
 Registers used:
		wreg, fsr0l, fsr0h, fsr1l, fsr1h, fsr2l, fsr2h, status,2, status,0, tblptrl, tblptrh, tblptru, prodl, prodh, cstack
 Tracked objects:
		On entry : 
		On exit  : 
		Unchanged: 
 Data sizes:     COMRAM   BANK0   BANK1   BANK2   BANK3   BANK4   BANK5
      Params:         0       0       0       0       0       0       0
      Locals:         5       0       0       0       0       0       0
      Temps:          0       0       0       0       0       0       0
      Totals:         5       0       0       0       0       0       0
Total ram usage:        5 bytes
 Hardware stack levels used:    1
 Hardware stack levels required when called:    9
 This function calls:
		_checkForLines
		_initialise_tetris
		_mergeObjects
		_moveObjectDown
		_readHighScore
		_selectNextObject
		_set_screen
		_show_score
		_tetris_buttons
		_writeHighScore
 This function is called by:
		_mainGameLoop
 This function uses a non-reentrant model


 *************** function _tetris_buttons *****************
 Defined at:
		line 355 in file "tetris.c"
 Parameters:    Size  Location     Type
		None
 Auto vars:     Size  Location     Type
  returnbool      1   39[COMRAM] _Bool 
 Return value:  Size  Location     Type
                  1    wreg      _Bool 
 Registers used:
		wreg, fsr0l, fsr0h, fsr1l, fsr1h, fsr2l, fsr2h, status,2, status,0, tblptrl, tblptrh, tblptru, prodl, prodh, cstack
 Tracked objects:
		On entry : 
		On exit  : 
		Unchanged: 
 Data sizes:     COMRAM   BANK0   BANK1   BANK2   BANK3   BANK4   BANK5
      Params:         0       0       0       0       0       0       0
      Locals:         1       0       0       0       0       0       0
      Temps:          0       0       0       0       0       0       0
      Totals:         1       0       0       0       0       0       0
Total ram usage:        1 bytes
 Hardware stack levels used:    1
 Hardware stack levels required when called:    8
 This function calls:
		_checkDown
		_checkLeft
		_checkRight
		_checkUp
		_tetris_button_down
		_tetris_button_left
		_tetris_button_right
		_tetris_button_up
 This function is called by:
		_tetris_main
 This function uses a non-reentrant model


 *************** function _tetris_button_up *****************
 Defined at:
		line 305 in file "tetris.c"
 Parameters:    Size  Location     Type
		None
 Auto vars:     Size  Location     Type
		None
 Return value:  Size  Location     Type
                  1    wreg      _Bool 
 Registers used:
		wreg, fsr0l, fsr0h, fsr1l, fsr1h, fsr2l, fsr2h, status,2, status,0, tblptrl, tblptrh, tblptru, prodl, prodh, cstack
 Tracked objects:
		On entry : 
		On exit  : 
		Unchanged: 
 Data sizes:     COMRAM   BANK0   BANK1   BANK2   BANK3   BANK4   BANK5
      Params:         0       0       0       0       0       0       0
      Locals:         0       0       0       0       0       0       0
      Temps:          1       0       0       0       0       0       0
      Totals:         1       0       0       0       0       0       0
Total ram usage:        1 bytes
 Hardware stack levels used:    1
 Hardware stack levels required when called:    6
 This function calls:
		_collisionDetect
		_mergeObjects
		_newRotation
		_pauseMultiplexing
		_pixelCount
		_resumeMultiplexing
 This function is called by:
		_tetris_buttons
 This function uses a non-reentrant model


 *************** function _pixelCount *****************
 Defined at:
		line 166 in file "shared_logic.c"
 Parameters:    Size  Location     Type
  pSource         2   11[COMRAM] PTR volatile unsigned sh
		 -> tmpObjectData(16), ObjectData(16), 
 Auto vars:     Size  Location     Type
  y               1   22[COMRAM] unsigned char 
  x               1   21[COMRAM] unsigned char 
  r               1   20[COMRAM] unsigned char 
 Return value:  Size  Location     Type
                  1    wreg      unsigned char 
 Registers used:
		wreg, fsr2l, fsr2h, status,2, status,0, prodl, prodh
 Tracked objects:
		On entry : 
		On exit  : 
		Unchanged: 
 Data sizes:     COMRAM   BANK0   BANK1   BANK2   BANK3   BANK4   BANK5
      Params:         2       0       0       0       0       0       0
      Locals:         3       0       0       0       0       0       0
      Temps:          7       0       0       0       0       0       0
      Totals:        12       0       0       0       0       0       0
Total ram usage:       12 bytes
 Hardware stack levels used:    1
 Hardware stack levels required when called:    4
 This function calls:
		Nothing
 This function is called by:
		_tetris_button_up
 This function uses a non-reentrant model


 *************** function _newRotation *****************
 Defined at:
		line 153 in file "tetris.c"
 Parameters:    Size  Location     Type
  pSource         2   21[COMRAM] PTR volatile unsigned sh
		 -> ObjectData(16), 
  pTarget         2   23[COMRAM] PTR unsigned short 
		 -> tmpObjectData(16), 
[...]
		 -> BackgroundData(16), ObjectData(16), 
  pTarget         2   13[COMRAM] PTR volatile unsigned sh
		 -> ScreenData(16), show_score@Numberscreen(16), Screen_Data(16), tmpObjectData(16), 
		 -> BackgroundData(16), ObjectData(16), 
  mode            1   15[COMRAM] enum E2557
 Auto vars:     Size  Location     Type
  i               1   22[COMRAM] unsigned char 
 Return value:  Size  Location     Type
                  1    wreg      void 
 Registers used:
		wreg, fsr1l, fsr1h, fsr2l, fsr2h, status,2, status,0, prodl, prodh
 Tracked objects:
		On entry : 
		On exit  : 
		Unchanged: 
 Data sizes:     COMRAM   BANK0   BANK1   BANK2   BANK3   BANK4   BANK5
      Params:         5       0       0       0       0       0       0
      Locals:         1       0       0       0       0       0       0
      Temps:          6       0       0       0       0       0       0
      Totals:        12       0       0       0       0       0       0
Total ram usage:       12 bytes
 Hardware stack levels used:    1
 Hardware stack levels required when called:    4
 This function calls:
		Nothing
 This function is called by:
		_moveObjectDown
		_tetris_button_left
		_tetris_button_right
		_tetris_button_up
		_tetris_main
		_show_score
		_choosescreen
 This function uses a non-reentrant model


 *************** function _checkUp *****************
 Defined at:
		line 71 in file "buttons.c"
 Parameters:    Size  Location     Type
  reset           1    wreg     _Bool 
 Auto vars:     Size  Location     Type
  reset           1   11[COMRAM] _Bool 
 Return value:  Size  Location     Type
                  1    wreg      _Bool 
 Registers used:
		wreg, status,2
 Tracked objects:
		On entry : 
		On exit  : 
		Unchanged: 
 Data sizes:     COMRAM   BANK0   BANK1   BANK2   BANK3   BANK4   BANK5
      Params:         0       0       0       0       0       0       0
      Locals:         1       0       0       0       0       0       0
      Temps:          0       0       0       0       0       0       0
      Totals:         1       0       0       0       0       0       0
Total ram usage:        1 bytes
 Hardware stack levels used:    1
 Hardware stack levels required when called:    4
 This function calls:
		Nothing
 This function is called by:
		_tetris_buttons
		_choosescreen
 This function uses a non-reentrant model


 *************** function _checkDown *****************
 Defined at:
		line 80 in file "buttons.c"
 Parameters:    Size  Location     Type
  reset           1    wreg     _Bool 
 Auto vars:     Size  Location     Type
  reset           1   11[COMRAM] _Bool 
 Return value:  Size  Location     Type
                  1    wreg      _Bool 
 Registers used:
		wreg, status,2
 Tracked objects:
		On entry : 
		On exit  : 
		Unchanged: 
 Data sizes:     COMRAM   BANK0   BANK1   BANK2   BANK3   BANK4   BANK5
      Params:         0       0       0       0       0       0       0
      Locals:         1       0       0       0       0       0       0
      Temps:          0       0       0       0       0       0       0
      Totals:         1       0       0       0       0       0       0
Total ram usage:        1 bytes
 Hardware stack levels used:    1
 Hardware stack levels required when called:    4
 This function calls:
		Nothing
 This function is called by:
		_tetris_buttons
		_show_score
		_choosescreen
 This function uses a non-reentrant model


 *************** function _isr *****************
 Defined at:
		line 66 in file "pictris.c"
 Parameters:    Size  Location     Type
		None
 Auto vars:     Size  Location     Type
		None
 Return value:  Size  Location     Type
                  1    wreg      void 
 Registers used:
		wreg, fsr2l, fsr2h, status,2, status,0, prodl, prodh, cstack
 Tracked objects:
		On entry : 
		On exit  : 
		Unchanged: 
 Data sizes:     COMRAM   BANK0   BANK1   BANK2   BANK3   BANK4   BANK5
      Params:         0       0       0       0       0       0       0
      Locals:         0       0       0       0       0       0       0
      Temps:          4       0       0       0       0       0       0
      Totals:         4       0       0       0       0       0       0
Total ram usage:        4 bytes
 Hardware stack levels used:    1
 Hardware stack levels required when called:    3
 This function calls:
		_Interrupt
 This function is called by:
		Interrupt level 2
 This function uses a non-reentrant model


 *************** function _Interrupt *****************
 Defined at:
		line 27 in file "interrupt.c"
 Parameters:    Size  Location     Type
		None
 Auto vars:     Size  Location     Type
		None
 Return value:  Size  Location     Type
                  1    wreg      void 
 Registers used:
		wreg, fsr2l, fsr2h, status,2, status,0, prodl, prodh, cstack
 Tracked objects:
		On entry : 
		On exit  : 
		Unchanged: 
 Data sizes:     COMRAM   BANK0   BANK1   BANK2   BANK3   BANK4   BANK5
      Params:         0       0       0       0       0       0       0
      Locals:         0       0       0       0       0       0       0
      Temps:          0       0       0       0       0       0       0
      Totals:         0       0       0       0       0       0       0
Total ram usage:        0 bytes
 Hardware stack levels used:    1
 Hardware stack levels required when called:    2
 This function calls:
		___lwmod
		_add_mS
		_checkButtons
		_screen_update
		_snake_timer
		_tetris_timer
		i2_get_mS
		i2_set_mS
 This function is called by:
		_isr
 This function uses a non-reentrant model


 *************** function i2_set_mS *****************
 Defined at:
		line 15 in file "shared_logic.c"
 Parameters:    Size  Location     Type
  amount          2    0[COMRAM] unsigned short 
 Auto vars:     Size  Location     Type
		None
 Return value:  Size  Location     Type
                  1    wreg      void 
 Registers used:
		None
 Tracked objects:
		On entry : 
		On exit  : 
		Unchanged: 
 Data sizes:     COMRAM   BANK0   BANK1   BANK2   BANK3   BANK4   BANK5
      Params:         2       0       0       0       0       0       0
      Locals:         0       0       0       0       0       0       0
      Temps:          0       0       0       0       0       0       0
      Totals:         2       0       0       0       0       0       0
Total ram usage:        2 bytes
 Hardware stack levels used:    1
 This function calls:
		Nothing
 This function is called by:
		_Interrupt
 This function uses a non-reentrant model


 *************** function i2_get_mS *****************
 Defined at:
		line 23 in file "shared_logic.c"
 Parameters:    Size  Location     Type
		None
 Auto vars:     Size  Location     Type
		None
 Return value:  Size  Location     Type
                  2    0[COMRAM] unsigned short 
 Registers used:
		None
 Tracked objects:
		On entry : 
		On exit  : 
		Unchanged: 
 Data sizes:     COMRAM   BANK0   BANK1   BANK2   BANK3   BANK4   BANK5
      Params:         2       0       0       0       0       0       0
      Locals:         0       0       0       0       0       0       0
      Temps:          0       0       0       0       0       0       0
      Totals:         2       0       0       0       0       0       0
Total ram usage:        2 bytes
 Hardware stack levels used:    1
 This function calls:
		Nothing
 This function is called by:
		_Interrupt
 This function uses a non-reentrant model


 *************** function _tetris_timer *****************
 Defined at:
		line 336 in file "tetris.c"
 Parameters:    Size  Location     Type
		None
 Auto vars:     Size  Location     Type
		None
 Return value:  Size  Location     Type
                  1    wreg      _Bool 
 Registers used:
		wreg, status,2
 Tracked objects:
		On entry : 
		On exit  : 
		Unchanged: 
 Data sizes:     COMRAM   BANK0   BANK1   BANK2   BANK3   BANK4   BANK5
      Params:         0       0       0       0       0       0       0
      Locals:         0       0       0       0       0       0       0
      Temps:          0       0       0       0       0       0       0
      Totals:         0       0       0       0       0       0       0
Total ram usage:        0 bytes
 Hardware stack levels used:    1
 This function calls:
		Nothing
 This function is called by:
		_Interrupt
 This function uses a non-reentrant model


 *************** function _snake_timer *****************
 Defined at:
		line 153 in file "snake.c"
 Parameters:    Size  Location     Type
		None
 Auto vars:     Size  Location     Type
		None
 Return value:  Size  Location     Type
                  1    wreg      _Bool 
 Registers used:
		wreg, status,2
 Tracked objects:
		On entry : 
		On exit  : 
		Unchanged: 
 Data sizes:     COMRAM   BANK0   BANK1   BANK2   BANK3   BANK4   BANK5
      Params:         0       0       0       0       0       0       0
      Locals:         0       0       0       0       0       0       0
      Temps:          0       0       0       0       0       0       0
      Totals:         0       0       0       0       0       0       0
Total ram usage:        0 bytes
 Hardware stack levels used:    1
 This function calls:
		Nothing
 This function is called by:
		_Interrupt
 This function uses a non-reentrant model


 *************** function _screen_update *****************
 Defined at:
		line 87 in file "screen.c"
 Parameters:    Size  Location     Type
		None
 Auto vars:     Size  Location     Type
  ymask           2    2[COMRAM] unsigned short 
  xmask           1    4[COMRAM] unsigned char 
 Return value:  Size  Location     Type
                  1    wreg      void 
 Registers used:
		wreg, fsr2l, fsr2h, status,2, status,0, prodl, prodh
 Tracked objects:
		On entry : 
		On exit  : 
		Unchanged: 
 Data sizes:     COMRAM   BANK0   BANK1   BANK2   BANK3   BANK4   BANK5
      Params:         0       0       0       0       0       0       0
      Locals:         3       0       0       0       0       0       0
      Temps:          2       0       0       0       0       0       0
      Totals:         5       0       0       0       0       0       0
Total ram usage:        5 bytes
 Hardware stack levels used:    1
 This function calls:
		Nothing
 This function is called by:
		_Interrupt
 This function uses a non-reentrant model


 *************** function _checkButtons *****************
 Defined at:
		line 108 in file "buttons.c"
 Parameters:    Size  Location     Type
		None
 Auto vars:     Size  Location     Type
		None
 Return value:  Size  Location     Type
                  1    wreg      void 
 Registers used:
		wreg, fsr2l, fsr2h, status,2, status,0, cstack
 Tracked objects:
		On entry : 
		On exit  : 
		Unchanged: 
 Data sizes:     COMRAM   BANK0   BANK1   BANK2   BANK3   BANK4   BANK5
      Params:         0       0       0       0       0       0       0
      Locals:         0       0       0       0       0       0       0
      Temps:          0       0       0       0       0       0       0
      Totals:         0       0       0       0       0       0       0
Total ram usage:        0 bytes
 Hardware stack levels used:    1
 Hardware stack levels required when called:    1
 This function calls:
		_debounceButton
 This function is called by:
		_Interrupt
 This function uses a non-reentrant model


 *************** function _debounceButton *****************
 Defined at:
		line 91 in file "buttons.c"
 Parameters:    Size  Location     Type
  button          1    wreg     volatile _Bool 
  delay           2    0[COMRAM] PTR volatile short 
		 -> Down_Delay(2), Rotate_Delay(2), Right_Delay(2), Left_Delay(2), 
  debounced       2    2[COMRAM] PTR volatile _Bool 
		 -> Down_Debounced(1), Rotate_Debounced(1), Right_Debounced(1), Left_Debounced(1), 
 Auto vars:     Size  Location     Type
  button          1    6[COMRAM] volatile _Bool 
 Return value:  Size  Location     Type
                  1    wreg      void 
 Registers used:
		wreg, fsr2l, fsr2h, status,2, status,0
 Tracked objects:
		On entry : 
		On exit  : 
		Unchanged: 
 Data sizes:     COMRAM   BANK0   BANK1   BANK2   BANK3   BANK4   BANK5
      Params:         4       0       0       0       0       0       0
      Locals:         1       0       0       0       0       0       0
      Temps:          2       0       0       0       0       0       0
      Totals:         7       0       0       0       0       0       0
Total ram usage:        7 bytes
 Hardware stack levels used:    1
 This function calls:
		Nothing
 This function is called by:
		_checkButtons
 This function uses a non-reentrant model


 *************** function _add_mS *****************
 Defined at:
		line 19 in file "shared_logic.c"
 Parameters:    Size  Location     Type
  amount          2    0[COMRAM] unsigned short 
 Auto vars:     Size  Location     Type
		None
 Return value:  Size  Location     Type
                  1    wreg      void 
 Registers used:
		wreg, status,2, status,0
 Tracked objects:
		On entry : 
		On exit  : 
		Unchanged: 
 Data sizes:     COMRAM   BANK0   BANK1   BANK2   BANK3   BANK4   BANK5
      Params:         2       0       0       0       0       0       0
      Locals:         0       0       0       0       0       0       0
      Temps:          0       0       0       0       0       0       0
      Totals:         2       0       0       0       0       0       0
Total ram usage:        2 bytes
 Hardware stack levels used:    1
 This function calls:
		Nothing
 This function is called by:
		_Interrupt
 This function uses a non-reentrant model


 *************** function ___lwmod *****************
 Defined at:
		line 7 in file "C:\Program Files (x86)\Microchip\xc8\v2.05\pic\sources\c99\common\lwmod.c"
 Parameters:    Size  Location     Type
  dividend        2    2[COMRAM] unsigned int 
  divisor         2    4[COMRAM] unsigned int 
 Auto vars:     Size  Location     Type
  counter         1    6[COMRAM] unsigned char 
 Return value:  Size  Location     Type
                  2    2[COMRAM] unsigned int 
 Registers used:
		wreg, status,2, status,0
 Tracked objects:
		On entry : 
		On exit  : 
		Unchanged: 
 Data sizes:     COMRAM   BANK0   BANK1   BANK2   BANK3   BANK4   BANK5
      Params:         4       0       0       0       0       0       0
      Locals:         1       0       0       0       0       0       0
      Temps:          0       0       0       0       0       0       0
      Totals:         5       0       0       0       0       0       0
Total ram usage:        5 bytes
 Hardware stack levels used:    1
 This function calls:
		Nothing
 This function is called by:
		_Interrupt
 This function uses a non-reentrant model



MODULE INFORMATION

Module		Function		Class		Link	Load	Size
C:\Program Files (x86)\Microchip\xc8\v2.05\pic\sources\c99\common\lwmod.c
		___lwmod       		CODE           	1E82	0000	67

C:\Program Files (x86)\Microchip\xc8\v2.05\pic\sources\c99\common\lwmod.c estimated size: 67

C:\Program Files (x86)\Microchip\xc8\v2.05\pic\sources\c99\common\awmod.c
		___awmod       		CODE           	1A96	0000	113

C:\Program Files (x86)\Microchip\xc8\v2.05\pic\sources\c99\common\awmod.c estimated size: 113

pictris.c
		_initialise_TMR0		CODE           	2250	0000	31
		_main          		CODE           	20D2	0000	41
		_initialise_globals		CODE           	1FE8	0000	55
		_isr           		CODE           	0008	0000	63
		_splash_screen 		CODE           	22FA	0000	19
		_initialise_hardware		CODE           	1F00	0000	61
		_mainGameLoop  		CODE           	1DF2	0000	79

pictris.c estimated size: 349

tetris.c
		_tetris_button_down		CODE           	22BA	0000	23
		_initialise_tetris		CODE           	2210	0000	35
		_checkForLines 		CODE           	1824	0000	131
		_tetris_main   		CODE           	1330	0000	225
		_tetris_timer  		CODE           	234A	0000	15
		_newRotation   		CODE           	0CCA	0000	305
		_checkForBottom		CODE           	1F78	0000	57
		_tetris_screen 		CODE           	233C	0000	15
		_tetris_button_up		CODE           	1586	0000	137
		_tetris_buttons		CODE           	1CA0	0000	89
		_selectNextObject		CODE           	0DFA	0000	289
		_moveObject    		CODE           	06F2	0000	415
		_tetris_button_right		CODE           	171C	0000	133
		_moveObjectDown		CODE           	1410	0000	215
		_tetris_button_left		CODE           	160E	0000	137

tetris.c estimated size: 2221

shared_logic.c
		_add_mS        		CODE           	2366	0000	15
		_removeLine    		CODE           	0F1A	0000	269
		_getNumber     		CODE           	214A	0000	41
		_checkForLeftWall		CODE           	228A	0000	25
		_mergeObjects  		CODE           	1026	0000	265
		_checkForRightWall		CODE           	226E	0000	29
		_pixelCount    		CODE           	1B72	0000	107
		_memcpy        		CODE           	1E40	0000	67
		_clearArray    		CODE           	1F3C	0000	61
		_show_score    		CODE           	0B78	0000	339
		_swap          		CODE           	204E	0000	47
		_memcpyvol     		CODE           	1CF8	0000	87
		_readHighScore 		CODE           	2172	0000	41
		_get_mS        		CODE           	2394	0000	11
		_itoa          		CODE           	112E	0000	263
		_reverse       		CODE           	1D4E	0000	83
		_collisionDetect		CODE           	1BDC	0000	101
		_set_mS        		CODE           	238A	0000	11
		_writeHighScore		CODE           	22D0	0000	23

shared_logic.c estimated size: 1885

screen.c
		_initialise_screen		CODE           	23BE	0000	7
		_choosescreen  		CODE           	1234	0000	253
		_resumeMultiplexing		CODE           	23C4	0000	7
		_screen_update 		CODE           	1DA0	0000	83
		_pauseMultiplexing		CODE           	232C	0000	17
		_set_screen    		CODE           	14E6	0000	161

screen.c estimated size: 528

snake.c
		_CreateBerry   		CODE           	1C40	0000	97
		_snake_main    		CODE           	1EC4	0000	61
		_snake_screen  		CODE           	2232	0000	31
		_genBerry      		CODE           	22A2	0000	25
		_MoveSnakes    		CODE           	0890	0000	395
		_snake_timer   		CODE           	2358	0000	15
		_SnakeGraph    		CODE           	0A1A	0000	351

snake.c estimated size: 975

buttons.c
		_checkRight    		CODE           	20FA	0000	41
		_checkLeft     		CODE           	2122	0000	41
		_checkDown     		CODE           	21C2	0000	41
		_debounceButton		CODE           	1B06	0000	109
		_resumeButtons 		CODE           	23B2	0000	7
		_start_button  		CODE           	207C	0000	45
		_checkButtons  		CODE           	1928	0000	129
		_pauseButtons  		CODE           	23B8	0000	7
		_checkUp       		CODE           	219A	0000	41

buttons.c estimated size: 461

C:\Program Files (x86)\Microchip\xc8\v2.05\pic\sources\c99\common\awdiv.c
		___awdiv       		CODE           	17A0	0000	133

C:\Program Files (x86)\Microchip\xc8\v2.05\pic\sources\c99\common\awdiv.c estimated size: 133

C:\Program Files (x86)\Microchip\xc8\v2.05\pic\sources\c99\common\lbmod.c
		___lbmod       		CODE           	20A8	0000	43

C:\Program Files (x86)\Microchip\xc8\v2.05\pic\sources\c99\common\lbmod.c estimated size: 43

EEPROM.c
		_WriteEEByte   		CODE           	201E	0000	49
		_ReadEEByte    		CODE           	231C	0000	17

EEPROM.c estimated size: 66

randgen.c
		_rnd_get_num   		CODE           	1A22	0000	117
		_rnd_initialize		CODE           	2380	0000	11

randgen.c estimated size: 128

interrupt.c
		_Interrupt     		CODE           	18A6	0000	131
		_waitms        		CODE           	22E6	0000	21
		_waitForInterrupt		CODE           	2374	0000	13

interrupt.c estimated size: 165

shared
		_Number        		SMALLCONST     	0621	0000	161
		_TETRIS        		SMALLCONST     	06E1	0000	17
		i2_get_mS      		CODE           	23A8	0000	11
		__initialization		CODE           	19A8	0000	109
		_SnakeYtext    		SMALLCONST     	0601	0000	33
		_choose_screen 		SMALLCONST     	06C1	0000	17
		_SNAKE         		SMALLCONST     	06D1	0000	17
		i2_set_mS      		CODE           	239E	0000	11

shared estimated size: 376

C:\Program Files (x86)\Microchip\xc8\v2.05\pic\sources\c99\common\Umul16.c
		___wmul        		CODE           	21EA	0000	39

C:\Program Files (x86)\Microchip\xc8\v2.05\pic\sources\c99\common\Umul16.c estimated size: 39

